<html>
<body>
<pre>
<h1>µVision Build Log</h1>
<h2>Tool Versions:</h2>
IDE-Version: ¶ÃVision V5.25.3.0
Copyright (C) 2018 ARM Ltd and ARM Germany GmbH. All rights reserved.
License Information: 1 rrrt, 1, LIC=14HV2-9E1PM-MMR9I-TR3BS-9PM1F-M6ZIV
 
Tool Versions:
Toolchain:       MDK-ARM Plus  Version: 5.39.0.0
Toolchain Path:  D:\Keil_v5\ARM\ARMCC\Bin
C Compiler:      Armcc.exe V5.06 update 7 (build 960)
Assembler:       Armasm.exe V5.06 update 7 (build 960)
Linker/Locator:  ArmLink.exe V5.06 update 7 (build 960)
Library Manager: ArmAr.exe V5.06 update 7 (build 960)
Hex Converter:   FromElf.exe V5.06 update 7 (build 960)
CPU DLL:         SARMCM3.DLL V5.39.0.0
Dialog DLL:      DCM.DLL V1.17.5.0
Target DLL:      STLink\ST-LINKIII-KEIL_SWO.dll V3.2.0.0
Dialog DLL:      TCM.DLL V1.56.4.0
 
<h2>Project:</h2>
D:\ª§’’πÒ\GD32\GD32_Projects\LiSanBigRotate V1.1(gd32Œ¥ÕÍ≥…£©\MCUTemplate\USER\Template.uvprojx
Project File Date:  06/15/2026

<h2>Output:</h2>
*** Using Compiler 'V5.06 update 7 (build 960)', folder: 'D:\Keil_v5\ARM\ARMCC\Bin'
Rebuild target 'Template'
assembling startup_gd32f407.s...
compiling system_gd32f4xx.c...
compiling gd32f4xx_crc.c...
compiling gd32f4xx_dbg.c...
compiling gd32f4xx_dma.c...
compiling gd32f4xx_ctc.c...
compiling main.c...
compiling gd32f4xx_dci.c...
compiling gd32f4xx_dac.c...
compiling gd32f4xx_it.c...
compiling gd32f4xx_can.c...
compiling gd32f4xx_adc.c...
compiling gd32f4xx_enet.c...
compiling gd32f4xx_exmc.c...
compiling gd32f4xx_fwdgt.c...
compiling gd32f4xx_gpio.c...
compiling gd32f4xx_exti.c...
compiling gd32f4xx_fmc.c...
compiling gd32f4xx_iref.c...
compiling gd32f4xx_i2c.c...
compiling gd32f4xx_misc.c...
compiling gd32f4xx_ipa.c...
compiling gd32f4xx_pmu.c...
compiling gd32f4xx_rcu.c...
compiling gd32f4xx_rtc.c...
compiling gd32f4xx_sdio.c...
compiling gd32f4xx_syscfg.c...
compiling gd32f4xx_spi.c...
compiling gd32f4xx_trng.c...
compiling gd32f4xx_wwdgt.c...
compiling gd32f4xx_tli.c...
compiling gd32f4xx_usart.c...
compiling delay.c...
compiling sys.c...
compiling gd32f4xx_timer.c...
compiling timer.c...
compiling usart.c...
compiling gpio.c...
compiling exti.c...
..\USER\common.h(8): warning:  #47-D: incompatible redefinition of macro "XINRAW_EXPAND"  (declared at line 6 of "..\HARDWARE\GPIO\gpio.h")
  #define XINRAW_EXPAND(p,n) XINRAW(p,n) 
..\USER\common.h(10): warning:  #47-D: incompatible redefinition of macro "INIT_PORT_IN_FLOAT"  (declared at line 9 of "..\HARDWARE\GPIO\gpio.h")
  #define INIT_PORT_IN_FLOAT(p,n)  {\
..\USER\common.h(20): warning:  #47-D: incompatible redefinition of macro "INIT_PORT_IN_FLOAT_EXPAND"  (declared at line 15 of "..\HARDWARE\GPIO\gpio.h")
  #define INIT_PORT_IN_FLOAT_EXPAND(p,n) INIT_PORT_IN_FLOAT(p,n)
..\USER\common.h(25): warning:  #47-D: incompatible redefinition of macro "XIN"  (declared at line 20 of "..\HARDWARE\GPIO\gpio.h")
  #define XIN(n)  XINRAW_EXPAND(GET_X_PORT(n),GET_X_PIN(n))
..\USER\common.h(26): warning:  #47-D: incompatible redefinition of macro "INITX"  (declared at line 21 of "..\HARDWARE\GPIO\gpio.h")
  #define INITX(n)    INIT_PORT_IN_FLOAT_EXPAND(GET_X_PORT(n),GET_X_PIN(n))
..\HARDWARE\EXTI\exti.c(85): warning:  #188-D: enumerated type mixed with another type
          exti_init(exti_lines[line], EXTI_INTERRUPT, EXTI_TRIG_RISING);
..\HARDWARE\EXTI\exti.c(86): warning:  #188-D: enumerated type mixed with another type
          exti_interrupt_flag_clear(exti_lines[line]);
..\HARDWARE\EXTI\exti.c(90): warning:  #188-D: enumerated type mixed with another type
          exti_interrupt_flag_clear(exti_lines[line]); 
..\HARDWARE\EXTI\exti.c(115): warning:  #223-D: function "BLL_ToCase_EXTIHandler" declared implicitly
          BLL_ToCase_EXTIHandler();
..\HARDWARE\EXTI\exti.c(168): warning:  #1-D: last line of file ends without a newline
  }
..\HARDWARE\EXTI\exti.c: 10 warnings, 0 errors
compiling iwdg.c...
compiling ji2c.c...
..\HARDWARE\ji2c.c(197): warning:  #188-D: enumerated type mixed with another type
          i2c_interrupt_disable(I2C1, I2C_INT_BUF | I2C_INT_EV);
..\HARDWARE\ji2c.c(204): warning:  #1-D: last line of file ends without a newline
  }
..\HARDWARE\ji2c.c: 2 warnings, 0 errors
compiling modbus_save_data.c...
..\MODBUS\modbus_save_data.c(4): warning:  #1215-D: #warning directive: packed GNU style
  #warning packed GNU style
..\MODBUS\modbus_save_data.c: 1 warning, 0 errors
compiling bll_adapter.c...
compiling modbus_master.c...
compiling modbus_slave.c...
..\MODBUS\modbus_slave.c(186): warning:  #177-D: label "errorsend"  was declared but never referenced
  errorsend:
..\MODBUS\modbus_slave.c: 1 warning, 0 errors
compiling bll_main.c...
..\HARDWARE\GPIO\gpio.h(6): warning:  #47-D: incompatible redefinition of macro "XINRAW_EXPAND"  (declared at line 8 of "..\USER\common.h")
  #define XINRAW_EXPAND(p, n) XINRAW(p, n)
..\HARDWARE\GPIO\gpio.h(9): warning:  #47-D: incompatible redefinition of macro "INIT_PORT_IN_FLOAT"  (declared at line 10 of "..\USER\common.h")
  #define INIT_PORT_IN_FLOAT(p, n)                                \
..\HARDWARE\GPIO\gpio.h(15): warning:  #47-D: incompatible redefinition of macro "INIT_PORT_IN_FLOAT_EXPAND"  (declared at line 20 of "..\USER\common.h")
  #define INIT_PORT_IN_FLOAT_EXPAND(p, n) INIT_PORT_IN_FLOAT(p, n)
..\HARDWARE\GPIO\gpio.h(20): warning:  #47-D: incompatible redefinition of macro "XIN"  (declared at line 25 of "..\USER\common.h")
  #define XIN(n) XINRAW_EXPAND(GET_X_PORT(n), GET_X_PIN(n))
..\HARDWARE\GPIO\gpio.h(21): warning:  #47-D: incompatible redefinition of macro "INITX"  (declared at line 26 of "..\USER\common.h")
  #define INITX(n) INIT_PORT_IN_FLOAT_EXPAND(GET_X_PORT(n), GET_X_PIN(n))
..\BLL\bll_main.c(21): warning:  #223-D: function "EEPROM_Init" declared implicitly
  	EEPROM_Init();
..\BLL\bll_main.c: 6 warnings, 0 errors
compiling bll_backzero.c...
..\BLL\bll_backzero.c(51): warning:  #68-D: integer conversion resulted in a change of sign
  		swtich_count = -1;
..\BLL\bll_backzero.c: 1 warning, 0 errors
compiling bll_eeprom.c...
..\BLL\bll_eeprom.c(73): warning:  #188-D: enumerated type mixed with another type
  		return err;
..\BLL\bll_eeprom.c(76): warning:  #188-D: enumerated type mixed with another type
  	return err;
..\BLL\bll_eeprom.c(83): warning:  #188-D: enumerated type mixed with another type
  		return err;
..\BLL\bll_eeprom.c(86): warning:  #188-D: enumerated type mixed with another type
  	return err;
..\BLL\bll_eeprom.c(100): warning:  #188-D: enumerated type mixed with another type
  		return err;
..\BLL\bll_eeprom.c(107): warning:  #188-D: enumerated type mixed with another type
  	return err;
..\BLL\bll_eeprom.c(142): warning:  #940-D: missing return statement at end of non-void function "BLL_EEPROM_Execute" 
  }
..\BLL\bll_eeprom.c: 7 warnings, 0 errors
compiling bll_motor.c...
compiling bll_tocase.c...
..\HARDWARE\GPIO\gpio.h(6): warning:  #47-D: incompatible redefinition of macro "XINRAW_EXPAND"  (declared at line 8 of "..\USER\common.h")
  #define XINRAW_EXPAND(p, n) XINRAW(p, n)
..\HARDWARE\GPIO\gpio.h(9): warning:  #47-D: incompatible redefinition of macro "INIT_PORT_IN_FLOAT"  (declared at line 10 of "..\USER\common.h")
  #define INIT_PORT_IN_FLOAT(p, n)                                \
..\HARDWARE\GPIO\gpio.h(15): warning:  #47-D: incompatible redefinition of macro "INIT_PORT_IN_FLOAT_EXPAND"  (declared at line 20 of "..\USER\common.h")
  #define INIT_PORT_IN_FLOAT_EXPAND(p, n) INIT_PORT_IN_FLOAT(p, n)
..\HARDWARE\GPIO\gpio.h(20): warning:  #47-D: incompatible redefinition of macro "XIN"  (declared at line 25 of "..\USER\common.h")
  #define XIN(n) XINRAW_EXPAND(GET_X_PORT(n), GET_X_PIN(n))
..\HARDWARE\GPIO\gpio.h(21): warning:  #47-D: incompatible redefinition of macro "INITX"  (declared at line 26 of "..\USER\common.h")
  #define INITX(n) INIT_PORT_IN_FLOAT_EXPAND(GET_X_PORT(n), GET_X_PIN(n))
..\BLL\bll_tocase.c(122): warning:  #177-D: variable "fix_dir"  was declared but never referenced
  		s8 fix_dir = 1;
..\BLL\bll_tocase.c(174): warning:  #177-D: label "FIX_GO"  was declared but never referenced
  FIX_GO:
..\BLL\bll_tocase.c(23): warning:  #177-D: variable "ELECTRIAL_LEVEL"  was declared but never referenced
  static const BitAction ELECTRIAL_LEVEL = Bit_SET;
..\BLL\bll_tocase.c: 8 warnings, 0 errors
linking...
Program Size: Code=13992 RO-data=1012 RW-data=188 ZI-data=3468  
FromELF: creating hex file...
"..\OBJ\Template.axf" - 0 Error(s), 36 Warning(s).

<h2>Software Packages used:</h2>

Package Vendor: GigaDevice
                https://gd32mcu.com/data/documents/pack/GigaDevice.GD32F4xx_DFP.3.0.3.pack
                GigaDevice.GD32F4xx_DFP.3.0.3
                GigaDevice GD32F4xx Series Device Support and Examples

<h2>Collection of Component include folders:</h2>
  .\RTE\_Template
  D:\Users\rrrt\AppData\Local\Arm\Packs\GigaDevice\GD32F4xx_DFP\3.0.3\Device\F4XX\Include

<h2>Collection of Component Files used:</h2>
Build Time Elapsed:  00:00:03
</pre>
</body>
</html>
