*** Using Compiler 'V5.06 update 5 (build 528)', folder: 'D:\MDK_CORE\ARM\ARMCC\Bin'
Rebuild target 'Template'
assembling startup_gd32f407.s...
compiling system_gd32f4xx.c...
compiling gd32f4xx_exti.c...
compiling gd32f4xx_dma.c...
compiling main.c...
compiling gd32f4xx_fmc.c...
compiling gd32f4xx_it.c...
compiling gd32f4xx_gpio.c...
compiling gd32f4xx_usart.c...
compiling gd32f4xx_syscfg.c...
compiling gd32f4xx_misc.c...
compiling gd32f4xx_rcu.c...
compiling gd32f4xx_fwdgt.c...
compiling gd32f4xx_i2c.c...
compiling gd32f4xx_timer.c...
compiling gd32f4xx_pmu.c...
compiling delay.c...
compiling sys.c...
compiling timer.c...
compiling usart.c...
compiling gpio.c...
compiling led.c...
compiling iwdg.c...
compiling exti.c...
..\USER\common.h(8): warning:  #47-D: incompatible redefinition of macro "XINRAW_EXPAND"  (declared at line 6 of "..\HARDWARE\GPIO\gpio.h")
  #define XINRAW_EXPAND(p,n) XINRAW(p,n) 
..\USER\common.h(10): warning:  #47-D: incompatible redefinition of macro "INIT_PORT_IN_FLOAT"  (declared at line 9 of "..\HARDWARE\GPIO\gpio.h")
  #define INIT_PORT_IN_FLOAT(p,n)  {\
..\USER\common.h(15): warning:  #47-D: incompatible redefinition of macro "INIT_PORT_IN_FLOAT_EXPAND"  (declared at line 15 of "..\HARDWARE\GPIO\gpio.h")
  #define INIT_PORT_IN_FLOAT_EXPAND(p,n) INIT_PORT_IN_FLOAT(p,n)
..\USER\common.h(20): warning:  #47-D: incompatible redefinition of macro "XIN"  (declared at line 20 of "..\HARDWARE\GPIO\gpio.h")
  #define XIN(n)  XINRAW_EXPAND(GET_X_PORT(n),GET_X_PIN(n))
..\USER\common.h(21): warning:  #47-D: incompatible redefinition of macro "INITX"  (declared at line 21 of "..\HARDWARE\GPIO\gpio.h")
  #define INITX(n)    INIT_PORT_IN_FLOAT_EXPAND(GET_X_PORT(n),GET_X_PIN(n))
..\HARDWARE\EXTI\exti.c(83): warning:  #188-D: enumerated type mixed with another type
          exti_init(exti_lines[line], EXTI_INTERRUPT, EXTI_TRIG_RISING);
..\HARDWARE\EXTI\exti.c(84): warning:  #188-D: enumerated type mixed with another type
          exti_interrupt_flag_clear(exti_lines[line]);
..\HARDWARE\EXTI\exti.c(86): warning:  #188-D: enumerated type mixed with another type
          exti_interrupt_flag_clear(exti_lines[line]);
..\HARDWARE\EXTI\exti.c(108): warning:  #223-D: function "BLL_ToCase_EXTIHandler" declared implicitly
          BLL_ToCase_EXTIHandler();
..\HARDWARE\EXTI\exti.c: 9 warnings, 0 errors
compiling key.c...
compiling modbus_save_data.c...
..\MODBUS\modbus_save_data.c(4): warning:  #1215-D: #warning directive: packed GNU style
  #warning packed GNU style
..\MODBUS\modbus_save_data.c: 1 warning, 0 errors
compiling ji2c.c...
..\HARDWARE\ji2c.c(181): warning:  #188-D: enumerated type mixed with another type
          i2c_interrupt_disable(
..\HARDWARE\ji2c.c: 1 warning, 0 errors
compiling bll_adapter.c...
compiling modbus_slave.c...
..\MODBUS\modbus_slave.c(187): warning:  #177-D: label "errorsend"  was declared but never referenced
  errorsend:
..\HARDWARE\GPIO\gpio.h(6): warning:  #47-D: incompatible redefinition of macro "XINRAW_EXPAND"  (declared at line 8 of "..\USER\common.h")
  #define XINRAW_EXPAND(p, n) XINRAW(p, n)
..\HARDWARE\GPIO\gpio.h(9): warning:  #47-D: incompatible redefinition of macro "INIT_PORT_IN_FLOAT"  (declared at line 10 of "..\USER\common.h")
  #define INIT_PORT_IN_FLOAT(p, n)                                \
..\HARDWARE\GPIO\gpio.h(15): warning:  #47-D: incompatible redefinition of macro "INIT_PORT_IN_FLOAT_EXPAND"  (declared at line 15 of "..\USER\common.h")
  #define INIT_PORT_IN_FLOAT_EXPAND(p, n) INIT_PORT_IN_FLOAT(p, n)
..\HARDWARE\GPIO\gpio.h(20): warning:  #47-D: incompatible redefinition of macro "XIN"  (declared at line 20 of "..\USER\common.h")
  #define XIN(n) XINRAW_EXPAND(GET_X_PORT(n), GET_X_PIN(n))
..\HARDWARE\GPIO\gpio.h(21): warning:  #47-D: incompatible redefinition of macro "INITX"  (declared at line 21 of "..\USER\common.h")
  #define INITX(n) INIT_PORT_IN_FLOAT_EXPAND(GET_X_PORT(n), GET_X_PIN(n))
..\MODBUS\modbus_slave.c: 6 warnings, 0 errors
compiling bll_main.c...
..\HARDWARE\GPIO\gpio.h(6): warning:  #47-D: incompatible redefinition of macro "XINRAW_EXPAND"  (declared at line 8 of "..\USER\common.h")
  #define XINRAW_EXPAND(p, n) XINRAW(p, n)
..\HARDWARE\GPIO\gpio.h(9): warning:  #47-D: incompatible redefinition of macro "INIT_PORT_IN_FLOAT"  (declared at line 10 of "..\USER\common.h")
  #define INIT_PORT_IN_FLOAT(p, n)                                \
..\HARDWARE\GPIO\gpio.h(15): warning:  #47-D: incompatible redefinition of macro "INIT_PORT_IN_FLOAT_EXPAND"  (declared at line 15 of "..\USER\common.h")
  #define INIT_PORT_IN_FLOAT_EXPAND(p, n) INIT_PORT_IN_FLOAT(p, n)
..\HARDWARE\GPIO\gpio.h(20): warning:  #47-D: incompatible redefinition of macro "XIN"  (declared at line 20 of "..\USER\common.h")
  #define XIN(n) XINRAW_EXPAND(GET_X_PORT(n), GET_X_PIN(n))
..\HARDWARE\GPIO\gpio.h(21): warning:  #47-D: incompatible redefinition of macro "INITX"  (declared at line 21 of "..\USER\common.h")
  #define INITX(n) INIT_PORT_IN_FLOAT_EXPAND(GET_X_PORT(n), GET_X_PIN(n))
..\BLL\bll_main.c(21): warning:  #223-D: function "EEPROM_Init" declared implicitly
  	EEPROM_Init();
..\BLL\bll_main.c: 6 warnings, 0 errors
compiling modbus_master.c...
compiling bll_backzero.c...
compiling bll_eeprom.c...
..\BLL\bll_eeprom.c(73): warning:  #188-D: enumerated type mixed with another type
  		return err;
..\BLL\bll_eeprom.c(76): warning:  #188-D: enumerated type mixed with another type
  	return err;
..\BLL\bll_eeprom.c(83): warning:  #188-D: enumerated type mixed with another type
  		return err;
..\BLL\bll_eeprom.c(86): warning:  #188-D: enumerated type mixed with another type
  	return err;
..\BLL\bll_eeprom.c(100): warning:  #188-D: enumerated type mixed with another type
  		return err;
..\BLL\bll_eeprom.c(107): warning:  #188-D: enumerated type mixed with another type
  	return err;
..\BLL\bll_eeprom.c(142): warning:  #940-D: missing return statement at end of non-void function "BLL_EEPROM_Execute" 
  }
..\BLL\bll_eeprom.c: 7 warnings, 0 errors
compiling bll_motor.c...
compiling bll_tocase.c...
..\HARDWARE\GPIO\gpio.h(6): warning:  #47-D: incompatible redefinition of macro "XINRAW_EXPAND"  (declared at line 8 of "..\USER\common.h")
  #define XINRAW_EXPAND(p, n) XINRAW(p, n)
..\HARDWARE\GPIO\gpio.h(9): warning:  #47-D: incompatible redefinition of macro "INIT_PORT_IN_FLOAT"  (declared at line 10 of "..\USER\common.h")
  #define INIT_PORT_IN_FLOAT(p, n)                                \
..\HARDWARE\GPIO\gpio.h(15): warning:  #47-D: incompatible redefinition of macro "INIT_PORT_IN_FLOAT_EXPAND"  (declared at line 15 of "..\USER\common.h")
  #define INIT_PORT_IN_FLOAT_EXPAND(p, n) INIT_PORT_IN_FLOAT(p, n)
..\HARDWARE\GPIO\gpio.h(20): warning:  #47-D: incompatible redefinition of macro "XIN"  (declared at line 20 of "..\USER\common.h")
  #define XIN(n) XINRAW_EXPAND(GET_X_PORT(n), GET_X_PIN(n))
..\HARDWARE\GPIO\gpio.h(21): warning:  #47-D: incompatible redefinition of macro "INITX"  (declared at line 21 of "..\USER\common.h")
  #define INITX(n) INIT_PORT_IN_FLOAT_EXPAND(GET_X_PORT(n), GET_X_PIN(n))
..\BLL\bll_tocase.c(205): warning:  #185-D: dynamic initialization in unreachable code
  		u32 start = 
eadTick();
..\BLL\bll_tocase.c(143): warning:  #546-D: transfer of control bypasses initialization of:
            variable "start"  (declared at line 205)
  			goto card_bug_offset;
  			^
..\BLL\bll_tocase.c(176): warning:  #546-D: transfer of control bypasses initialization of:
            variable "start"  (declared at line 205)
  					goto card_bug_offset;
  					^
..\BLL\bll_tocase.c(193): warning:  #546-D: transfer of control bypasses initialization of:
            variable "start"  (declared at line 205)
  					goto card_bug_offset;
  					^
..\BLL\bll_tocase.c(239): warning:  #177-D: variable "M"  was declared but never referenced
  			u8 M = params.Param4;
..\BLL\bll_tocase.c: 10 warnings, 0 errors
compiling bll_claw.c...
..\HARDWARE\GPIO\gpio.h(6): warning:  #47-D: incompatible redefinition of macro "XINRAW_EXPAND"  (declared at line 8 of "..\USER\common.h")
  #define XINRAW_EXPAND(p, n) XINRAW(p, n)
..\HARDWARE\GPIO\gpio.h(9): warning:  #47-D: incompatible redefinition of macro "INIT_PORT_IN_FLOAT"  (declared at line 10 of "..\USER\common.h")
  #define INIT_PORT_IN_FLOAT(p, n)                                \
..\HARDWARE\GPIO\gpio.h(15): warning:  #47-D: incompatible redefinition of macro "INIT_PORT_IN_FLOAT_EXPAND"  (declared at line 15 of "..\USER\common.h")
  #define INIT_PORT_IN_FLOAT_EXPAND(p, n) INIT_PORT_IN_FLOAT(p, n)
..\HARDWARE\GPIO\gpio.h(20): warning:  #47-D: incompatible redefinition of macro "XIN"  (declared at line 20 of "..\USER\common.h")
  #define XIN(n) XINRAW_EXPAND(GET_X_PORT(n), GET_X_PIN(n))
..\HARDWARE\GPIO\gpio.h(21): warning:  #47-D: incompatible redefinition of macro "INITX"  (declared at line 21 of "..\USER\common.h")
  #define INITX(n) INIT_PORT_IN_FLOAT_EXPAND(GET_X_PORT(n), GET_X_PIN(n))
..\BLL\bll_claw.c: 5 warnings, 0 errors
linking...
Program Size: Code=26700 RO-data=1040 RW-data=200 ZI-data=3464  
FromELF: creating hex file...
"..\OBJ\Template.axf" - 0 Error(s), 45 Warning(s).
Build Time Elapsed:  00:00:04
