Component: ARM Compiler 5.06 update 7 (build 960) Tool: armlink [4d3601]

==============================================================================

Section Cross References

    main.o(.text) refers to system_gd32f4xx.o(.text) for SystemInit
    main.o(.text) refers to delay.o(.text) for delay_init
    main.o(.text) refers to bll_main.o(.text) for BLL_Init_All
    main.o(.text) refers to main.o(.data) for IsJumpIAP
    system_gd32f4xx.o(.text) refers to system_gd32f4xx.o(.data) for SystemCoreClock
    startup_gd32f407.o(STACK) refers (Special) to heapauxi.o(.text) for __use_two_region_memory
    startup_gd32f407.o(HEAP) refers (Special) to heapauxi.o(.text) for __use_two_region_memory
    startup_gd32f407.o(RESET) refers (Special) to heapauxi.o(.text) for __use_two_region_memory
    startup_gd32f407.o(RESET) refers to startup_gd32f407.o(STACK) for __initial_sp
    startup_gd32f407.o(RESET) refers to startup_gd32f407.o(.text) for Reset_Handler
    startup_gd32f407.o(RESET) refers to gd32f4xx_it.o(.text) for NMI_Handler
    startup_gd32f407.o(RESET) refers to exti.o(.text) for EXTI0_IRQHandler
    startup_gd32f407.o(RESET) refers to timer.o(.text) for TIMER0_UP_TIMER10_IRQHandler
    startup_gd32f407.o(RESET) refers to usart.o(.text) for USART0_IRQHandler
    startup_gd32f407.o(.text) refers (Special) to heapauxi.o(.text) for __use_two_region_memory
    startup_gd32f407.o(.text) refers to system_gd32f4xx.o(.text) for SystemInit
    startup_gd32f407.o(.text) refers to __main.o(!!!main) for __main
    startup_gd32f407.o(.text) refers to startup_gd32f407.o(HEAP) for Heap_Mem
    startup_gd32f407.o(.text) refers to startup_gd32f407.o(STACK) for Stack_Mem
    gd32f4xx_adc.o(.text) refers to gd32f4xx_rcu.o(.text) for rcu_periph_reset_enable
    gd32f4xx_can.o(.text) refers to gd32f4xx_rcu.o(.text) for rcu_periph_reset_enable
    gd32f4xx_can.o(.text) refers to gd32f4xx_dbg.o(.text) for dbg_periph_enable
    gd32f4xx_ctc.o(.text) refers to gd32f4xx_rcu.o(.text) for rcu_periph_reset_enable
    gd32f4xx_dac.o(.text) refers to gd32f4xx_rcu.o(.text) for rcu_periph_reset_enable
    gd32f4xx_dci.o(.text) refers to gd32f4xx_rcu.o(.text) for rcu_periph_reset_enable
    gd32f4xx_enet.o(.text) refers to gd32f4xx_rcu.o(.text) for rcu_periph_reset_enable
    gd32f4xx_enet.o(.text) refers to gd32f4xx_enet.o(.bss) for enet_initpara
    gd32f4xx_enet.o(.text) refers to gd32f4xx_enet.o(.data) for dma_current_rxdesc
    gd32f4xx_enet.o(.text) refers to gd32f4xx_enet.o(.constdata) for enet_reg_tab
    gd32f4xx_gpio.o(.text) refers to gd32f4xx_rcu.o(.text) for rcu_periph_reset_enable
    gd32f4xx_i2c.o(.text) refers to gd32f4xx_rcu.o(.text) for rcu_periph_reset_enable
    gd32f4xx_ipa.o(.text) refers to gd32f4xx_rcu.o(.text) for rcu_periph_reset_enable
    gd32f4xx_iref.o(.text) refers to gd32f4xx_rcu.o(.text) for rcu_periph_reset_enable
    gd32f4xx_pmu.o(.text) refers to gd32f4xx_rcu.o(.text) for rcu_periph_reset_enable
    gd32f4xx_pmu.o(.text) refers to gd32f4xx_pmu.o(.bss) for reg_snap
    gd32f4xx_sdio.o(.text) refers to gd32f4xx_rcu.o(.text) for rcu_periph_reset_enable
    gd32f4xx_spi.o(.text) refers to gd32f4xx_rcu.o(.text) for rcu_periph_reset_enable
    gd32f4xx_syscfg.o(.text) refers to gd32f4xx_rcu.o(.text) for rcu_periph_reset_enable
    gd32f4xx_timer.o(.text) refers to gd32f4xx_rcu.o(.text) for rcu_periph_reset_enable
    gd32f4xx_tli.o(.text) refers to gd32f4xx_rcu.o(.text) for rcu_periph_reset_enable
    gd32f4xx_trng.o(.text) refers to gd32f4xx_rcu.o(.text) for rcu_periph_reset_enable
    gd32f4xx_usart.o(.text) refers to gd32f4xx_rcu.o(.text) for rcu_periph_reset_enable
    gd32f4xx_wwdgt.o(.text) refers to gd32f4xx_rcu.o(.text) for rcu_periph_reset_enable
    delay.o(.text) refers to delay.o(.data) for fac_us
    timer.o(.text) refers to gd32f4xx_rcu.o(.text) for rcu_periph_clock_enable
    timer.o(.text) refers to gd32f4xx_timer.o(.text) for timer_deinit
    timer.o(.text) refers to gd32f4xx_misc.o(.text) for nvic_irq_enable
    timer.o(.text) refers to modbus_slave.o(.text) for ModBus_SetTimeout
    timer.o(.text) refers to modbus_master.o(.text) for Master_Set_Timeout
    timer.o(.text) refers to iwdg.o(.text) for IWDG_Feed
    usart.o(.rev16_text) refers (Special) to use_no_semi_2.o(.text) for __use_no_semihosting
    usart.o(.revsh_text) refers (Special) to use_no_semi_2.o(.text) for __use_no_semihosting
    usart.o(.text) refers (Special) to use_no_semi_2.o(.text) for __use_no_semihosting
    usart.o(.text) refers to gd32f4xx_usart.o(.text) for usart_flag_get
    usart.o(.text) refers to gd32f4xx_rcu.o(.text) for rcu_periph_clock_enable
    usart.o(.text) refers to gd32f4xx_gpio.o(.text) for gpio_mode_set
    usart.o(.text) refers to gd32f4xx_misc.o(.text) for nvic_irq_enable
    usart.o(.text) refers to modbus_master.o(.text) for Modbus_Master_Receive
    usart.o(.text) refers to gd32f4xx_dma.o(.text) for dma_deinit
    usart.o(.text) refers to rt_memcpy_v6.o(.text) for __aeabi_memcpy
[...]
    MyDelay                                  0x08005829   Thumb Code    22  bll_tocase.o(.text)
    WaitMotorStop                            0x0800583f   Thumb Code    68  bll_tocase.o(.text)
    .text                                    0x0800594c   Section        2  use_no_semi_2.o(.text)
    .text                                    0x08005950   Section        0  noretval__2printf.o(.text)
    .text                                    0x08005968   Section        0  _printf_pad.o(.text)
    .text                                    0x080059b8   Section        0  _printf_hex_int.o(.text)
    .text                                    0x08005a10   Section        0  __printf_flags_wp.o(.text)
    .text                                    0x08005b48   Section      138  rt_memcpy_v6.o(.text)
    .text                                    0x08005bd2   Section       68  rt_memclr.o(.text)
    .text                                    0x08005c16   Section        0  heapauxi.o(.text)
    .text                                    0x08005c1c   Section       98  setjmp.o(.text)
    $v0                                      0x08005c1c   Number         0  setjmp.o(.text)
    .text                                    0x08005c7e   Section        2  use_no_semi.o(.text)
    .text                                    0x08005c80   Section        0  _printf_intcommon.o(.text)
    .text                                    0x08005d34   Section        0  _printf_char_file.o(.text)
    .text                                    0x08005d58   Section      100  rt_memcpy_w.o(.text)
    .text                                    0x08005dbc   Section       78  rt_memclr_w.o(.text)
    .text                                    0x08005e0c   Section        0  _printf_char_common.o(.text)
    _printf_input_char                       0x08005e0d   Thumb Code    10  _printf_char_common.o(.text)
    .text                                    0x08005e3c   Section        0  ferror.o(.text)
    .text                                    0x08005e44   Section       74  sys_stackheap_outer.o(.text)
    .text                                    0x08005e8e   Section        0  exit.o(.text)
    .text                                    0x08005ea0   Section        8  libspace.o(.text)
    i._is_digit                              0x08005ea8   Section        0  __printf_wp.o(i._is_digit)
    x$fpl$fpinit                             0x08005eb6   Section       10  fpinit.o(x$fpl$fpinit)
    $v0                                      0x08005eb6   Number         0  fpinit.o(x$fpl$fpinit)
    .constdata                               0x08005ec0   Section      517  modbus_slave.o(.constdata)
    aucCRCHi                                 0x08005ec0   Data         256  modbus_slave.o(.constdata)
    aucCRCLo                                 0x08005fc0   Data         256  modbus_slave.o(.constdata)
    .constdata                               0x080060c8   Section       40  bll_tocase.o(.constdata)
    position_table                           0x080060c8   Data          40  bll_tocase.o(.constdata)
    .constdata                               0x080060f0   Section       40  _printf_hex_int.o(.constdata)
    uc_hextab                                0x080060f0   Data          20  _printf_hex_int.o(.constdata)
    lc_hextab                                0x08006104   Data          20  _printf_hex_int.o(.constdata)
    .constdata                               0x08006118   Section       17  __printf_flags_wp.o(.constdata)
    maptable                                 0x08006118   Data          17  __printf_flags_wp.o(.constdata)
    .data                                    0x20000000   Section        3  main.o(.data)
    .data                                    0x20000004   Section        4  system_gd32f4xx.o(.data)
    .data                                    0x20000008   Section        4  delay.o(.data)
    fac_us                                   0x20000008   Data           1  delay.o(.data)
    fac_ms                                   0x2000000a   Data           2  delay.o(.data)
    .data                                    0x2000000c   Section        5  usart.o(.data)
    DMA_Status                               0x20000010   Data           1  usart.o(.data)
    .data                                    0x20000012   Section        4  modbus_slave.o(.data)
    MState                                   0x20000012   Data           1  modbus_slave.o(.data)
    RecCount                                 0x20000014   Data           2  modbus_slave.o(.data)
    .data                                    0x20000016   Section        6  modbus_master.o(.data)
    Master_Rec_Count                         0x20000018   Data           2  modbus_master.o(.data)
    .data                                    0x2000001c   Section       55  modbus_save_data.o(.data)
    _RegionSize                              0x2000004c   Data           7  modbus_save_data.o(.data)
    .data                                    0x20000054   Section       12  bll_main.o(.data)
    .data                                    0x20000060   Section        1  bll_backzero.o(.data)
    backzero_flag                            0x20000060   Data           1  bll_backzero.o(.data)
    .data                                    0x20000061   Section        1  bll_eeprom.o(.data)
    flag                                     0x20000061   Data           1  bll_eeprom.o(.data)
    .data                                    0x20000062   Section        2  bll_motor.o(.data)
    wait_flag                                0x20000062   Data           1  bll_motor.o(.data)
    code                                     0x20000063   Data           1  bll_motor.o(.data)
    .data                                    0x20000064   Section        7  bll_claw.o(.data)
    tocase_flag                              0x20000064   Data           1  bll_claw.o(.data)
    swtich_flag                              0x20000065   Data           1  bll_claw.o(.data)
    zero_move_flag                           0x20000067   Data           1  bll_claw.o(.data)
    fast_move_flag                           0x20000068   Data           1  bll_claw.o(.data)
    slow_move_flag                           0x20000069   Data           1  bll_claw.o(.data)
    Claw_First                               0x2000006a   Data           1  bll_claw.o(.data)
    .data                                    0x2000006c   Section        6  bll_tocase.o(.data)
    tocase_flag                              0x20000070   Data           1  bll_tocase.o(.data)
    .bss                                     0x20000074   Section      256  usart.o(.bss)
    DMA_Buffer                               0x20000074   Data         256  usart.o(.bss)
    .bss                                     0x20000174   Section     1024  modbus_slave.o(.bss)
    RecBuff                                  0x20000174   Data        1024  modbus_slave.o(.bss)
    .bss                                     0x20000574   Section      200  modbus_master.o(.bss)
    .bss                                     0x2000063c   Section      310  modbus_save_data.o(.bss)
    .bss                                     0x20000772   Section       22  bll_main.o(.bss)
    .bss                                     0x20000788   Section      160  bll_tocase.o(.bss)
    .bss                                     0x20000828   Section       96  libspace.o(.bss)
    HEAP                                     0x20000888   Section      512  startup_gd32f407.o(HEAP)
    Heap_Mem                                 0x20000888   Data         512  startup_gd32f407.o(HEAP)
    STACK                                    0x20000a88   Section     1024  startup_gd32f407.o(STACK)
    Stack_Mem                                0x20000a88   Data        1024  startup_gd32f407.o(STACK)
    __initial_sp                             0x20000e88   Data           0  startup_gd32f407.o(STACK)

    Global Symbols

    Symbol Name                              Value     Ov Type        Size  Object(Section)

    BuildAttributes$$THM_ISAv4$E$P$D$K$B$S$7EM$VFPi3$EXTD16$VFPS$VFMA$PE$A:L22UL41UL21$X:L11$S22US41US21$IEEE1$IW$USESV6$~STKCKD$USESV7$~SHL$OSPACE$ROPI$EBA8$UX$STANDARDLIB$REQ8$PRES8$EABIv2 0x00000000   Number         0  anon$$obj.o ABSOLUTE
    __ARM_use_no_argv                        0x00000000   Number         0  main.o ABSOLUTE
    _printf_flags                            0x00000000   Number         0  printf_stubs.o ABSOLUTE
    _printf_return_value                     0x00000000   Number         0  printf_stubs.o ABSOLUTE
    _printf_sizespec                         0x00000000   Number         0  printf_stubs.o ABSOLUTE
    _printf_widthprec                        0x00000000   Number         0  printf_stubs.o ABSOLUTE
    __ARM_exceptions_init                     - Undefined Weak Reference
    __alloca_initialize                       - Undefined Weak Reference
    __alloca_longjmp                          - Undefined Weak Reference
    __alloca_setjmp                           - Undefined Weak Reference
    __arm_fini_                               - Undefined Weak Reference
    __arm_preinit_                            - Undefined Weak Reference
    __cpp_initialize__aeabi_                  - Undefined Weak Reference
    __cxa_finalize                            - Undefined Weak Reference
    __rt_locale                               - Undefined Weak Reference
    __sigvec_lookup                           - Undefined Weak Reference
    _atexit_init                              - Undefined Weak Reference
    _call_atexit_fns                          - Undefined Weak Reference
    _clock_init                               - Undefined Weak Reference
    _fp_trap_init                             - Undefined Weak Reference
    _fp_trap_shutdown                         - Undefined Weak Reference
    _get_lc_collate                           - Undefined Weak Reference
    _get_lc_ctype                             - Undefined Weak Reference
    _get_lc_monetary                          - Undefined Weak Reference
    _get_lc_numeric                           - Undefined Weak Reference
    _get_lc_time                              - Undefined Weak Reference
    _getenv_init                              - Undefined Weak Reference
    _handle_redirection                       - Undefined Weak Reference
    _init_alloc                               - Undefined Weak Reference
    _init_user_alloc                          - Undefined Weak Reference
    _initio                                   - Undefined Weak Reference
    _mutex_acquire                            - Undefined Weak Reference
    _mutex_release                            - Undefined Weak Reference
    _printf_truncate_unsigned                 - Undefined Weak Reference
    _rand_init                                - Undefined Weak Reference
    _signal_finish                            - Undefined Weak Reference
    _signal_init                              - Undefined Weak Reference
    _terminate_alloc                          - Undefined Weak Reference
    _terminate_user_alloc                     - Undefined Weak Reference
    _terminateio                              - Undefined Weak Reference
    __Vectors_Size                           0x00000180   Number         0  startup_gd32f407.o ABSOLUTE
    __Vectors                                0x08000000   Data           4  startup_gd32f407.o(RESET)
    __Vectors_End                            0x08000180   Data           0  startup_gd32f407.o(RESET)
    __main                                   0x08000181   Thumb Code     8  __main.o(!!!main)
    __scatterload                            0x08000189   Thumb Code     0  __scatter.o(!!!scatter)
    __scatterload_rt2                        0x08000189   Thumb Code    44  __scatter.o(!!!scatter)
    __scatterload_rt2_thumb_only             0x08000189   Thumb Code     0  __scatter.o(!!!scatter)
    __scatterload_null                       0x08000197   Thumb Code     0  __scatter.o(!!!scatter)
    __scatterload_copy                       0x080001bd   Thumb Code    26  __scatter_copy.o(!!handler_copy)
    __scatterload_zeroinit                   0x080001d9   Thumb Code    28  __scatter_zi.o(!!handler_zi)
    _printf_percent                          0x080001f5   Thumb Code     0  _printf_percent.o(.ARM.Collect$$_printf_percent$$00000000)
    _printf_x                                0x080001f5   Thumb Code     0  _printf_x.o(.ARM.Collect$$_printf_percent$$0000000C)
    _printf_percent_end                      0x080001fb   Thumb Code     0  _printf_percent_end.o(.ARM.Collect$$_printf_percent$$00000017)
    __rt_lib_init                            0x080001ff   Thumb Code     0  libinit.o(.ARM.Collect$$libinit$$00000000)
    __rt_lib_init_fp_1                       0x08000201   Thumb Code     0  libinit2.o(.ARM.Collect$$libinit$$00000001)
    __rt_lib_init_alloca_1                   0x08000205   Thumb Code     0  libinit2.o(.ARM.Collect$$libinit$$0000002E)
    __rt_lib_init_argv_1                     0x08000205   Thumb Code     0  libinit2.o(.ARM.Collect$$libinit$$0000002C)
    __rt_lib_init_atexit_1                   0x08000205   Thumb Code     0  libinit2.o(.ARM.Collect$$libinit$$0000001B)
    __rt_lib_init_clock_1                    0x08000205   Thumb Code     0  libinit2.o(.ARM.Collect$$libinit$$00000021)
    __rt_lib_init_cpp_1                      0x08000205   Thumb Code     0  libinit2.o(.ARM.Collect$$libinit$$00000032)
    __rt_lib_init_exceptions_1               0x08000205   Thumb Code     0  libinit2.o(.ARM.Collect$$libinit$$00000030)
    __rt_lib_init_fp_trap_1                  0x08000205   Thumb Code     0  libinit2.o(.ARM.Collect$$libinit$$0000001F)
    __rt_lib_init_getenv_1                   0x08000205   Thumb Code     0  libinit2.o(.ARM.Collect$$libinit$$00000023)
    __rt_lib_init_heap_1                     0x08000205   Thumb Code     0  libinit2.o(.ARM.Collect$$libinit$$0000000A)
    __rt_lib_init_lc_collate_1               0x08000205   Thumb Code     0  libinit2.o(.ARM.Collect$$libinit$$00000011)
    __rt_lib_init_lc_ctype_1                 0x08000205   Thumb Code     0  libinit2.o(.ARM.Collect$$libinit$$00000013)
    __rt_lib_init_lc_monetary_1              0x08000205   Thumb Code     0  libinit2.o(.ARM.Collect$$libinit$$00000015)
    __rt_lib_init_lc_numeric_1               0x08000205   Thumb Code     0  libinit2.o(.ARM.Collect$$libinit$$00000017)
    __rt_lib_init_lc_time_1                  0x08000205   Thumb Code     0  libinit2.o(.ARM.Collect$$libinit$$00000019)
    __rt_lib_init_preinit_1                  0x08000205   Thumb Code     0  libinit2.o(.ARM.Collect$$libinit$$00000004)
    __rt_lib_init_rand_1                     0x08000205   Thumb Code     0  libinit2.o(.ARM.Collect$$libinit$$0000000E)
    __rt_lib_init_return                     0x08000205   Thumb Code     0  libinit2.o(.ARM.Collect$$libinit$$00000033)
    __rt_lib_init_signal_1                   0x08000205   Thumb Code     0  libinit2.o(.ARM.Collect$$libinit$$0000001D)
    __rt_lib_init_stdio_1                    0x08000205   Thumb Code     0  libinit2.o(.ARM.Collect$$libinit$$00000025)
    __rt_lib_init_user_alloc_1               0x08000205   Thumb Code     0  libinit2.o(.ARM.Collect$$libinit$$0000000C)
    __rt_lib_shutdown                        0x08000207   Thumb Code     0  libshutdown.o(.ARM.Collect$$libshutdown$$00000000)
    __rt_lib_shutdown_cpp_1                  0x08000209   Thumb Code     0  libshutdown2.o(.ARM.Collect$$libshutdown$$00000004)
    __rt_lib_shutdown_fini_1                 0x08000209   Thumb Code     0  libshutdown2.o(.ARM.Collect$$libshutdown$$00000002)
    __rt_lib_shutdown_fp_trap_1              0x08000209   Thumb Code     0  libshutdown2.o(.ARM.Collect$$libshutdown$$00000009)
    __rt_lib_shutdown_heap_1                 0x08000209   Thumb Code     0  libshutdown2.o(.ARM.Collect$$libshutdown$$00000011)
    __rt_lib_shutdown_return                 0x08000209   Thumb Code     0  libshutdown2.o(.ARM.Collect$$libshutdown$$00000012)
    __rt_lib_shutdown_signal_1               0x08000209   Thumb Code     0  libshutdown2.o(.ARM.Collect$$libshutdown$$0000000C)
    __rt_lib_shutdown_stdio_1                0x08000209   Thumb Code     0  libshutdown2.o(.ARM.Collect$$libshutdown$$00000006)
    __rt_lib_shutdown_user_alloc_1           0x08000209   Thumb Code     0  libshutdown2.o(.ARM.Collect$$libshutdown$$0000000E)
    __rt_entry                               0x0800020b   Thumb Code     0  __rtentry.o(.ARM.Collect$$rtentry$$00000000)
    __rt_entry_presh_1                       0x0800020b   Thumb Code     0  __rtentry2.o(.ARM.Collect$$rtentry$$00000002)
    __rt_entry_sh                            0x0800020b   Thumb Code     0  __rtentry4.o(.ARM.Collect$$rtentry$$00000004)
    __rt_entry_li                            0x08000211   Thumb Code     0  __rtentry2.o(.ARM.Collect$$rtentry$$0000000A)
    __rt_entry_postsh_1                      0x08000211   Thumb Code     0  __rtentry2.o(.ARM.Collect$$rtentry$$00000009)
    __rt_entry_main                          0x08000215   Thumb Code     0  __rtentry2.o(.ARM.Collect$$rtentry$$0000000D)
    __rt_entry_postli_1                      0x08000215   Thumb Code     0  __rtentry2.o(.ARM.Collect$$rtentry$$0000000C)
    __rt_exit                                0x0800021d   Thumb Code     0  rtexit.o(.ARM.Collect$$rtexit$$00000000)
    __rt_exit_ls                             0x0800021f   Thumb Code     0  rtexit2.o(.ARM.Collect$$rtexit$$00000003)
    __rt_exit_prels_1                        0x0800021f   Thumb Code     0  rtexit2.o(.ARM.Collect$$rtexit$$00000002)
    __rt_exit_exit                           0x08000223   Thumb Code     0  rtexit2.o(.ARM.Collect$$rtexit$$00000004)
    main                                     0x08000229   Thumb Code    32  main.o(.text)
    NMI_Handler                              0x0800024d   Thumb Code     4  gd32f4xx_it.o(.text)
    HardFault_Handler                        0x08000251   Thumb Code     4  gd32f4xx_it.o(.text)
    MemManage_Handler                        0x08000255   Thumb Code     4  gd32f4xx_it.o(.text)
    BusFault_Handler                         0x08000259   Thumb Code     4  gd32f4xx_it.o(.text)
    UsageFault_Handler                       0x0800025d   Thumb Code     4  gd32f4xx_it.o(.text)
    SVC_Handler                              0x08000261   Thumb Code     4  gd32f4xx_it.o(.text)
    DebugMon_Handler                         0x08000265   Thumb Code     4  gd32f4xx_it.o(.text)
    PendSV_Handler                           0x08000269   Thumb Code     4  gd32f4xx_it.o(.text)
    SysTick_Handler                          0x0800026d   Thumb Code     2  gd32f4xx_it.o(.text)
    SystemInit                               0x08000373   Thumb Code   194  system_gd32f4xx.o(.text)
    SystemCoreClockUpdate                    0x08000435   Thumb Code   246  system_gd32f4xx.o(.text)
    Reset_Handler                            0x08000561   Thumb Code     8  startup_gd32f407.o(.text)
    ADC_IRQHandler                           0x0800057b   Thumb Code     0  startup_gd32f407.o(.text)
    CAN0_EWMC_IRQHandler                     0x0800057b   Thumb Code     0  startup_gd32f407.o(.text)
    CAN0_RX0_IRQHandler                      0x0800057b   Thumb Code     0  startup_gd32f407.o(.text)
    CAN0_RX1_IRQHandler                      0x0800057b   Thumb Code     0  startup_gd32f407.o(.text)
    CAN0_TX_IRQHandler                       0x0800057b   Thumb Code     0  startup_gd32f407.o(.text)
    CAN1_EWMC_IRQHandler                     0x0800057b   Thumb Code     0  startup_gd32f407.o(.text)
    CAN1_RX0_IRQHandler                      0x0800057b   Thumb Code     0  startup_gd32f407.o(.text)
    CAN1_RX1_IRQHandler                      0x0800057b   Thumb Code     0  startup_gd32f407.o(.text)
    CAN1_TX_IRQHandler                       0x0800057b   Thumb Code     0  startup_gd32f407.o(.text)
    DCI_IRQHandler                           0x0800057b   Thumb Code     0  startup_gd32f407.o(.text)
    DMA0_Channel0_IRQHandler                 0x0800057b   Thumb Code     0  startup_gd32f407.o(.text)
    DMA0_Channel1_IRQHandler                 0x0800057b   Thumb Code     0  startup_gd32f407.o(.text)
    DMA0_Channel2_IRQHandler                 0x0800057b   Thumb Code     0  startup_gd32f407.o(.text)
    DMA0_Channel3_IRQHandler                 0x0800057b   Thumb Code     0  startup_gd32f407.o(.text)
    DMA0_Channel4_IRQHandler                 0x0800057b   Thumb Code     0  startup_gd32f407.o(.text)
    DMA0_Channel5_IRQHandler                 0x0800057b   Thumb Code     0  startup_gd32f407.o(.text)
    DMA0_Channel6_IRQHandler                 0x0800057b   Thumb Code     0  startup_gd32f407.o(.text)
    DMA0_Channel7_IRQHandler                 0x0800057b   Thumb Code     0  startup_gd32f407.o(.text)
    DMA1_Channel0_IRQHandler                 0x0800057b   Thumb Code     0  startup_gd32f407.o(.text)
    DMA1_Channel1_IRQHandler                 0x0800057b   Thumb Code     0  startup_gd32f407.o(.text)
    DMA1_Channel2_IRQHandler                 0x0800057b   Thumb Code     0  startup_gd32f407.o(.text)
    DMA1_Channel3_IRQHandler                 0x0800057b   Thumb Code     0  startup_gd32f407.o(.text)
    DMA1_Channel4_IRQHandler                 0x0800057b   Thumb Code     0  startup_gd32f407.o(.text)
    DMA1_Channel5_IRQHandler                 0x0800057b   Thumb Code     0  startup_gd32f407.o(.text)
    DMA1_Channel6_IRQHandler                 0x0800057b   Thumb Code     0  startup_gd32f407.o(.text)
    ENET_IRQHandler                          0x0800057b   Thumb Code     0  startup_gd32f407.o(.text)
    ENET_WKUP_IRQHandler                     0x0800057b   Thumb Code     0  startup_gd32f407.o(.text)
    EXMC_IRQHandler                          0x0800057b   Thumb Code     0  startup_gd32f407.o(.text)
    EXTI10_15_IRQHandler                     0x0800057b   Thumb Code     0  startup_gd32f407.o(.text)
    FMC_IRQHandler                           0x0800057b   Thumb Code     0  startup_gd32f407.o(.text)
    I2C0_ER_IRQHandler                       0x0800057b   Thumb Code     0  startup_gd32f407.o(.text)
    I2C0_EV_IRQHandler                       0x0800057b   Thumb Code     0  startup_gd32f407.o(.text)
    I2C1_ER_IRQHandler                       0x0800057b   Thumb Code     0  startup_gd32f407.o(.text)
    I2C1_EV_IRQHandler                       0x0800057b   Thumb Code     0  startup_gd32f407.o(.text)
    I2C2_ER_IRQHandler                       0x0800057b   Thumb Code     0  startup_gd32f407.o(.text)
    I2C2_EV_IRQHandler                       0x0800057b   Thumb Code     0  startup_gd32f407.o(.text)
    LVD_IRQHandler                           0x0800057b   Thumb Code     0  startup_gd32f407.o(.text)
    RCU_IRQHandler                           0x0800057b   Thumb Code     0  startup_gd32f407.o(.text)
    RTC_Alarm_IRQHandler                     0x0800057b   Thumb Code     0  startup_gd32f407.o(.text)
    RTC_WKUP_IRQHandler                      0x0800057b   Thumb Code     0  startup_gd32f407.o(.text)
    SDIO_IRQHandler                          0x0800057b   Thumb Code     0  startup_gd32f407.o(.text)
    SPI0_IRQHandler                          0x0800057b   Thumb Code     0  startup_gd32f407.o(.text)
    SPI1_IRQHandler                          0x0800057b   Thumb Code     0  startup_gd32f407.o(.text)
    SPI2_IRQHandler                          0x0800057b   Thumb Code     0  startup_gd32f407.o(.text)
    TAMPER_STAMP_IRQHandler                  0x0800057b   Thumb Code     0  startup_gd32f407.o(.text)
    TIMER0_BRK_TIMER9_IRQHandler             0x0800057b   Thumb Code     0  startup_gd32f407.o(.text)
    TIMER0_Channel_IRQHandler                0x0800057b   Thumb Code     0  startup_gd32f407.o(.text)
    TIMER0_TRG_CMT_TIMER11_IRQHandler        0x0800057b   Thumb Code     0  startup_gd32f407.o(.text)
    TIMER1_IRQHandler                        0x0800057b   Thumb Code     0  startup_gd32f407.o(.text)
    TIMER2_IRQHandler                        0x0800057b   Thumb Code     0  startup_gd32f407.o(.text)
    TIMER3_IRQHandler                        0x0800057b   Thumb Code     0  startup_gd32f407.o(.text)
    TIMER4_IRQHandler                        0x0800057b   Thumb Code     0  startup_gd32f407.o(.text)
    TIMER7_BRK_TIMER12_IRQHandler            0x0800057b   Thumb Code     0  startup_gd32f407.o(.text)
    TIMER7_Channel_IRQHandler                0x0800057b   Thumb Code     0  startup_gd32f407.o(.text)
    TIMER7_TRG_CMT_TIMER14_IRQHandler        0x0800057b   Thumb Code     0  startup_gd32f407.o(.text)
    TIMER7_UP_TIMER13_IRQHandler             0x0800057b   Thumb Code     0  startup_gd32f407.o(.text)
    TRNG_IRQHandler                          0x0800057b   Thumb Code     0  startup_gd32f407.o(.text)
    UART3_IRQHandler                         0x0800057b   Thumb Code     0  startup_gd32f407.o(.text)
    UART4_IRQHandler                         0x0800057b   Thumb Code     0  startup_gd32f407.o(.text)
    USART2_IRQHandler                        0x0800057b   Thumb Code     0  startup_gd32f407.o(.text)
    USART5_IRQHandler                        0x0800057b   Thumb Code     0  startup_gd32f407.o(.text)
    USBFS_IRQHandler                         0x0800057b   Thumb Code     0  startup_gd32f407.o(.text)
    USBFS_WKUP_IRQHandler                    0x0800057b   Thumb Code     0  startup_gd32f407.o(.text)
    USBHS_EP1_In_IRQHandler                  0x0800057b   Thumb Code     0  startup_gd32f407.o(.text)
    USBHS_EP1_Out_IRQHandler                 0x0800057b   Thumb Code     0  startup_gd32f407.o(.text)
    USBHS_IRQHandler                         0x0800057b   Thumb Code     0  startup_gd32f407.o(.text)
    USBHS_WKUP_IRQHandler                    0x0800057b   Thumb Code     0  startup_gd32f407.o(.text)
    WWDGT_IRQHandler                         0x0800057b   Thumb Code     0  startup_gd32f407.o(.text)
    __user_initial_stackheap                 0x0800057d   Thumb Code     0  startup_gd32f407.o(.text)
    dma_deinit                               0x080005a1   Thumb Code   166  gd32f4xx_dma.o(.text)
    dma_single_data_para_struct_init         0x08000647   Thumb Code    34  gd32f4xx_dma.o(.text)
    dma_multi_data_para_struct_init          0x08000669   Thumb Code    40  gd32f4xx_dma.o(.text)
    dma_single_data_mode_init                0x08000691   Thumb Code   340  gd32f4xx_dma.o(.text)
    dma_multi_data_mode_init                 0x080007e5   Thumb Code   352  gd32f4xx_dma.o(.text)
    dma_periph_address_config                0x08000945   Thumb Code    16  gd32f4xx_dma.o(.text)
    dma_memory_address_config                0x08000955   Thumb Code    32  gd32f4xx_dma.o(.text)
    dma_transfer_number_config               0x08000975   Thumb Code    16  gd32f4xx_dma.o(.text)
    dma_transfer_number_get                  0x08000985   Thumb Code    16  gd32f4xx_dma.o(.text)
    dma_priority_config                      0x08000995   Thumb Code    36  gd32f4xx_dma.o(.text)
    dma_memory_burst_beats_config            0x080009b9   Thumb Code    36  gd32f4xx_dma.o(.text)
    dma_periph_burst_beats_config            0x080009dd   Thumb Code    36  gd32f4xx_dma.o(.text)
    dma_memory_width_config                  0x08000a01   Thumb Code    36  gd32f4xx_dma.o(.text)
    dma_periph_width_config                  0x08000a25   Thumb Code    36  gd32f4xx_dma.o(.text)
    dma_memory_address_generation_config     0x08000a49   Thumb Code    64  gd32f4xx_dma.o(.text)
    dma_peripheral_address_generation_config 0x08000a89   Thumb Code   134  gd32f4xx_dma.o(.text)
    dma_circulation_enable                   0x08000b0f   Thumb Code    32  gd32f4xx_dma.o(.text)
    dma_circulation_disable                  0x08000b2f   Thumb Code    32  gd32f4xx_dma.o(.text)
    dma_channel_enable                       0x08000b4f   Thumb Code    32  gd32f4xx_dma.o(.text)
    dma_channel_disable                      0x08000b6f   Thumb Code    32  gd32f4xx_dma.o(.text)
    dma_transfer_direction_config            0x08000b8f   Thumb Code    36  gd32f4xx_dma.o(.text)
    dma_switch_buffer_mode_config            0x08000bb3   Thumb Code    76  gd32f4xx_dma.o(.text)
    dma_using_memory_get                     0x08000bff   Thumb Code    28  gd32f4xx_dma.o(.text)
    dma_channel_subperipheral_select         0x08000c1b   Thumb Code    38  gd32f4xx_dma.o(.text)
    dma_flow_controller_config               0x08000c41   Thumb Code    64  gd32f4xx_dma.o(.text)
    dma_switch_buffer_mode_enable            0x08000c81   Thumb Code    66  gd32f4xx_dma.o(.text)
    dma_fifo_status_get                      0x08000cc3   Thumb Code    20  gd32f4xx_dma.o(.text)
    dma_flag_get                             0x08000cd7   Thumb Code    76  gd32f4xx_dma.o(.text)
    dma_flag_clear                           0x08000d23   Thumb Code    62  gd32f4xx_dma.o(.text)
    dma_interrupt_enable                     0x08000d61   Thumb Code    62  gd32f4xx_dma.o(.text)
    dma_interrupt_disable                    0x08000d9f   Thumb Code    62  gd32f4xx_dma.o(.text)
    dma_interrupt_flag_get                   0x08000ddd   Thumb Code   516  gd32f4xx_dma.o(.text)
    dma_interrupt_flag_clear                 0x08000fe1   Thumb Code    62  gd32f4xx_dma.o(.text)
    exti_deinit                              0x08001021   Thumb Code    24  gd32f4xx_exti.o(.text)
    exti_init                                0x08001039   Thumb Code   184  gd32f4xx_exti.o(.text)
    exti_interrupt_enable                    0x080010f1   Thumb Code    12  gd32f4xx_exti.o(.text)
    exti_interrupt_disable                   0x080010fd   Thumb Code    12  gd32f4xx_exti.o(.text)
    exti_event_enable                        0x08001109   Thumb Code    16  gd32f4xx_exti.o(.text)
    exti_event_disable                       0x08001119   Thumb Code    16  gd32f4xx_exti.o(.text)
    exti_software_interrupt_enable           0x08001129   Thumb Code    16  gd32f4xx_exti.o(.text)
    exti_software_interrupt_disable          0x08001139   Thumb Code    16  gd32f4xx_exti.o(.text)
    exti_flag_get                            0x08001149   Thumb Code    20  gd32f4xx_exti.o(.text)
    exti_flag_clear                          0x0800115d   Thumb Code     8  gd32f4xx_exti.o(.text)
    exti_interrupt_flag_get                  0x08001165   Thumb Code    20  gd32f4xx_exti.o(.text)
    exti_interrupt_flag_clear                0x08001179   Thumb Code     8  gd32f4xx_exti.o(.text)
    fmc_wscnt_set                            0x08001185   Thumb Code    18  gd32f4xx_fmc.o(.text)
    fmc_unlock                               0x08001197   Thumb Code    26  gd32f4xx_fmc.o(.text)
    fmc_lock                                 0x080011b1   Thumb Code    18  gd32f4xx_fmc.o(.text)
    fmc_state_get                            0x080011c3   Thumb Code    72  gd32f4xx_fmc.o(.text)
    fmc_ready_wait                           0x0800120b   Thumb Code    32  gd32f4xx_fmc.o(.text)
    fmc_sector_erase                         0x0800122b   Thumb Code   100  gd32f4xx_fmc.o(.text)
    fmc_mass_erase                           0x0800128f   Thumb Code    76  gd32f4xx_fmc.o(.text)
    fmc_bank0_erase                          0x080012db   Thumb Code    72  gd32f4xx_fmc.o(.text)
    fmc_bank1_erase                          0x08001323   Thumb Code    72  gd32f4xx_fmc.o(.text)
    fmc_word_program                         0x0800136b   Thumb Code    88  gd32f4xx_fmc.o(.text)
    fmc_halfword_program                     0x080013c3   Thumb Code    88  gd32f4xx_fmc.o(.text)
    fmc_byte_program                         0x0800141b   Thumb Code    84  gd32f4xx_fmc.o(.text)
    ob_unlock                                0x0800146f   Thumb Code    26  gd32f4xx_fmc.o(.text)
    ob_lock                                  0x08001489   Thumb Code    18  gd32f4xx_fmc.o(.text)
    ob_start                                 0x0800149b   Thumb Code    18  gd32f4xx_fmc.o(.text)
    ob_erase                                 0x080014ad   Thumb Code    72  gd32f4xx_fmc.o(.text)
    ob_write_protection_enable               0x080014f5   Thumb Code    70  gd32f4xx_fmc.o(.text)
    ob_write_protection_disable              0x0800153b   Thumb Code    94  gd32f4xx_fmc.o(.text)
    ob_drp_enable                            0x08001599   Thumb Code    74  gd32f4xx_fmc.o(.text)
    ob_drp_disable                           0x080015e3   Thumb Code    90  gd32f4xx_fmc.o(.text)
    ob_security_protection_config            0x0800163d   Thumb Code    36  gd32f4xx_fmc.o(.text)
    ob_user_write                            0x08001661   Thumb Code    46  gd32f4xx_fmc.o(.text)
    ob_user_bor_threshold                    0x0800168f   Thumb Code    18  gd32f4xx_fmc.o(.text)
    ob_boot_mode_config                      0x080016a1   Thumb Code    18  gd32f4xx_fmc.o(.text)
    ob_user_get                              0x080016b3   Thumb Code    10  gd32f4xx_fmc.o(.text)
    ob_write_protection0_get                 0x080016bd   Thumb Code    10  gd32f4xx_fmc.o(.text)
    ob_write_protection1_get                 0x080016c7   Thumb Code    12  gd32f4xx_fmc.o(.text)
    ob_drp0_get                              0x080016d3   Thumb Code    26  gd32f4xx_fmc.o(.text)
    ob_drp1_get                              0x080016ed   Thumb Code    28  gd32f4xx_fmc.o(.text)
    ob_spc_get                               0x08001709   Thumb Code    22  gd32f4xx_fmc.o(.text)
    ob_user_bor_threshold_get                0x0800171f   Thumb Code    10  gd32f4xx_fmc.o(.text)
    fmc_flag_get                             0x08001729   Thumb Code    20  gd32f4xx_fmc.o(.text)
    fmc_flag_clear                           0x0800173d   Thumb Code     8  gd32f4xx_fmc.o(.text)
    fmc_interrupt_enable                     0x08001745   Thumb Code    16  gd32f4xx_fmc.o(.text)
    fmc_interrupt_disable                    0x08001755   Thumb Code    16  gd32f4xx_fmc.o(.text)
    fmc_interrupt_flag_get                   0x08001765   Thumb Code    62  gd32f4xx_fmc.o(.text)
    fmc_interrupt_flag_clear                 0x080017a3   Thumb Code     8  gd32f4xx_fmc.o(.text)
    fwdgt_write_enable                       0x080017b5   Thumb Code    10  gd32f4xx_fwdgt.o(.text)
    fwdgt_write_disable                      0x080017bf   Thumb Code     8  gd32f4xx_fwdgt.o(.text)
    fwdgt_enable                             0x080017c7   Thumb Code    10  gd32f4xx_fwdgt.o(.text)
    fwdgt_prescaler_value_config             0x080017d1   Thumb Code    50  gd32f4xx_fwdgt.o(.text)
    fwdgt_reload_value_config                0x08001803   Thumb Code    54  gd32f4xx_fwdgt.o(.text)
    fwdgt_counter_reload                     0x08001839   Thumb Code    10  gd32f4xx_fwdgt.o(.text)
    fwdgt_config                             0x08001843   Thumb Code    94  gd32f4xx_fwdgt.o(.text)
    fwdgt_flag_get                           0x080018a1   Thumb Code    18  gd32f4xx_fwdgt.o(.text)
    gpio_deinit                              0x080018bd   Thumb Code   206  gd32f4xx_gpio.o(.text)
    gpio_mode_set                            0x0800198b   Thumb Code    78  gd32f4xx_gpio.o(.text)
    gpio_output_options_set                  0x080019d9   Thumb Code    66  gd32f4xx_gpio.o(.text)
    gpio_bit_set                             0x08001a1b   Thumb Code     4  gd32f4xx_gpio.o(.text)
    gpio_bit_reset                           0x08001a1f   Thumb Code     4  gd32f4xx_gpio.o(.text)
    gpio_bit_write                           0x08001a23   Thumb Code    10  gd32f4xx_gpio.o(.text)
    gpio_port_write                          0x08001a2d   Thumb Code     4  gd32f4xx_gpio.o(.text)
    gpio_input_bit_get                       0x08001a31   Thumb Code    16  gd32f4xx_gpio.o(.text)
    gpio_input_port_get                      0x08001a41   Thumb Code     8  gd32f4xx_gpio.o(.text)
    gpio_output_bit_get                      0x08001a49   Thumb Code    16  gd32f4xx_gpio.o(.text)
    gpio_output_port_get                     0x08001a59   Thumb Code     8  gd32f4xx_gpio.o(.text)
    gpio_af_set                              0x08001a61   Thumb Code    94  gd32f4xx_gpio.o(.text)
    gpio_pin_lock                            0x08001abf   Thumb Code    18  gd32f4xx_gpio.o(.text)
    gpio_bit_toggle                          0x08001ad1   Thumb Code     4  gd32f4xx_gpio.o(.text)
    gpio_port_toggle                         0x08001ad5   Thumb Code     8  gd32f4xx_gpio.o(.text)
    nvic_priority_group_set                  0x08001add   Thumb Code    10  gd32f4xx_misc.o(.text)
    nvic_irq_enable                          0x08001ae7   Thumb Code   186  gd32f4xx_misc.o(.text)
    nvic_irq_disable                         0x08001ba1   Thumb Code    18  gd32f4xx_misc.o(.text)
    nvic_vector_table_set                    0x08001bb3   Thumb Code    18  gd32f4xx_misc.o(.text)
    system_lowpower_set                      0x08001bc5   Thumb Code    16  gd32f4xx_misc.o(.text)
    system_lowpower_reset                    0x08001bd5   Thumb Code    16  gd32f4xx_misc.o(.text)
    systick_clksource_set                    0x08001be5   Thumb Code    40  gd32f4xx_misc.o(.text)
    rcu_flag_get                             0x08001c21   Thumb Code    32  gd32f4xx_rcu.o(.text)
    rcu_osci_stab_wait                       0x08001c41   Thumb Code   342  gd32f4xx_rcu.o(.text)
    rcu_deinit                               0x08001d97   Thumb Code   122  gd32f4xx_rcu.o(.text)
    rcu_periph_clock_enable                  0x08001e11   Thumb Code    32  gd32f4xx_rcu.o(.text)
    rcu_periph_clock_disable                 0x08001e31   Thumb Code    32  gd32f4xx_rcu.o(.text)
    rcu_periph_clock_sleep_enable            0x08001e51   Thumb Code    32  gd32f4xx_rcu.o(.text)
    rcu_periph_clock_sleep_disable           0x08001e71   Thumb Code    32  gd32f4xx_rcu.o(.text)
    rcu_periph_reset_enable                  0x08001e91   Thumb Code    32  gd32f4xx_rcu.o(.text)
    rcu_periph_reset_disable                 0x08001eb1   Thumb Code    32  gd32f4xx_rcu.o(.text)
    rcu_bkp_reset_enable                     0x08001ed1   Thumb Code    18  gd32f4xx_rcu.o(.text)
    rcu_bkp_reset_disable                    0x08001ee3   Thumb Code    18  gd32f4xx_rcu.o(.text)
    rcu_system_clock_source_config           0x08001ef5   Thumb Code    22  gd32f4xx_rcu.o(.text)
    rcu_system_clock_source_get              0x08001f0b   Thumb Code    12  gd32f4xx_rcu.o(.text)
    rcu_ahb_clock_config                     0x08001f17   Thumb Code    22  gd32f4xx_rcu.o(.text)
    rcu_apb1_clock_config                    0x08001f2d   Thumb Code    22  gd32f4xx_rcu.o(.text)
    rcu_apb2_clock_config                    0x08001f43   Thumb Code    22  gd32f4xx_rcu.o(.text)
    rcu_ckout0_config                        0x08001f59   Thumb Code    26  gd32f4xx_rcu.o(.text)
    rcu_ckout1_config                        0x08001f73   Thumb Code    26  gd32f4xx_rcu.o(.text)
    rcu_pll_config                           0x08001f8d   Thumb Code   156  gd32f4xx_rcu.o(.text)
    rcu_plli2s_config                        0x08002029   Thumb Code    40  gd32f4xx_rcu.o(.text)
    rcu_pllsai_config                        0x08002051   Thumb Code    70  gd32f4xx_rcu.o(.text)
    rcu_rtc_clock_config                     0x08002097   Thumb Code    22  gd32f4xx_rcu.o(.text)
    rcu_rtc_div_config                       0x080020ad   Thumb Code    22  gd32f4xx_rcu.o(.text)
    rcu_i2s_clock_config                     0x080020c3   Thumb Code    22  gd32f4xx_rcu.o(.text)
    rcu_ck48m_clock_config                   0x080020d9   Thumb Code    22  gd32f4xx_rcu.o(.text)
    rcu_pll48m_clock_config                  0x080020ef   Thumb Code    22  gd32f4xx_rcu.o(.text)
    rcu_timer_clock_prescaler_config         0x08002105   Thumb Code    40  gd32f4xx_rcu.o(.text)
    rcu_tli_clock_div_config                 0x0800212d   Thumb Code    22  gd32f4xx_rcu.o(.text)
    rcu_lxtal_drive_capability_config        0x08002143   Thumb Code    22  gd32f4xx_rcu.o(.text)
    rcu_osci_on                              0x08002159   Thumb Code    32  gd32f4xx_rcu.o(.text)
    rcu_osci_off                             0x08002179   Thumb Code    32  gd32f4xx_rcu.o(.text)
    rcu_osci_bypass_mode_enable              0x08002199   Thumb Code   116  gd32f4xx_rcu.o(.text)
    rcu_osci_bypass_mode_disable             0x0800220d   Thumb Code   116  gd32f4xx_rcu.o(.text)
    rcu_irc16m_adjust_value_set              0x08002281   Thumb Code    26  gd32f4xx_rcu.o(.text)
    rcu_spread_spectrum_config               0x0800229b   Thumb Code    30  gd32f4xx_rcu.o(.text)
    rcu_spread_spectrum_enable               0x080022b9   Thumb Code    18  gd32f4xx_rcu.o(.text)
    rcu_spread_spectrum_disable              0x080022cb   Thumb Code    18  gd32f4xx_rcu.o(.text)
    rcu_hxtal_clock_monitor_enable           0x080022dd   Thumb Code    18  gd32f4xx_rcu.o(.text)
    rcu_hxtal_clock_monitor_disable          0x080022ef   Thumb Code    18  gd32f4xx_rcu.o(.text)
    rcu_voltage_key_unlock                   0x08002301   Thumb Code    10  gd32f4xx_rcu.o(.text)
    rcu_deepsleep_voltage_set                0x0800230b   Thumb Code    12  gd32f4xx_rcu.o(.text)
    rcu_clock_freq_get                       0x08002317   Thumb Code   310  gd32f4xx_rcu.o(.text)
    rcu_all_reset_flag_clear                 0x0800244d   Thumb Code    14  gd32f4xx_rcu.o(.text)
    rcu_interrupt_flag_get                   0x0800245b   Thumb Code    32  gd32f4xx_rcu.o(.text)
    rcu_interrupt_flag_clear                 0x0800247b   Thumb Code    32  gd32f4xx_rcu.o(.text)
    rcu_interrupt_enable                     0x0800249b   Thumb Code    32  gd32f4xx_rcu.o(.text)
    rcu_interrupt_disable                    0x080024bb   Thumb Code    32  gd32f4xx_rcu.o(.text)
    syscfg_deinit                            0x080024e5   Thumb Code    20  gd32f4xx_syscfg.o(.text)
    syscfg_bootmode_config                   0x080024f9   Thumb Code    22  gd32f4xx_syscfg.o(.text)
    syscfg_fmc_swap_config                   0x0800250f   Thumb Code    18  gd32f4xx_syscfg.o(.text)
    syscfg_exmc_swap_config                  0x08002521   Thumb Code    18  gd32f4xx_syscfg.o(.text)
    syscfg_exti_line_config                  0x08002533   Thumb Code   170  gd32f4xx_syscfg.o(.text)
    syscfg_enet_phy_interface_config         0x080025dd   Thumb Code    22  gd32f4xx_syscfg.o(.text)
    syscfg_compensation_config               0x080025f3   Thumb Code    22  gd32f4xx_syscfg.o(.text)
    syscfg_flag_get                          0x08002609   Thumb Code    20  gd32f4xx_syscfg.o(.text)
    timer_deinit                             0x08002621   Thumb Code   374  gd32f4xx_timer.o(.text)
    timer_struct_para_init                   0x08002797   Thumb Code    22  gd32f4xx_timer.o(.text)
    timer_init                               0x080027ad   Thumb Code   124  gd32f4xx_timer.o(.text)
    timer_enable                             0x08002829   Thumb Code    10  gd32f4xx_timer.o(.text)
    timer_disable                            0x08002833   Thumb Code    10  gd32f4xx_timer.o(.text)
    timer_auto_reload_shadow_enable          0x0800283d   Thumb Code    10  gd32f4xx_timer.o(.text)
    timer_auto_reload_shadow_disable         0x08002847   Thumb Code    10  gd32f4xx_timer.o(.text)
    timer_update_event_enable                0x08002851   Thumb Code    10  gd32f4xx_timer.o(.text)
    timer_update_event_disable               0x0800285b   Thumb Code    10  gd32f4xx_timer.o(.text)
    timer_counter_alignment                  0x08002865   Thumb Code    16  gd32f4xx_timer.o(.text)
    timer_counter_up_direction               0x08002875   Thumb Code    10  gd32f4xx_timer.o(.text)
    timer_counter_down_direction             0x0800287f   Thumb Code    10  gd32f4xx_timer.o(.text)
    timer_prescaler_config                   0x08002889   Thumb Code    14  gd32f4xx_timer.o(.text)
    timer_repetition_value_config            0x08002897   Thumb Code     4  gd32f4xx_timer.o(.text)
    timer_autoreload_value_config            0x0800289b   Thumb Code     4  gd32f4xx_timer.o(.text)
    timer_counter_value_config               0x0800289f   Thumb Code     4  gd32f4xx_timer.o(.text)
    timer_counter_read                       0x080028a3   Thumb Code     8  gd32f4xx_timer.o(.text)
    timer_prescaler_read                     0x080028ab   Thumb Code    10  gd32f4xx_timer.o(.text)
    timer_single_pulse_mode_config           0x080028b5   Thumb Code    26  gd32f4xx_timer.o(.text)
    timer_update_source_config               0x080028cf   Thumb Code    26  gd32f4xx_timer.o(.text)
    timer_dma_enable                         0x080028e9   Thumb Code     8  gd32f4xx_timer.o(.text)
    timer_dma_disable                        0x080028f1   Thumb Code     8  gd32f4xx_timer.o(.text)
    timer_channel_dma_request_source_select  0x080028f9   Thumb Code    26  gd32f4xx_timer.o(.text)
    timer_dma_transfer_config                0x08002913   Thumb Code    24  gd32f4xx_timer.o(.text)
    timer_event_software_generate            0x0800292b   Thumb Code     8  gd32f4xx_timer.o(.text)
    timer_break_struct_para_init             0x08002933   Thumb Code    18  gd32f4xx_timer.o(.text)
    timer_break_config                       0x08002945   Thumb Code    30  gd32f4xx_timer.o(.text)
    timer_break_enable                       0x08002963   Thumb Code    10  gd32f4xx_timer.o(.text)
    timer_break_disable                      0x0800296d   Thumb Code    10  gd32f4xx_timer.o(.text)
    timer_automatic_output_enable            0x08002977   Thumb Code    10  gd32f4xx_timer.o(.text)
    timer_automatic_output_disable           0x08002981   Thumb Code    10  gd32f4xx_timer.o(.text)
    timer_primary_output_config              0x0800298b   Thumb Code    24  gd32f4xx_timer.o(.text)
    timer_channel_control_shadow_config      0x080029a3   Thumb Code    24  gd32f4xx_timer.o(.text)
    timer_channel_control_shadow_update_config 0x080029bb   Thumb Code    26  gd32f4xx_timer.o(.text)
    timer_channel_output_struct_para_init    0x080029d5   Thumb Code    16  gd32f4xx_timer.o(.text)
    timer_channel_output_config              0x080029e5   Thumb Code   518  gd32f4xx_timer.o(.text)
    timer_channel_output_mode_config         0x08002beb   Thumb Code    90  gd32f4xx_timer.o(.text)
    timer_channel_output_pulse_value_config  0x08002c45   Thumb Code    38  gd32f4xx_timer.o(.text)
    timer_channel_output_shadow_config       0x08002c6b   Thumb Code    90  gd32f4xx_timer.o(.text)
    timer_channel_output_fast_config         0x08002cc5   Thumb Code    90  gd32f4xx_timer.o(.text)
    timer_channel_output_clear_config        0x08002d1f   Thumb Code    90  gd32f4xx_timer.o(.text)
    timer_channel_output_polarity_config     0x08002d79   Thumb Code    92  gd32f4xx_timer.o(.text)
    timer_channel_complementary_output_polarity_config 0x08002dd5   Thumb Code    70  gd32f4xx_timer.o(.text)
    timer_channel_output_state_config        0x08002e1b   Thumb Code   102  gd32f4xx_timer.o(.text)
    timer_channel_complementary_output_state_config 0x08002e81   Thumb Code    70  gd32f4xx_timer.o(.text)
    timer_channel_input_struct_para_init     0x08002ec7   Thumb Code    16  gd32f4xx_timer.o(.text)
    timer_channel_input_capture_prescaler_config 0x08002ed7   Thumb Code    90  gd32f4xx_timer.o(.text)
    timer_input_capture_config               0x08002f31   Thumb Code   326  gd32f4xx_timer.o(.text)
    timer_channel_capture_value_register_read 0x08003077   Thumb Code    42  gd32f4xx_timer.o(.text)
    timer_input_pwm_capture_config           0x080030a1   Thumb Code   356  gd32f4xx_timer.o(.text)
    timer_hall_mode_config                   0x08003205   Thumb Code    26  gd32f4xx_timer.o(.text)
    timer_input_trigger_source_select        0x0800321f   Thumb Code    16  gd32f4xx_timer.o(.text)
    timer_master_output_trigger_source_select 0x0800322f   Thumb Code    16  gd32f4xx_timer.o(.text)
    timer_slave_mode_select                  0x0800323f   Thumb Code    16  gd32f4xx_timer.o(.text)
    timer_master_slave_mode_config           0x0800324f   Thumb Code    26  gd32f4xx_timer.o(.text)
    timer_external_trigger_config            0x08003269   Thumb Code    30  gd32f4xx_timer.o(.text)
    timer_quadrature_decoder_mode_config     0x08003287   Thumb Code    64  gd32f4xx_timer.o(.text)
    timer_internal_clock_config              0x080032c7   Thumb Code    10  gd32f4xx_timer.o(.text)
    timer_internal_trigger_as_external_clock_config 0x080032d1   Thumb Code    32  gd32f4xx_timer.o(.text)
    timer_external_trigger_as_external_clock_config 0x080032f1   Thumb Code   166  gd32f4xx_timer.o(.text)
    timer_external_clock_mode0_config        0x08003397   Thumb Code    40  gd32f4xx_timer.o(.text)
    timer_external_clock_mode1_config        0x080033bf   Thumb Code    32  gd32f4xx_timer.o(.text)
    timer_external_clock_mode1_disable       0x080033df   Thumb Code    10  gd32f4xx_timer.o(.text)
    timer_channel_remap_config               0x080033e9   Thumb Code     4  gd32f4xx_timer.o(.text)
    timer_write_chxval_register_config       0x080033ed   Thumb Code    34  gd32f4xx_timer.o(.text)
    timer_output_value_selection_config      0x0800340f   Thumb Code    34  gd32f4xx_timer.o(.text)
    timer_flag_get                           0x08003431   Thumb Code    16  gd32f4xx_timer.o(.text)
    timer_flag_clear                         0x08003441   Thumb Code     6  gd32f4xx_timer.o(.text)
    timer_interrupt_enable                   0x08003447   Thumb Code     8  gd32f4xx_timer.o(.text)
    timer_interrupt_disable                  0x0800344f   Thumb Code     8  gd32f4xx_timer.o(.text)
    timer_interrupt_flag_get                 0x08003457   Thumb Code    24  gd32f4xx_timer.o(.text)
    timer_interrupt_flag_clear               0x0800346f   Thumb Code     6  gd32f4xx_timer.o(.text)
    usart_deinit                             0x08003475   Thumb Code   210  gd32f4xx_usart.o(.text)
    usart_baudrate_set                       0x08003547   Thumb Code   224  gd32f4xx_usart.o(.text)
    usart_parity_config                      0x08003627   Thumb Code    16  gd32f4xx_usart.o(.text)
    usart_word_length_set                    0x08003637   Thumb Code    16  gd32f4xx_usart.o(.text)
    usart_stop_bit_set                       0x08003647   Thumb Code    16  gd32f4xx_usart.o(.text)
    usart_enable                             0x08003657   Thumb Code    10  gd32f4xx_usart.o(.text)
    usart_disable                            0x08003661   Thumb Code    10  gd32f4xx_usart.o(.text)
    usart_transmit_config                    0x0800366b   Thumb Code    16  gd32f4xx_usart.o(.text)
    usart_receive_config                     0x0800367b   Thumb Code    16  gd32f4xx_usart.o(.text)
    usart_data_first_config                  0x0800368b   Thumb Code    20  gd32f4xx_usart.o(.text)
    usart_invert_config                      0x0800369f   Thumb Code   104  gd32f4xx_usart.o(.text)
    usart_oversample_config                  0x08003707   Thumb Code    16  gd32f4xx_usart.o(.text)
    usart_sample_bit_config                  0x08003717   Thumb Code    16  gd32f4xx_usart.o(.text)
    usart_receiver_timeout_enable            0x08003727   Thumb Code    14  gd32f4xx_usart.o(.text)
    usart_receiver_timeout_disable           0x08003735   Thumb Code    14  gd32f4xx_usart.o(.text)
    usart_receiver_timeout_threshold_config  0x08003743   Thumb Code    20  gd32f4xx_usart.o(.text)
    usart_data_transmit                      0x08003757   Thumb Code     8  gd32f4xx_usart.o(.text)
    usart_data_receive                       0x0800375f   Thumb Code    10  gd32f4xx_usart.o(.text)
    usart_address_config                     0x08003769   Thumb Code    20  gd32f4xx_usart.o(.text)
    usart_mute_mode_enable                   0x0800377d   Thumb Code    10  gd32f4xx_usart.o(.text)
    usart_mute_mode_disable                  0x08003787   Thumb Code    10  gd32f4xx_usart.o(.text)
    usart_mute_mode_wakeup_config            0x08003791   Thumb Code    16  gd32f4xx_usart.o(.text)
    usart_lin_mode_enable                    0x080037a1   Thumb Code    10  gd32f4xx_usart.o(.text)
    usart_lin_mode_disable                   0x080037ab   Thumb Code    10  gd32f4xx_usart.o(.text)
    usart_lin_break_detection_length_config  0x080037b5   Thumb Code    20  gd32f4xx_usart.o(.text)
    usart_send_break                         0x080037c9   Thumb Code    10  gd32f4xx_usart.o(.text)
    usart_halfduplex_enable                  0x080037d3   Thumb Code    10  gd32f4xx_usart.o(.text)
    usart_halfduplex_disable                 0x080037dd   Thumb Code    10  gd32f4xx_usart.o(.text)
    usart_synchronous_clock_enable           0x080037e7   Thumb Code    10  gd32f4xx_usart.o(.text)
    usart_synchronous_clock_disable          0x080037f1   Thumb Code    10  gd32f4xx_usart.o(.text)
    usart_synchronous_clock_config           0x080037fb   Thumb Code    34  gd32f4xx_usart.o(.text)
    usart_guard_time_config                  0x0800381d   Thumb Code    24  gd32f4xx_usart.o(.text)
    usart_smartcard_mode_enable              0x08003835   Thumb Code    10  gd32f4xx_usart.o(.text)
    usart_smartcard_mode_disable             0x0800383f   Thumb Code    10  gd32f4xx_usart.o(.text)
    usart_smartcard_mode_nack_enable         0x08003849   Thumb Code    10  gd32f4xx_usart.o(.text)
    usart_smartcard_mode_nack_disable        0x08003853   Thumb Code    18  gd32f4xx_usart.o(.text)
    usart_smartcard_autoretry_config         0x08003865   Thumb Code    26  gd32f4xx_usart.o(.text)
    usart_block_length_config                0x0800387f   Thumb Code    28  gd32f4xx_usart.o(.text)
    usart_irda_mode_enable                   0x0800389b   Thumb Code    10  gd32f4xx_usart.o(.text)
    usart_irda_mode_disable                  0x080038a5   Thumb Code    10  gd32f4xx_usart.o(.text)
    usart_prescaler_config                   0x080038af   Thumb Code    16  gd32f4xx_usart.o(.text)
    usart_irda_lowpower_config               0x080038bf   Thumb Code    20  gd32f4xx_usart.o(.text)
    usart_hardware_flow_rts_config           0x080038d3   Thumb Code    20  gd32f4xx_usart.o(.text)
    usart_hardware_flow_cts_config           0x080038e7   Thumb Code    20  gd32f4xx_usart.o(.text)
    usart_break_frame_coherence_config       0x080038fb   Thumb Code    24  gd32f4xx_usart.o(.text)
    usart_parity_check_coherence_config      0x08003913   Thumb Code    24  gd32f4xx_usart.o(.text)
    usart_hardware_flow_coherence_config     0x0800392b   Thumb Code    24  gd32f4xx_usart.o(.text)
    usart_dma_receive_config                 0x08003943   Thumb Code    20  gd32f4xx_usart.o(.text)
    usart_dma_transmit_config                0x08003957   Thumb Code    20  gd32f4xx_usart.o(.text)
    usart_flag_get                           0x0800396b   Thumb Code    30  gd32f4xx_usart.o(.text)
    usart_flag_clear                         0x08003989   Thumb Code    52  gd32f4xx_usart.o(.text)
    usart_interrupt_enable                   0x080039bd   Thumb Code    26  gd32f4xx_usart.o(.text)
    usart_interrupt_disable                  0x080039d7   Thumb Code    26  gd32f4xx_usart.o(.text)
    usart_interrupt_flag_get                 0x080039f1   Thumb Code    56  gd32f4xx_usart.o(.text)
    usart_interrupt_flag_clear               0x08003a29   Thumb Code    26  gd32f4xx_usart.o(.text)
    delay_init                               0x08003a45   Thumb Code    66  delay.o(.text)
    delay_us                                 0x08003a87   Thumb Code    72  delay.o(.text)
    delay_xms                                0x08003acf   Thumb Code    72  delay.o(.text)
    delay_ms                                 0x08003b17   Thumb Code    56  delay.o(.text)
    Modbus_Slave_Timer_Init                  0x08003b59   Thumb Code    96  timer.o(.text)
    TIMER5_IRQHandler                        0x08003bb9   Thumb Code    32  timer.o(.text)
    Modbus_Master_Timer_Init                 0x08003bd9   Thumb Code    90  timer.o(.text)
    TIMER6_IRQHandler                        0x08003c33   Thumb Code    34  timer.o(.text)
    Delay_Timer_Init                         0x08003c55   Thumb Code    66  timer.o(.text)
    Dispatcher_Tim_Init                      0x08003c97   Thumb Code    90  timer.o(.text)
    TIMER0_UP_TIMER10_IRQHandler             0x08003cf1   Thumb Code    32  timer.o(.text)
    _sys_exit                                0x08003d21   Thumb Code     4  usart.o(.text)
    fputc                                    0x08003d25   Thumb Code    32  usart.o(.text)
    Master_USART_Init                        0x08003d45   Thumb Code   186  usart.o(.text)
    USART1_IRQHandler                        0x08003dff   Thumb Code    36  usart.o(.text)
    USART1_Tx_InitDMA                        0x08003e23   Thumb Code   110  usart.o(.text)
    Slave_USART_Init                         0x08003e91   Thumb Code   202  usart.o(.text)
    USART1_SendWithDMA                       0x08003f5b   Thumb Code    60  usart.o(.text)
    USART1_SendByte                          0x08003f97   Thumb Code    28  usart.o(.text)
    USART1_SendBytes                         0x08003fb3   Thumb Code    26  usart.o(.text)
    USART1_SendString                        0x08003fcd   Thumb Code    22  usart.o(.text)
    USART0_IRQHandler                        0x08003fe3   Thumb Code    36  usart.o(.text)
    DMA1_Channel7_IRQHandler                 0x08004007   Thumb Code    46  usart.o(.text)
    WriteToFlash                             0x08004035   Thumb Code    52  usart.o(.text)
    GPIO_Config                              0x08004085   Thumb Code   228  gpio.o(.text)
    Read_Switch                              0x08004169   Thumb Code   124  gpio.o(.text)
    NVIC_Config                              0x080041f5   Thumb Code   260  exti.o(.text)
    EXTI0_IRQHandler                         0x080042f9   Thumb Code    18  exti.o(.text)
    EXTI1_IRQHandler                         0x0800430b   Thumb Code    18  exti.o(.text)
    EXTI2_IRQHandler                         0x0800431d   Thumb Code    18  exti.o(.text)
    EXTI3_IRQHandler                         0x0800432f   Thumb Code    18  exti.o(.text)
    EXTI4_IRQHandler                         0x08004341   Thumb Code    18  exti.o(.text)
    EXTI5_9_IRQHandler                       0x08004353   Thumb Code    82  exti.o(.text)
    IWDG_Init                                0x080043a5   Thumb Code    32  iwdg.o(.text)
    IWDG_Feed                                0x080043c5   Thumb Code     8  iwdg.o(.text)
    ModBus_SetTimeout                        0x080043cd   Thumb Code     8  modbus_slave.o(.text)
    Modbus_ResetToIdle                       0x080043d5   Thumb Code     8  modbus_slave.o(.text)
    ModBusRecByte                            0x0800447f   Thumb Code    94  modbus_slave.o(.text)
    UpdateRawValue_Handler                   0x08004657   Thumb Code     2  modbus_slave.o(.text)
    ModBus_Pool                              0x08004703   Thumb Code   116  modbus_slave.o(.text)
    Master_Set_Idle                          0x0800479d   Thumb Code     8  modbus_master.o(.text)
    Master_Set_Timeout                       0x080047a5   Thumb Code     8  modbus_master.o(.text)
    Modbus_Master_Receive                    0x080047ad   Thumb Code    96  modbus_master.o(.text)
    Modbus_Master_SendUART                   0x0800480d   Thumb Code    94  modbus_master.o(.text)
    Calculate_CRC                            0x0800486b   Thumb Code    58  modbus_master.o(.text)
    Send_Func03_Data                         0x080048a5   Thumb Code   216  modbus_master.o(.text)
    Send_Func06_Data                         0x0800497d   Thumb Code   162  modbus_master.o(.text)
    Send_Func10_Data                         0x08004a1f   Thumb Code   188  modbus_master.o(.text)
    Send_Func10_Data_JODELL                  0x08004adb   Thumb Code   210  modbus_master.o(.text)
    Send_Func10_Data_JODELL_3                0x08004bad   Thumb Code   212  modbus_master.o(.text)
    Send_Func04_Data_JODELL                  0x08004c81   Thumb Code   162  modbus_master.o(.text)
    ValidateRegRange                         0x08004d35   Thumb Code    26  modbus_save_data.o(.text)
    BLL_Init_All                             0x08004d55   Thumb Code    66  bll_main.o(.text)
    ExecuteCommand_Handler                   0x08004d97   Thumb Code   170  bll_main.o(.text)
    BLL_SetFailure                           0x08004e41   Thumb Code    20  bll_main.o(.text)
    BLL_ClearFailure                         0x08004e55   Thumb Code    24  bll_main.o(.text)
    BLL_ClearFinishFlag                      0x08004e6d   Thumb Code    20  bll_main.o(.text)
    BLL_Stop_Mission                         0x08004e81   Thumb Code    34  bll_main.o(.text)
    BLL_Abort_Mission                        0x08004ea3   Thumb Code    38  bll_main.o(.text)
    BLL_Soft_Reset                           0x08004ec9   Thumb Code    42  bll_main.o(.text)
    BLL_Update                               0x08004ef3   Thumb Code    34  bll_main.o(.text)
    BLL_Motor_Mission                        0x08004f19   Thumb Code   262  bll_main.o(.text)
    BLL_Execute_Mission                      0x0800501f   Thumb Code    74  bll_main.o(.text)
    __Unimplemented                          0x0800509d   Thumb Code     6  bll_adapter.o(.text)
    FUN_MOTOR_STOP                           0x080050a3   Thumb Code     6  bll_adapter.o(.text)
    FUN_MOTOR_ABORT                          0x080050a9   Thumb Code     6  bll_adapter.o(.text)
    BLL_Moter_AD_BackZero                    0x080050af   Thumb Code    42  bll_adapter.o(.text)
    BLL_Motor_AD_RelativeMove                0x080050d9   Thumb Code    74  bll_adapter.o(.text)
    BLL_Motor_AD_AbsoluteMove                0x08005123   Thumb Code    74  bll_adapter.o(.text)
    BLL_Motor_AD_SpeedMode                   0x0800516d   Thumb Code    66  bll_adapter.o(.text)
    BLL_BackZero_ClearFlag                   0x080051b1   Thumb Code     8  bll_backzero.o(.text)
    BLL_BackZero_Execute                     0x08005213   Thumb Code   102  bll_backzero.o(.text)
    BLL_EEPROM_Execute                       0x0800529d   Thumb Code    58  bll_eeprom.o(.text)
    BLL_EEPROM_ClearFlag                     0x080052d7   Thumb Code     8  bll_eeprom.o(.text)
    Motor_Enable                             0x080052e5   Thumb Code    12  bll_motor.o(.text)
    Motor_Disable                            0x080052f1   Thumb Code    12  bll_motor.o(.text)
    Check_Fault                              0x080052fd   Thumb Code    14  bll_motor.o(.text)
    Forward_Run                              0x0800530b   Thumb Code    12  bll_motor.o(.text)
    Reverse_Run                              0x08005317   Thumb Code    14  bll_motor.o(.text)
    Stop                                     0x08005325   Thumb Code    12  bll_motor.o(.text)
    Brake                                    0x08005331   Thumb Code    14  bll_motor.o(.text)
    Set_Acce_Time                            0x0800533f   Thumb Code    14  bll_motor.o(.text)
    Set_Dece_Time                            0x0800534d   Thumb Code    14  bll_motor.o(.text)
    Set_Speed                                0x0800535b   Thumb Code    14  bll_motor.o(.text)
    Set_Relative_Position                    0x08005369   Thumb Code    14  bll_motor.o(.text)
    Set_Absolute_Position                    0x08005377   Thumb Code    14  bll_motor.o(.text)
    Clear_Position                           0x08005385   Thumb Code    12  bll_motor.o(.text)
    Check_Status                             0x080053a1   Thumb Code    34  bll_motor.o(.text)
    JODELL_STATUS                            0x080053c3   Thumb Code    16  bll_motor.o(.text)
    READ_JODELL_STATUS_1                     0x080053d3   Thumb Code    14  bll_motor.o(.text)
    READ_JODELL_STATUS_2                     0x080053e1   Thumb Code    14  bll_motor.o(.text)
    READ_JODELL_STATUS_NUMBER_1              0x080053ef   Thumb Code    12  bll_motor.o(.text)
    READ_JODELL_STATUS_NUMBER_2              0x080053fb   Thumb Code    12  bll_motor.o(.text)
    READ_JODELL_STATUS_3                     0x08005407   Thumb Code    14  bll_motor.o(.text)
    Check_JODELL_STATUS_OPEN_CLOSE           0x08005415   Thumb Code    46  bll_motor.o(.text)
    JODELL_OPEN_CLOSE_ACTIVETION             0x08005443   Thumb Code    36  bll_motor.o(.text)
    BLL_Claw_ClearFlag                       0x08005479   Thumb Code     8  bll_claw.o(.text)
    Claw_Action                              0x08005481   Thumb Code    68  bll_claw.o(.text)
    BLL_Claw_Execute                         0x080054c5   Thumb Code   806  bll_claw.o(.text)
    BLL_ToCase_ClearFlag                     0x08005821   Thumb Code     8  bll_tocase.o(.text)
    BLL_ToCase_Execute                       0x08005883   Thumb Code   174  bll_tocase.o(.text)
    __use_no_semihosting                     0x0800594d   Thumb Code     2  use_no_semi_2.o(.text)
    __2printf                                0x08005951   Thumb Code    20  noretval__2printf.o(.text)
    _printf_pre_padding                      0x08005969   Thumb Code    44  _printf_pad.o(.text)
    _printf_post_padding                     0x08005995   Thumb Code    34  _printf_pad.o(.text)
    _printf_int_hex                          0x080059b9   Thumb Code    84  _printf_hex_int.o(.text)
    _printf_longlong_hex                     0x080059b9   Thumb Code     0  _printf_hex_int.o(.text)
    __printf                                 0x08005a11   Thumb Code   308  __printf_flags_wp.o(.text)
    __aeabi_memcpy                           0x08005b49   Thumb Code     0  rt_memcpy_v6.o(.text)
    __rt_memcpy                              0x08005b49   Thumb Code   138  rt_memcpy_v6.o(.text)
    _memcpy_lastbytes                        0x08005baf   Thumb Code     0  rt_memcpy_v6.o(.text)
    __aeabi_memclr                           0x08005bd3   Thumb Code     0  rt_memclr.o(.text)
    __rt_memclr                              0x08005bd3   Thumb Code    68  rt_memclr.o(.text)
    _memset                                  0x08005bd7   Thumb Code     0  rt_memclr.o(.text)
    __use_two_region_memory                  0x08005c17   Thumb Code     2  heapauxi.o(.text)
    __rt_heap_escrow$2region                 0x08005c19   Thumb Code     2  heapauxi.o(.text)
    __rt_heap_expand$2region                 0x08005c1b   Thumb Code     2  heapauxi.o(.text)
    setjmp                                   0x08005c1d   Thumb Code    42  setjmp.o(.text)
    longjmp                                  0x08005c47   Thumb Code    56  setjmp.o(.text)
    __I$use$semihosting                      0x08005c7f   Thumb Code     0  use_no_semi.o(.text)
    __use_no_semihosting_swi                 0x08005c7f   Thumb Code     2  use_no_semi.o(.text)
    _printf_int_common                       0x08005c81   Thumb Code   178  _printf_intcommon.o(.text)
    _printf_char_file                        0x08005d35   Thumb Code    32  _printf_char_file.o(.text)
    __aeabi_memcpy4                          0x08005d59   Thumb Code     0  rt_memcpy_w.o(.text)
    __aeabi_memcpy8                          0x08005d59   Thumb Code     0  rt_memcpy_w.o(.text)
    __rt_memcpy_w                            0x08005d59   Thumb Code   100  rt_memcpy_w.o(.text)
    _memcpy_lastbytes_aligned                0x08005da1   Thumb Code     0  rt_memcpy_w.o(.text)
    __aeabi_memclr4                          0x08005dbd   Thumb Code     0  rt_memclr_w.o(.text)
    __aeabi_memclr8                          0x08005dbd   Thumb Code     0  rt_memclr_w.o(.text)
    __rt_memclr_w                            0x08005dbd   Thumb Code    78  rt_memclr_w.o(.text)
    _memset_w                                0x08005dc1   Thumb Code     0  rt_memclr_w.o(.text)
    _printf_char_common                      0x08005e17   Thumb Code    32  _printf_char_common.o(.text)
    ferror                                   0x08005e3d   Thumb Code     8  ferror.o(.text)
    __user_setup_stackheap                   0x08005e45   Thumb Code    74  sys_stackheap_outer.o(.text)
    exit                                     0x08005e8f   Thumb Code    18  exit.o(.text)
    __user_libspace                          0x08005ea1   Thumb Code     8  libspace.o(.text)
    __user_perproc_libspace                  0x08005ea1   Thumb Code     0  libspace.o(.text)
    __user_perthread_libspace                0x08005ea1   Thumb Code     0  libspace.o(.text)
    _is_digit                                0x08005ea9   Thumb Code    14  __printf_wp.o(i._is_digit)
    _fp_init                                 0x08005eb7   Thumb Code    10  fpinit.o(x$fpl$fpinit)
    __fplib_config_fpu_vfp                   0x08005ebf   Thumb Code     0  fpinit.o(x$fpl$fpinit)
    __fplib_config_pureend_doubles           0x08005ebf   Thumb Code     0  fpinit.o(x$fpl$fpinit)
    Region$$Table$$Base                      0x0800612c   Number         0  anon$$obj.o(Region$$Table)
    Region$$Table$$Limit                     0x0800614c   Number         0  anon$$obj.o(Region$$Table)
    MOTOR_ADDRESS                            0x20000000   Data           1  main.o(.data)
    JODELL_MOTOR_ADDRESS                     0x20000001   Data           1  main.o(.data)
    IsJumpIAP                                0x20000002   Data           1  main.o(.data)
    SystemCoreClock                          0x20000004   Data           4  system_gd32f4xx.o(.data)
    __stdout                                 0x2000000c   Data           4  usart.o(.data)
    Master_State                             0x20000016   Data           1  modbus_master.o(.data)
    USART_RX_STA                             0x2000001a   Data           2  modbus_master.o(.data)
    Reg_4x_0                                 0x2000001c   Data          20  modbus_save_data.o(.data)
    Reg_Regions                              0x20000030   Data          28  modbus_save_data.o(.data)
    Current_Trigger                          0x20000054   Data           1  bll_main.o(.data)
    jump_to_app                              0x20000058   Data           4  bll_main.o(.data)
    app_addr                                 0x2000005c   Data           4  bll_main.o(.data)
    swtich_count                             0x20000066   Data           1  bll_claw.o(.data)
    __last_error_code                        0x2000006c   Data           4  bll_tocase.o(.data)
    has_zero_flag                            0x20000071   Data           1  bll_tocase.o(.data)
    Master_Receive_Buff                      0x20000574   Data         200  modbus_master.o(.bss)
    Reg_4x_1                                 0x2000063c   Data          36  modbus_save_data.o(.bss)
    Reg_4x_2                                 0x20000660   Data          10  modbus_save_data.o(.bss)
    Reg_4x_3                                 0x2000066a   Data          22  modbus_save_data.o(.bss)
    Reg_4x_4                                 0x20000680   Data          26  modbus_save_data.o(.bss)
    Reg_4x_5                                 0x2000069a   Data          16  modbus_save_data.o(.bss)
    Reg_4x_6                                 0x200006aa   Data         200  modbus_save_data.o(.bss)
    ParamShadow                              0x20000772   Data          22  bll_main.o(.bss)
    __j_exception_buff                       0x20000788   Data         160  bll_tocase.o(.bss)
    __libspace_start                         0x20000828   Data          96  libspace.o(.bss)
    __temporary_stack_top$libspace           0x20000888   Data           0  libspace.o(.bss)



==============================================================================

Memory Map of the image

  Image Entry point : 0x08000181

  Load Region LR_IROM1 (Base: 0x08000000, Size: 0x000061c0, Max: 0x00080000, ABSOLUTE)

    Execution Region ER_IROM1 (Exec base: 0x08000000, Load base: 0x08000000, Size: 0x0000614c, Max: 0x00080000, ABSOLUTE)

    Exec Addr    Load Addr    Size         Type   Attr      Idx    E Section Name        Object

    0x08000000   0x08000000   0x00000180   Data   RO          233    RESET               startup_gd32f407.o
    0x08000180   0x08000180   0x00000008   Code   RO         1375  * !!!main             c_w.l(__main.o)
    0x08000188   0x08000188   0x00000034   Code   RO         1551    !!!scatter          c_w.l(__scatter.o)
    0x080001bc   0x080001bc   0x0000001a   Code   RO         1553    !!handler_copy      c_w.l(__scatter_copy.o)
    0x080001d6   0x080001d6   0x00000002   PAD
    0x080001d8   0x080001d8   0x0000001c   Code   RO         1555    !!handler_zi        c_w.l(__scatter_zi.o)
    0x080001f4   0x080001f4   0x00000000   Code   RO         1368    .ARM.Collect$$_printf_percent$$00000000  c_w.l(_printf_percent.o)
    0x080001f4   0x080001f4   0x00000006   Code   RO         1367    .ARM.Collect$$_printf_percent$$0000000C  c_w.l(_printf_x.o)
    0x080001fa   0x080001fa   0x00000004   Code   RO         1386    .ARM.Collect$$_printf_percent$$00000017  c_w.l(_printf_percent_end.o)
    0x080001fe   0x080001fe   0x00000002   Code   RO         1423    .ARM.Collect$$libinit$$00000000  c_w.l(libinit.o)
    0x08000200   0x08000200   0x00000004   Code   RO         1429    .ARM.Collect$$libinit$$00000001  c_w.l(libinit2.o)
    0x08000204   0x08000204   0x00000000   Code   RO         1432    .ARM.Collect$$libinit$$00000004  c_w.l(libinit2.o)
    0x08000204   0x08000204   0x00000000   Code   RO         1435    .ARM.Collect$$libinit$$0000000A  c_w.l(libinit2.o)
    0x08000204   0x08000204   0x00000000   Code   RO         1437    .ARM.Collect$$libinit$$0000000C  c_w.l(libinit2.o)
    0x08000204   0x08000204   0x00000000   Code   RO         1439    .ARM.Collect$$libinit$$0000000E  c_w.l(libinit2.o)
    0x08000204   0x08000204   0x00000000   Code   RO         1442    .ARM.Collect$$libinit$$00000011  c_w.l(libinit2.o)
    0x08000204   0x08000204   0x00000000   Code   RO         1444    .ARM.Collect$$libinit$$00000013  c_w.l(libinit2.o)
    0x08000204   0x08000204   0x00000000   Code   RO         1446    .ARM.Collect$$libinit$$00000015  c_w.l(libinit2.o)
    0x08000204   0x08000204   0x00000000   Code   RO         1448    .ARM.Collect$$libinit$$00000017  c_w.l(libinit2.o)
    0x08000204   0x08000204   0x00000000   Code   RO         1450    .ARM.Collect$$libinit$$00000019  c_w.l(libinit2.o)
    0x08000204   0x08000204   0x00000000   Code   RO         1452    .ARM.Collect$$libinit$$0000001B  c_w.l(libinit2.o)
    0x08000204   0x08000204   0x00000000   Code   RO         1454    .ARM.Collect$$libinit$$0000001D  c_w.l(libinit2.o)
    0x08000204   0x08000204   0x00000000   Code   RO         1456    .ARM.Collect$$libinit$$0000001F  c_w.l(libinit2.o)
    0x08000204   0x08000204   0x00000000   Code   RO         1458    .ARM.Collect$$libinit$$00000021  c_w.l(libinit2.o)
    0x08000204   0x08000204   0x00000000   Code   RO         1460    .ARM.Collect$$libinit$$00000023  c_w.l(libinit2.o)
    0x08000204   0x08000204   0x00000000   Code   RO         1462    .ARM.Collect$$libinit$$00000025  c_w.l(libinit2.o)
    0x08000204   0x08000204   0x00000000   Code   RO         1466    .ARM.Collect$$libinit$$0000002C  c_w.l(libinit2.o)
    0x08000204   0x08000204   0x00000000   Code   RO         1468    .ARM.Collect$$libinit$$0000002E  c_w.l(libinit2.o)
    0x08000204   0x08000204   0x00000000   Code   RO         1470    .ARM.Collect$$libinit$$00000030  c_w.l(libinit2.o)
    0x08000204   0x08000204   0x00000000   Code   RO         1472    .ARM.Collect$$libinit$$00000032  c_w.l(libinit2.o)
    0x08000204   0x08000204   0x00000002   Code   RO         1473    .ARM.Collect$$libinit$$00000033  c_w.l(libinit2.o)
    0x08000206   0x08000206   0x00000002   Code   RO         1491    .ARM.Collect$$libshutdown$$00000000  c_w.l(libshutdown.o)
    0x08000208   0x08000208   0x00000000   Code   RO         1501    .ARM.Collect$$libshutdown$$00000002  c_w.l(libshutdown2.o)
    0x08000208   0x08000208   0x00000000   Code   RO         1503    .ARM.Collect$$libshutdown$$00000004  c_w.l(libshutdown2.o)
    0x08000208   0x08000208   0x00000000   Code   RO         1505    .ARM.Collect$$libshutdown$$00000006  c_w.l(libshutdown2.o)
    0x08000208   0x08000208   0x00000000   Code   RO         1508    .ARM.Collect$$libshutdown$$00000009  c_w.l(libshutdown2.o)
    0x08000208   0x08000208   0x00000000   Code   RO         1511    .ARM.Collect$$libshutdown$$0000000C  c_w.l(libshutdown2.o)
    0x08000208   0x08000208   0x00000000   Code   RO         1513    .ARM.Collect$$libshutdown$$0000000E  c_w.l(libshutdown2.o)
    0x08000208   0x08000208   0x00000000   Code   RO         1516    .ARM.Collect$$libshutdown$$00000011  c_w.l(libshutdown2.o)
    0x08000208   0x08000208   0x00000002   Code   RO         1517    .ARM.Collect$$libshutdown$$00000012  c_w.l(libshutdown2.o)
    0x0800020a   0x0800020a   0x00000000   Code   RO         1381    .ARM.Collect$$rtentry$$00000000  c_w.l(__rtentry.o)
    0x0800020a   0x0800020a   0x00000000   Code   RO         1392    .ARM.Collect$$rtentry$$00000002  c_w.l(__rtentry2.o)
    0x0800020a   0x0800020a   0x00000006   Code   RO         1404    .ARM.Collect$$rtentry$$00000004  c_w.l(__rtentry4.o)
    0x08000210   0x08000210   0x00000000   Code   RO         1394    .ARM.Collect$$rtentry$$00000009  c_w.l(__rtentry2.o)
    0x08000210   0x08000210   0x00000004   Code   RO         1395    .ARM.Collect$$rtentry$$0000000A  c_w.l(__rtentry2.o)
    0x08000214   0x08000214   0x00000000   Code   RO         1397    .ARM.Collect$$rtentry$$0000000C  c_w.l(__rtentry2.o)
    0x08000214   0x08000214   0x00000008   Code   RO         1398    .ARM.Collect$$rtentry$$0000000D  c_w.l(__rtentry2.o)
    0x0800021c   0x0800021c   0x00000002   Code   RO         1427    .ARM.Collect$$rtexit$$00000000  c_w.l(rtexit.o)
    0x0800021e   0x0800021e   0x00000000   Code   RO         1475    .ARM.Collect$$rtexit$$00000002  c_w.l(rtexit2.o)
    0x0800021e   0x0800021e   0x00000004   Code   RO         1476    .ARM.Collect$$rtexit$$00000003  c_w.l(rtexit2.o)
    0x08000222   0x08000222   0x00000006   Code   RO         1477    .ARM.Collect$$rtexit$$00000004  c_w.l(rtexit2.o)
    0x08000228   0x08000228   0x00000024   Code   RO            3    .text               main.o
    0x0800024c   0x0800024c   0x00000022   Code   RO          184    .text               gd32f4xx_it.o
    0x0800026e   0x0800026e   0x00000002   PAD
    0x08000270   0x08000270   0x000002f0   Code   RO          207    .text               system_gd32f4xx.o
    0x08000560   0x08000560   0x00000040   Code   RO          234    .text               startup_gd32f407.o
    0x080005a0   0x080005a0   0x00000a7e   Code   RO          403    .text               gd32f4xx_dma.o
    0x0800101e   0x0800101e   0x00000002   PAD
    0x08001020   0x08001020   0x00000164   Code   RO          468    .text               gd32f4xx_exti.o
    0x08001184   0x08001184   0x00000630   Code   RO          488    .text               gd32f4xx_fmc.o
    0x080017b4   0x080017b4   0x00000108   Code   RO          508    .text               gd32f4xx_fwdgt.o
    0x080018bc   0x080018bc   0x00000220   Code   RO          528    .text               gd32f4xx_gpio.o
    0x08001adc   0x08001adc   0x00000144   Code   RO          611    .text               gd32f4xx_misc.o
    0x08001c20   0x08001c20   0x000008c4   Code   RO          652    .text               gd32f4xx_rcu.o
    0x080024e4   0x080024e4   0x0000013c   Code   RO          732    .text               gd32f4xx_syscfg.o
    0x08002620   0x08002620   0x00000e54   Code   RO          752    .text               gd32f4xx_timer.o
    0x08003474   0x08003474   0x000005ce   Code   RO          815    .text               gd32f4xx_usart.o
    0x08003a42   0x08003a42   0x00000002   PAD
    0x08003a44   0x08003a44   0x00000114   Code   RO          855    .text               delay.o
    0x08003b58   0x08003b58   0x000001c8   Code   RO          895    .text               timer.o
    0x08003d20   0x08003d20   0x00000364   Code   RO          921    .text               usart.o
    0x08004084   0x08004084   0x00000170   Code   RO          952    .text               gpio.o
    0x080041f4   0x080041f4   0x000001b0   Code   RO          973    .text               exti.o
    0x080043a4   0x080043a4   0x00000028   Code   RO         1002    .text               iwdg.o
    0x080043cc   0x080043cc   0x000003d0   Code   RO         1022    .text               modbus_slave.o
    0x0800479c   0x0800479c   0x00000598   Code   RO         1051    .text               modbus_master.o
    0x08004d34   0x08004d34   0x00000020   Code   RO         1084    .text               modbus_save_data.o
    0x08004d54   0x08004d54   0x00000348   Code   RO         1111    .text               bll_main.o
    0x0800509c   0x0800509c   0x00000112   Code   RO         1158    .text               bll_adapter.o
    0x080051ae   0x080051ae   0x00000002   PAD
    0x080051b0   0x080051b0   0x000000e0   Code   RO         1181    .text               bll_backzero.o
    0x08005290   0x08005290   0x00000054   Code   RO         1212    .text               bll_eeprom.o
    0x080052e4   0x080052e4   0x00000194   Code   RO         1234    .text               bll_motor.o
    0x08005478   0x08005478   0x000003a8   Code   RO         1257    .text               bll_claw.o
    0x08005820   0x08005820   0x0000012c   Code   RO         1284    .text               bll_tocase.o
    0x0800594c   0x0800594c   0x00000002   Code   RO         1316    .text               c_w.l(use_no_semi_2.o)
    0x0800594e   0x0800594e   0x00000002   PAD
    0x08005950   0x08005950   0x00000018   Code   RO         1320    .text               c_w.l(noretval__2printf.o)
    0x08005968   0x08005968   0x0000004e   Code   RO         1324    .text               c_w.l(_printf_pad.o)
    0x080059b6   0x080059b6   0x00000002   PAD
    0x080059b8   0x080059b8   0x00000058   Code   RO         1329    .text               c_w.l(_printf_hex_int.o)
    0x08005a10   0x08005a10   0x00000138   Code   RO         1359    .text               c_w.l(__printf_flags_wp.o)
    0x08005b48   0x08005b48   0x0000008a   Code   RO         1369    .text               c_w.l(rt_memcpy_v6.o)
    0x08005bd2   0x08005bd2   0x00000044   Code   RO         1371    .text               c_w.l(rt_memclr.o)
    0x08005c16   0x08005c16   0x00000006   Code   RO         1373    .text               c_w.l(heapauxi.o)
    0x08005c1c   0x08005c1c   0x00000062   Code   RO         1377    .text               fz_wm.l(setjmp.o)
    0x08005c7e   0x08005c7e   0x00000002   Code   RO         1379    .text               c_w.l(use_no_semi.o)
    0x08005c80   0x08005c80   0x000000b2   Code   RO         1382    .text               c_w.l(_printf_intcommon.o)
    0x08005d32   0x08005d32   0x00000002   PAD
    0x08005d34   0x08005d34   0x00000024   Code   RO         1384    .text               c_w.l(_printf_char_file.o)
    0x08005d58   0x08005d58   0x00000064   Code   RO         1387    .text               c_w.l(rt_memcpy_w.o)
    0x08005dbc   0x08005dbc   0x0000004e   Code   RO         1389    .text               c_w.l(rt_memclr_w.o)
    0x08005e0a   0x08005e0a   0x00000002   PAD
    0x08005e0c   0x08005e0c   0x00000030   Code   RO         1406    .text               c_w.l(_printf_char_common.o)
    0x08005e3c   0x08005e3c   0x00000008   Code   RO         1408    .text               c_w.l(ferror.o)
    0x08005e44   0x08005e44   0x0000004a   Code   RO         1412    .text               c_w.l(sys_stackheap_outer.o)
    0x08005e8e   0x08005e8e   0x00000012   Code   RO         1416    .text               c_w.l(exit.o)
    0x08005ea0   0x08005ea0   0x00000008   Code   RO         1424    .text               c_w.l(libspace.o)
    0x08005ea8   0x08005ea8   0x0000000e   Code   RO         1357    i._is_digit         c_w.l(__printf_wp.o)
    0x08005eb6   0x08005eb6   0x0000000a   Code   RO         1483    x$fpl$fpinit        fz_wm.l(fpinit.o)
    0x08005ec0   0x08005ec0   0x00000205   Data   RO         1024    .constdata          modbus_slave.o
    0x080060c5   0x080060c5   0x00000003   PAD
    0x080060c8   0x080060c8   0x00000028   Data   RO         1286    .constdata          bll_tocase.o
    0x080060f0   0x080060f0   0x00000028   Data   RO         1330    .constdata          c_w.l(_printf_hex_int.o)
    0x08006118   0x08006118   0x00000011   Data   RO         1360    .constdata          c_w.l(__printf_flags_wp.o)
    0x08006129   0x08006129   0x00000003   PAD
    0x0800612c   0x0800612c   0x00000020   Data   RO         1549    Region$$Table       anon$$obj.o


    Execution Region RW_IRAM1 (Exec base: 0x20000000, Load base: 0x0800614c, Size: 0x00000e88, Max: 0x00020000, ABSOLUTE)

    Exec Addr    Load Addr    Size         Type   Attr      Idx    E Section Name        Object

    0x20000000   0x0800614c   0x00000003   Data   RW            4    .data               main.o
    0x20000003   0x0800614f   0x00000001   PAD
    0x20000004   0x08006150   0x00000004   Data   RW          208    .data               system_gd32f4xx.o
    0x20000008   0x08006154   0x00000004   Data   RW          856    .data               delay.o
    0x2000000c   0x08006158   0x00000005   Data   RW          923    .data               usart.o
    0x20000011   0x0800615d   0x00000001   PAD
    0x20000012   0x0800615e   0x00000004   Data   RW         1025    .data               modbus_slave.o
    0x20000016   0x08006162   0x00000006   Data   RW         1053    .data               modbus_master.o
    0x2000001c   0x08006168   0x00000037   Data   RW         1086    .data               modbus_save_data.o
    0x20000053   0x0800619f   0x00000001   PAD
    0x20000054   0x080061a0   0x0000000c   Data   RW         1113    .data               bll_main.o
    0x20000060   0x080061ac   0x00000001   Data   RW         1182    .data               bll_backzero.o
    0x20000061   0x080061ad   0x00000001   Data   RW         1213    .data               bll_eeprom.o
    0x20000062   0x080061ae   0x00000002   Data   RW         1235    .data               bll_motor.o
    0x20000064   0x080061b0   0x00000007   Data   RW         1258    .data               bll_claw.o
    0x2000006b   0x080061b7   0x00000001   PAD
    0x2000006c   0x080061b8   0x00000006   Data   RW         1287    .data               bll_tocase.o
    0x20000072   0x080061be   0x00000002   PAD
    0x20000074        -       0x00000100   Zero   RW          922    .bss                usart.o
    0x20000174        -       0x00000400   Zero   RW         1023    .bss                modbus_slave.o
    0x20000574        -       0x000000c8   Zero   RW         1052    .bss                modbus_master.o
    0x2000063c        -       0x00000136   Zero   RW         1085    .bss                modbus_save_data.o
    0x20000772        -       0x00000016   Zero   RW         1112    .bss                bll_main.o
    0x20000788        -       0x000000a0   Zero   RW         1285    .bss                bll_tocase.o
    0x20000828        -       0x00000060   Zero   RW         1425    .bss                c_w.l(libspace.o)
    0x20000888        -       0x00000200   Zero   RW          232    HEAP                startup_gd32f407.o
    0x20000a88        -       0x00000400   Zero   RW          231    STACK               startup_gd32f407.o


==============================================================================

Image component sizes


      Code (inc. data)   RO Data    RW Data    ZI Data      Debug   Object Name

       274          0          0          0          0       2194   bll_adapter.o
       224         24          0          1          0       2386   bll_backzero.o
       936         62          0          7          0       3861   bll_claw.o
        84          6          0          1          0       1666   bll_eeprom.o
       840         70          0         12         22      32499   bll_main.o
       404         18          0          2          0       4813   bll_motor.o
       300         28         40          6        160       2627   bll_tocase.o
       276         10          0          4          0       1385   delay.o
       432          8          0          0          0       2406   exti.o
         0          0          0          0          0      13096   gd32f4xx_adc.o
      2686          8          0          0          0      10458   gd32f4xx_dma.o
       356          4          0          0          0       2661   gd32f4xx_exti.o
      1584         34          0          0          0       8480   gd32f4xx_fmc.o
       264         10          0          0          0       2314   gd32f4xx_fwdgt.o
       544         10          0          0          0       4294   gd32f4xx_gpio.o
        34          0          0          0          0       1262   gd32f4xx_it.o
       324         20          0          0          0       1949   gd32f4xx_misc.o
      2244         74          0          0          0      11093   gd32f4xx_rcu.o
       316          4          0          0          0       2274   gd32f4xx_syscfg.o
      3668         42          0          0          0      19042   gd32f4xx_timer.o
      1486         14          0          0          0      12120   gd32f4xx_usart.o
       368         28          0          0          0        946   gpio.o
        40          0          0          0          0        726   iwdg.o
        36          4          0          3          0      82700   main.o
      1432         52          0          6        200       6114   modbus_master.o
        32          6          0         55        310       4824   modbus_save_data.o
       976         38        517          4       1024       5343   modbus_slave.o
        64         26        384          0       1536        848   startup_gd32f407.o
       752         54          0          4          0       2449   system_gd32f4xx.o
       456         16          0          0          0       2237   timer.o
       868         28          0          5        256       5369   usart.o

    ----------------------------------------------------------------------
     22308        698        976        116       3508     254436   Object Totals
         0          0         32          0          0          0   (incl. Generated)
         8          0          3          6          0          0   (incl. Padding)

    ----------------------------------------------------------------------

      Code (inc. data)   RO Data    RW Data    ZI Data      Debug   Library Member Name

         8          0          0          0          0         68   __main.o
       312          4         17          0          0         92   __printf_flags_wp.o
        14          0          0          0          0         68   __printf_wp.o
         0          0          0          0          0          0   __rtentry.o
        12          0          0          0          0          0   __rtentry2.o
         6          0          0          0          0          0   __rtentry4.o
        52          8          0          0          0          0   __scatter.o
        26          0          0          0          0          0   __scatter_copy.o
        28          0          0          0          0          0   __scatter_zi.o
        48          6          0          0          0         96   _printf_char_common.o
        36          4          0          0          0         80   _printf_char_file.o
        88          4         40          0          0         88   _printf_hex_int.o
       178          0          0          0          0         88   _printf_intcommon.o
        78          0          0          0          0        108   _printf_pad.o
         0          0          0          0          0          0   _printf_percent.o
         4          0          0          0          0          0   _printf_percent_end.o
         6          0          0          0          0          0   _printf_x.o
        18          0          0          0          0         80   exit.o
         8          0          0          0          0         68   ferror.o
         6          0          0          0          0        152   heapauxi.o
         2          0          0          0          0          0   libinit.o
         6          0          0          0          0          0   libinit2.o
         2          0          0          0          0          0   libshutdown.o
         2          0          0          0          0          0   libshutdown2.o
         8          4          0          0         96         68   libspace.o
        24          4          0          0          0         84   noretval__2printf.o
        68          0          0          0          0         68   rt_memclr.o
        78          0          0          0          0         80   rt_memclr_w.o
       138          0          0          0          0         68   rt_memcpy_v6.o
       100          0          0          0          0         80   rt_memcpy_w.o
         2          0          0          0          0          0   rtexit.o
        10          0          0          0          0          0   rtexit2.o
        74          0          0          0          0         80   sys_stackheap_outer.o
         2          0          0          0          0         68   use_no_semi.o
         2          0          0          0          0         68   use_no_semi_2.o
        10          0          0          0          0        116   fpinit.o
        98          0          0          0          0        144   setjmp.o

    ----------------------------------------------------------------------
      1564         34         60          0         96       1912   Library Totals
        10          0          3          0          0          0   (incl. Padding)

    ----------------------------------------------------------------------

      Code (inc. data)   RO Data    RW Data    ZI Data      Debug   Library Name

      1446         34         57          0         96       1652   c_w.l
       108          0          0          0          0        260   fz_wm.l

    ----------------------------------------------------------------------
      1564         34         60          0         96       1912   Library Totals

    ----------------------------------------------------------------------

==============================================================================


      Code (inc. data)   RO Data    RW Data    ZI Data      Debug   

     23872        732       1036        116       3604     249516   Grand Totals
     23872        732       1036        116       3604     249516   ELF Image Totals
     23872        732       1036        116          0          0   ROM Totals

==============================================================================

    Total RO  Size (Code + RO Data)                24908 (  24.32kB)
    Total RW  Size (RW Data + ZI Data)              3720 (   3.63kB)
    Total ROM Size (Code + RO Data + RW Data)      25024 (  24.44kB)

==============================================================================

