Component: ARM Compiler 5.06 update 6 (build 750) Tool: armlink [4d35ed]

==============================================================================

Section Cross References

    main.o(i.main) refers to system_gd32f4xx.o(i.SystemInit) for SystemInit
    main.o(i.main) refers to delay.o(i.delay_init) for delay_init
    main.o(i.main) refers to bll_main.o(i.BLL_Init_All) for BLL_Init_All
    main.o(i.main) refers to bll_main.o(i.BLL_Execute_Mission) for BLL_Execute_Mission
    main.o(i.main) refers to bll_main.o(i.BLL_Update) for BLL_Update
    main.o(i.main) refers to main.o(.data) for IsJumpIAP
    system_gd32f4xx.o(i.SystemCoreClockUpdate) refers to system_gd32f4xx.o(.data) for SystemCoreClock
    system_gd32f4xx.o(i.SystemInit) refers to system_gd32f4xx.o(i.system_clock_config) for system_clock_config
    system_gd32f4xx.o(i.system_clock_config) refers to system_gd32f4xx.o(i.system_clock_168m_8m_hxtal) for system_clock_168m_8m_hxtal
    startup_gd32f407.o(STACK) refers (Special) to heapauxi.o(.text) for __use_two_region_memory
    startup_gd32f407.o(HEAP) refers (Special) to heapauxi.o(.text) for __use_two_region_memory
    startup_gd32f407.o(RESET) refers (Special) to heapauxi.o(.text) for __use_two_region_memory
    startup_gd32f407.o(RESET) refers to startup_gd32f407.o(STACK) for __initial_sp
    startup_gd32f407.o(RESET) refers to startup_gd32f407.o(.text) for Reset_Handler
    startup_gd32f407.o(RESET) refers to gd32f4xx_it.o(i.NMI_Handler) for NMI_Handler
    startup_gd32f407.o(RESET) refers to gd32f4xx_it.o(i.HardFault_Handler) for HardFault_Handler
    startup_gd32f407.o(RESET) refers to gd32f4xx_it.o(i.MemManage_Handler) for MemManage_Handler
    startup_gd32f407.o(RESET) refers to gd32f4xx_it.o(i.BusFault_Handler) for BusFault_Handler
    startup_gd32f407.o(RESET) refers to gd32f4xx_it.o(i.UsageFault_Handler) for UsageFault_Handler
    startup_gd32f407.o(RESET) refers to gd32f4xx_it.o(i.SVC_Handler) for SVC_Handler
    startup_gd32f407.o(RESET) refers to gd32f4xx_it.o(i.DebugMon_Handler) for DebugMon_Handler
    startup_gd32f407.o(RESET) refers to gd32f4xx_it.o(i.PendSV_Handler) for PendSV_Handler
    startup_gd32f407.o(RESET) refers to gd32f4xx_it.o(i.SysTick_Handler) for SysTick_Handler
    startup_gd32f407.o(RESET) refers to exti.o(i.EXTI0_IRQHandler) for EXTI0_IRQHandler
    startup_gd32f407.o(RESET) refers to exti.o(i.EXTI1_IRQHandler) for EXTI1_IRQHandler
    startup_gd32f407.o(RESET) refers to exti.o(i.EXTI2_IRQHandler) for EXTI2_IRQHandler
    startup_gd32f407.o(RESET) refers to exti.o(i.EXTI3_IRQHandler) for EXTI3_IRQHandler
    startup_gd32f407.o(RESET) refers to exti.o(i.EXTI4_IRQHandler) for EXTI4_IRQHandler
    startup_gd32f407.o(RESET) refers to exti.o(i.EXTI5_9_IRQHandler) for EXTI5_9_IRQHandler
    startup_gd32f407.o(RESET) refers to timer.o(i.TIMER0_UP_TIMER10_IRQHandler) for TIMER0_UP_TIMER10_IRQHandler
    startup_gd32f407.o(RESET) refers to ji2c.o(i.I2C1_EV_IRQHandler) for I2C1_EV_IRQHandler
    startup_gd32f407.o(RESET) refers to ji2c.o(i.I2C1_ER_IRQHandler) for I2C1_ER_IRQHandler
    startup_gd32f407.o(RESET) refers to usart.o(i.USART0_IRQHandler) for USART0_IRQHandler
    startup_gd32f407.o(RESET) refers to usart.o(i.USART1_IRQHandler) for USART1_IRQHandler
    startup_gd32f407.o(RESET) refers to timer.o(i.TIMER5_IRQHandler) for TIMER5_IRQHandler
    startup_gd32f407.o(RESET) refers to timer.o(i.TIMER6_IRQHandler) for TIMER6_IRQHandler
    startup_gd32f407.o(RESET) refers to usart.o(i.DMA1_Channel7_IRQHandler) for DMA1_Channel7_IRQHandler
    startup_gd32f407.o(.text) refers (Special) to heapauxi.o(.text) for __use_two_region_memory
    startup_gd32f407.o(.text) refers to system_gd32f4xx.o(i.SystemInit) for SystemInit
    startup_gd32f407.o(.text) refers to __main.o(!!!main) for __main
    startup_gd32f407.o(.text) refers to startup_gd32f407.o(HEAP) for Heap_Mem
    startup_gd32f407.o(.text) refers to startup_gd32f407.o(STACK) for Stack_Mem
    gd32f4xx_adc.o(i.adc_deinit) refers to gd32f4xx_rcu.o(i.rcu_periph_reset_enable) for rcu_periph_reset_enable
    gd32f4xx_adc.o(i.adc_deinit) refers to gd32f4xx_rcu.o(i.rcu_periph_reset_disable) for rcu_periph_reset_disable
    gd32f4xx_can.o(i.can_debug_freeze_disable) refers to gd32f4xx_dbg.o(i.dbg_periph_disable) for dbg_periph_disable
    gd32f4xx_can.o(i.can_debug_freeze_enable) refers to gd32f4xx_dbg.o(i.dbg_periph_enable) for dbg_periph_enable
    gd32f4xx_can.o(i.can_deinit) refers to gd32f4xx_rcu.o(i.rcu_periph_reset_enable) for rcu_periph_reset_enable
    gd32f4xx_can.o(i.can_deinit) refers to gd32f4xx_rcu.o(i.rcu_periph_reset_disable) for rcu_periph_reset_disable
    gd32f4xx_can.o(i.can_interrupt_flag_get) refers to gd32f4xx_can.o(i.can_receive_message_length_get) for can_receive_message_length_get
    gd32f4xx_can.o(i.can_interrupt_flag_get) refers to gd32f4xx_can.o(i.can_error_get) for can_error_get
    gd32f4xx_ctc.o(i.ctc_deinit) refers to gd32f4xx_rcu.o(i.rcu_periph_reset_enable) for rcu_periph_reset_enable
[...]
    i.Get_CRC16                              0x08001240   Section        0  modbus_slave.o(i.Get_CRC16)
    Get_CRC16                                0x08001241   Thumb Code    58  modbus_slave.o(i.Get_CRC16)
    i.Handle_0x03                            0x08001284   Section        0  modbus_slave.o(i.Handle_0x03)
    Handle_0x03                              0x08001285   Thumb Code   170  modbus_slave.o(i.Handle_0x03)
    i.Handle_0x06                            0x08001338   Section        0  modbus_slave.o(i.Handle_0x06)
    Handle_0x06                              0x08001339   Thumb Code   136  modbus_slave.o(i.Handle_0x06)
    i.Handle_0x10                            0x080013c8   Section        0  modbus_slave.o(i.Handle_0x10)
    Handle_0x10                              0x080013c9   Thumb Code   168  modbus_slave.o(i.Handle_0x10)
    i.Handle_0x64                            0x08001478   Section        0  modbus_slave.o(i.Handle_0x64)
    Handle_0x64                              0x08001479   Thumb Code    24  modbus_slave.o(i.Handle_0x64)
    i.HardFault_Handler                      0x08001498   Section        0  gd32f4xx_it.o(i.HardFault_Handler)
    i.I2C1_ER_IRQHandler                     0x0800149c   Section        0  ji2c.o(i.I2C1_ER_IRQHandler)
    i.I2C1_EV_IRQHandler                     0x0800151c   Section        0  ji2c.o(i.I2C1_EV_IRQHandler)
    i.IWDG_Feed                              0x080016fc   Section        0  iwdg.o(i.IWDG_Feed)
    i.JI2C_IIC_Init                          0x08001704   Section        0  ji2c.o(i.JI2C_IIC_Init)
    JI2C_IIC_Init                            0x08001705   Thumb Code    62  ji2c.o(i.JI2C_IIC_Init)
    i.JI2C_IO_Init                           0x08001748   Section        0  ji2c.o(i.JI2C_IO_Init)
    JI2C_IO_Init                             0x08001749   Thumb Code    54  ji2c.o(i.JI2C_IO_Init)
    i.JI2C_Init                              0x08001784   Section        0  ji2c.o(i.JI2C_Init)
    i.JI2C_Interrupt_Init                    0x0800179c   Section        0  ji2c.o(i.JI2C_Interrupt_Init)
    JI2C_Interrupt_Init                      0x0800179d   Thumb Code    54  ji2c.o(i.JI2C_Interrupt_Init)
    i.JI2C_ReadReg8_Async                    0x080017d8   Section        0  ji2c.o(i.JI2C_ReadReg8_Async)
    i.JI2C_WriteReg8_Async                   0x0800181c   Section        0  ji2c.o(i.JI2C_WriteReg8_Async)
    i.Master_Set_Timeout                     0x08001860   Section        0  modbus_master.o(i.Master_Set_Timeout)
    i.Master_USART_Init                      0x0800186c   Section        0  usart.o(i.Master_USART_Init)
    i.MemManage_Handler                      0x08001930   Section        0  gd32f4xx_it.o(i.MemManage_Handler)
    i.ModBusRecByte                          0x08001934   Section        0  modbus_slave.o(i.ModBusRecByte)
    i.ModBus_Pool                            0x080019a4   Section        0  modbus_slave.o(i.ModBus_Pool)
    i.ModBus_SetTimeout                      0x08001a24   Section        0  modbus_slave.o(i.ModBus_SetTimeout)
    i.Modbus_Master_Receive                  0x08001a30   Section        0  modbus_master.o(i.Modbus_Master_Receive)
    i.Modbus_Master_SendUART                 0x08001aa0   Section        0  modbus_master.o(i.Modbus_Master_SendUART)
    i.Modbus_Master_Timer_Init               0x08001b04   Section        0  timer.o(i.Modbus_Master_Timer_Init)
    i.Modbus_ResetToIdle                     0x08001b64   Section        0  modbus_slave.o(i.Modbus_ResetToIdle)
    i.Modbus_Slave_Timer_Init                0x08001b70   Section        0  timer.o(i.Modbus_Slave_Timer_Init)
    i.NMI_Handler                            0x08001bd4   Section        0  gd32f4xx_it.o(i.NMI_Handler)
    i.NOP                                    0x08001bd8   Section        0  bll_main.o(i.NOP)
    NOP                                      0x08001bd9   Thumb Code     4  bll_main.o(i.NOP)
    i.NVIC_Config                            0x08001bdc   Section        0  exti.o(i.NVIC_Config)
    i.PendSV_Handler                         0x08001ce0   Section        0  gd32f4xx_it.o(i.PendSV_Handler)
    i.Read_Default                           0x08001ce4   Section        0  bll_eeprom.o(i.Read_Default)
    Read_Default                             0x08001ce5   Thumb Code    82  bll_eeprom.o(i.Read_Default)
    i.Read_Switch                            0x08001d40   Section        0  gpio.o(i.Read_Switch)
    i.Reverse_Run                            0x08001dc4   Section        0  bll_motor.o(i.Reverse_Run)
    i.SVC_Handler                            0x08001dd2   Section        0  gd32f4xx_it.o(i.SVC_Handler)
    i.Save_Data                              0x08001dd8   Section        0  bll_eeprom.o(i.Save_Data)
    Save_Data                                0x08001dd9   Thumb Code    52  bll_eeprom.o(i.Save_Data)
    i.Save_Default                           0x08001e14   Section        0  bll_eeprom.o(i.Save_Default)
    Save_Default                             0x08001e15   Thumb Code    40  bll_eeprom.o(i.Save_Default)
    i.SendError                              0x08001e44   Section        0  modbus_slave.o(i.SendError)
    SendError                                0x08001e45   Thumb Code    44  modbus_slave.o(i.SendError)
    i.Send_Func03_Data                       0x08001e74   Section        0  modbus_master.o(i.Send_Func03_Data)
    i.Send_Func06_Data                       0x08001f60   Section        0  modbus_master.o(i.Send_Func06_Data)
    i.Send_Func10_Data                       0x08002014   Section        0  modbus_master.o(i.Send_Func10_Data)
    i.Set_Absolute_Position                  0x080020e0   Section        0  bll_motor.o(i.Set_Absolute_Position)
    i.Set_Acce_Time                          0x080020ee   Section        0  bll_motor.o(i.Set_Acce_Time)
    i.Set_Dece_Time                          0x080020fc   Section        0  bll_motor.o(i.Set_Dece_Time)
    i.Set_Relative_Position                  0x0800210a   Section        0  bll_motor.o(i.Set_Relative_Position)
    i.Set_Speed                              0x08002118   Section        0  bll_motor.o(i.Set_Speed)
    i.Slave_USART_Init                       0x08002128   Section        0  usart.o(i.Slave_USART_Init)
    i.Stop                                   0x080021fc   Section        0  bll_motor.o(i.Stop)
    i.SysTick_Handler                        0x08002208   Section        0  gd32f4xx_it.o(i.SysTick_Handler)
    i.SystemInit                             0x0800220c   Section        0  system_gd32f4xx.o(i.SystemInit)
    i.TIMER0_UP_TIMER10_IRQHandler           0x080022e0   Section        0  timer.o(i.TIMER0_UP_TIMER10_IRQHandler)
    i.TIMER5_IRQHandler                      0x08002304   Section        0  timer.o(i.TIMER5_IRQHandler)
    i.TIMER6_IRQHandler                      0x08002328   Section        0  timer.o(i.TIMER6_IRQHandler)
    i.USART0_IRQHandler                      0x08002350   Section        0  usart.o(i.USART0_IRQHandler)
    i.USART1_IRQHandler                      0x0800237c   Section        0  usart.o(i.USART1_IRQHandler)
    i.USART1_SendWithDMA                     0x080023a8   Section        0  usart.o(i.USART1_SendWithDMA)
    i.USART1_Tx_InitDMA                      0x080023f0   Section        0  usart.o(i.USART1_Tx_InitDMA)
    i.UpdateRawValue_Handler                 0x0800246c   Section        0  modbus_slave.o(i.UpdateRawValue_Handler)
    i.UsageFault_Handler                     0x0800246e   Section        0  gd32f4xx_it.o(i.UsageFault_Handler)
    i.ValidateRegRange                       0x08002474   Section        0  modbus_save_data.o(i.ValidateRegRange)
    i._sys_exit                              0x08002494   Section        0  usart.o(i._sys_exit)
    i.delay_init                             0x08002498   Section        0  delay.o(i.delay_init)
    i.delay_ms                               0x080024e4   Section        0  delay.o(i.delay_ms)
    i.delay_us                               0x0800251c   Section        0  delay.o(i.delay_us)
    i.delay_xms                              0x08002568   Section        0  delay.o(i.delay_xms)
    i.dma_channel_disable                    0x080025b4   Section        0  gd32f4xx_dma.o(i.dma_channel_disable)
    i.dma_channel_enable                     0x080025d4   Section        0  gd32f4xx_dma.o(i.dma_channel_enable)
    i.dma_channel_subperipheral_select       0x080025f4   Section        0  gd32f4xx_dma.o(i.dma_channel_subperipheral_select)
    i.dma_deinit                             0x0800261a   Section        0  gd32f4xx_dma.o(i.dma_deinit)
    i.dma_flag_clear                         0x080026c0   Section        0  gd32f4xx_dma.o(i.dma_flag_clear)
    i.dma_interrupt_enable                   0x080026fe   Section        0  gd32f4xx_dma.o(i.dma_interrupt_enable)
    i.dma_interrupt_flag_clear               0x0800273c   Section        0  gd32f4xx_dma.o(i.dma_interrupt_flag_clear)
    i.dma_interrupt_flag_get                 0x0800277a   Section        0  gd32f4xx_dma.o(i.dma_interrupt_flag_get)
    i.dma_single_data_mode_init              0x08002980   Section        0  gd32f4xx_dma.o(i.dma_single_data_mode_init)
    i.dma_transfer_number_config             0x08002ad8   Section        0  gd32f4xx_dma.o(i.dma_transfer_number_config)
    i.exti_init                              0x08002ae8   Section        0  gd32f4xx_exti.o(i.exti_init)
    i.exti_interrupt_flag_clear              0x08002ba4   Section        0  gd32f4xx_exti.o(i.exti_interrupt_flag_clear)
    i.exti_interrupt_flag_get                0x08002bb0   Section        0  gd32f4xx_exti.o(i.exti_interrupt_flag_get)
    i.fwdgt_counter_reload                   0x08002bc8   Section        0  gd32f4xx_fwdgt.o(i.fwdgt_counter_reload)
    i.gpio_af_set                            0x08002bd8   Section        0  gd32f4xx_gpio.o(i.gpio_af_set)
    i.gpio_mode_set                          0x08002c36   Section        0  gd32f4xx_gpio.o(i.gpio_mode_set)
    i.gpio_output_options_set                0x08002c84   Section        0  gd32f4xx_gpio.o(i.gpio_output_options_set)
    i.i2c_ack_config                         0x08002cc6   Section        0  gd32f4xx_i2c.o(i.i2c_ack_config)
    i.i2c_ackpos_config                      0x08002cd6   Section        0  gd32f4xx_i2c.o(i.i2c_ackpos_config)
    i.i2c_data_receive                       0x08002ce6   Section        0  gd32f4xx_i2c.o(i.i2c_data_receive)
    i.i2c_data_transmit                      0x08002cee   Section        0  gd32f4xx_i2c.o(i.i2c_data_transmit)
    i.i2c_deinit                             0x08002cf4   Section        0  gd32f4xx_i2c.o(i.i2c_deinit)
    i.i2c_enable                             0x08002d4c   Section        0  gd32f4xx_i2c.o(i.i2c_enable)
    i.i2c_flag_clear                         0x08002d56   Section        0  gd32f4xx_i2c.o(i.i2c_flag_clear)
    i.i2c_flag_get                           0x08002d7e   Section        0  gd32f4xx_i2c.o(i.i2c_flag_get)
    i.i2c_interrupt_disable                  0x08002d9c   Section        0  gd32f4xx_i2c.o(i.i2c_interrupt_disable)
    i.i2c_interrupt_enable                   0x08002db6   Section        0  gd32f4xx_i2c.o(i.i2c_interrupt_enable)
    i.i2c_master_addressing                  0x08002dd0   Section        0  gd32f4xx_i2c.o(i.i2c_master_addressing)
    i.i2c_mode_addr_config                   0x08002de4   Section        0  gd32f4xx_i2c.o(i.i2c_mode_addr_config)
    i.i2c_start_on_bus                       0x08002e00   Section        0  gd32f4xx_i2c.o(i.i2c_start_on_bus)
    i.i2c_stop_on_bus                        0x08002e0a   Section        0  gd32f4xx_i2c.o(i.i2c_stop_on_bus)
    i.main                                   0x08002e14   Section        0  main.o(i.main)
    i.mydelay                                0x08002e38   Section        0  bll_tocase.o(i.mydelay)
    i.nvic_irq_enable                        0x08002e70   Section        0  gd32f4xx_misc.o(i.nvic_irq_enable)
    i.nvic_priority_group_set                0x08002f34   Section        0  gd32f4xx_misc.o(i.nvic_priority_group_set)
    i.rcu_clock_freq_get                     0x08002f48   Section        0  gd32f4xx_rcu.o(i.rcu_clock_freq_get)
    i.rcu_periph_clock_enable                0x0800306c   Section        0  gd32f4xx_rcu.o(i.rcu_periph_clock_enable)
    i.rcu_periph_reset_disable               0x08003090   Section        0  gd32f4xx_rcu.o(i.rcu_periph_reset_disable)
    i.rcu_periph_reset_enable                0x080030b4   Section        0  gd32f4xx_rcu.o(i.rcu_periph_reset_enable)
    i.syscfg_exti_line_config                0x080030d8   Section        0  gd32f4xx_syscfg.o(i.syscfg_exti_line_config)
    i.system_clock_168m_8m_hxtal             0x08003184   Section        0  system_gd32f4xx.o(i.system_clock_168m_8m_hxtal)
    system_clock_168m_8m_hxtal               0x08003185   Thumb Code   250  system_gd32f4xx.o(i.system_clock_168m_8m_hxtal)
    i.system_clock_config                    0x0800328c   Section        0  system_gd32f4xx.o(i.system_clock_config)
    system_clock_config                      0x0800328d   Thumb Code     8  system_gd32f4xx.o(i.system_clock_config)
    i.timer_counter_value_config             0x08003294   Section        0  gd32f4xx_timer.o(i.timer_counter_value_config)
    i.timer_deinit                           0x08003298   Section        0  gd32f4xx_timer.o(i.timer_deinit)
    i.timer_disable                          0x0800341c   Section        0  gd32f4xx_timer.o(i.timer_disable)
    i.timer_enable                           0x08003426   Section        0  gd32f4xx_timer.o(i.timer_enable)
    i.timer_init                             0x08003430   Section        0  gd32f4xx_timer.o(i.timer_init)
    i.timer_interrupt_enable                 0x080034c8   Section        0  gd32f4xx_timer.o(i.timer_interrupt_enable)
    i.timer_interrupt_flag_clear             0x080034d0   Section        0  gd32f4xx_timer.o(i.timer_interrupt_flag_clear)
    i.timer_interrupt_flag_get               0x080034d6   Section        0  gd32f4xx_timer.o(i.timer_interrupt_flag_get)
    i.usart_baudrate_set                     0x080034f0   Section        0  gd32f4xx_usart.o(i.usart_baudrate_set)
    i.usart_data_receive                     0x080035d8   Section        0  gd32f4xx_usart.o(i.usart_data_receive)
    i.usart_data_transmit                    0x080035e2   Section        0  gd32f4xx_usart.o(i.usart_data_transmit)
    i.usart_deinit                           0x080035ec   Section        0  gd32f4xx_usart.o(i.usart_deinit)
    i.usart_dma_transmit_config              0x080036c8   Section        0  gd32f4xx_usart.o(i.usart_dma_transmit_config)
    i.usart_enable                           0x080036dc   Section        0  gd32f4xx_usart.o(i.usart_enable)
    i.usart_flag_clear                       0x080036e6   Section        0  gd32f4xx_usart.o(i.usart_flag_clear)
    i.usart_flag_get                         0x0800371a   Section        0  gd32f4xx_usart.o(i.usart_flag_get)
    i.usart_hardware_flow_cts_config         0x08003738   Section        0  gd32f4xx_usart.o(i.usart_hardware_flow_cts_config)
    i.usart_hardware_flow_rts_config         0x0800374c   Section        0  gd32f4xx_usart.o(i.usart_hardware_flow_rts_config)
    i.usart_interrupt_enable                 0x08003760   Section        0  gd32f4xx_usart.o(i.usart_interrupt_enable)
    i.usart_interrupt_flag_clear             0x0800377a   Section        0  gd32f4xx_usart.o(i.usart_interrupt_flag_clear)
    i.usart_interrupt_flag_get               0x08003794   Section        0  gd32f4xx_usart.o(i.usart_interrupt_flag_get)
    i.usart_parity_config                    0x080037cc   Section        0  gd32f4xx_usart.o(i.usart_parity_config)
    i.usart_receive_config                   0x080037dc   Section        0  gd32f4xx_usart.o(i.usart_receive_config)
    i.usart_stop_bit_set                     0x080037ec   Section        0  gd32f4xx_usart.o(i.usart_stop_bit_set)
    i.usart_transmit_config                  0x080037fc   Section        0  gd32f4xx_usart.o(i.usart_transmit_config)
    i.usart_word_length_set                  0x0800380c   Section        0  gd32f4xx_usart.o(i.usart_word_length_set)
    x$fpl$fpinit                             0x0800381c   Section       10  fpinit.o(x$fpl$fpinit)
    $v0                                      0x0800381c   Number         0  fpinit.o(x$fpl$fpinit)
    .constdata                               0x08003828   Section      517  modbus_slave.o(.constdata)
    aucCRCHi                                 0x08003828   Data         256  modbus_slave.o(.constdata)
    aucCRCLo                                 0x08003928   Data         256  modbus_slave.o(.constdata)
    .constdata                               0x08003a30   Section       76  bll_tocase.o(.constdata)
    .data                                    0x20000000   Section        3  main.o(.data)
    .data                                    0x20000004   Section        4  delay.o(.data)
    fac_us                                   0x20000004   Data           1  delay.o(.data)
    fac_ms                                   0x20000006   Data           2  delay.o(.data)
    .data                                    0x20000008   Section        5  usart.o(.data)
    DMA_Status                               0x2000000c   Data           1  usart.o(.data)
    .data                                    0x2000000e   Section        4  modbus_slave.o(.data)
    MState                                   0x2000000e   Data           1  modbus_slave.o(.data)
    RecCount                                 0x20000010   Data           2  modbus_slave.o(.data)
    .data                                    0x20000012   Section        6  modbus_master.o(.data)
    Master_Rec_Count                         0x20000014   Data           2  modbus_master.o(.data)
    .data                                    0x20000018   Section       55  modbus_save_data.o(.data)
    _RegionSize                              0x20000048   Data           7  modbus_save_data.o(.data)
    .data                                    0x20000050   Section       12  bll_main.o(.data)
    .data                                    0x2000005c   Section        1  bll_backzero.o(.data)
    backzero_flag                            0x2000005c   Data           1  bll_backzero.o(.data)
    .data                                    0x2000005d   Section        2  bll_eeprom.o(.data)
    flag                                     0x2000005d   Data           1  bll_eeprom.o(.data)
    wait_flag                                0x2000005e   Data           1  bll_eeprom.o(.data)
    .data                                    0x20000060   Section        4  bll_motor.o(.data)
    wait_flag                                0x20000060   Data           2  bll_motor.o(.data)
    code                                     0x20000062   Data           2  bll_motor.o(.data)
    .data                                    0x20000064   Section       88  bll_tocase.o(.data)
    tocase_flag                              0x20000064   Data           1  bll_tocase.o(.data)
    swtich_flag                              0x20000067   Data           1  bll_tocase.o(.data)
    fast_move_flag                           0x20000069   Data           1  bll_tocase.o(.data)
    slow_move_flag                           0x2000006a   Data           1  bll_tocase.o(.data)
    counter_dir                              0x2000006b   Data           1  bll_tocase.o(.data)
    speed_select                             0x2000006c   Data           4  bll_tocase.o(.data)
    final_offsets                            0x20000070   Data          76  bll_tocase.o(.data)
    .bss                                     0x200000bc   Section      256  usart.o(.bss)
    DMA_Buffer                               0x200000bc   Data         256  usart.o(.bss)
    .bss                                     0x200001bc   Section       20  ji2c.o(.bss)
    JI2C_Message                             0x200001bc   Data          20  ji2c.o(.bss)
    .bss                                     0x200001d0   Section     1024  modbus_slave.o(.bss)
    RecBuff                                  0x200001d0   Data        1024  modbus_slave.o(.bss)
    .bss                                     0x200005d0   Section      200  modbus_master.o(.bss)
    .bss                                     0x20000698   Section      310  modbus_save_data.o(.bss)
    .bss                                     0x200007ce   Section       22  bll_main.o(.bss)
    .bss                                     0x200007e4   Section       96  libspace.o(.bss)
    HEAP                                     0x20000848   Section      512  startup_gd32f407.o(HEAP)
    Heap_Mem                                 0x20000848   Data         512  startup_gd32f407.o(HEAP)
    STACK                                    0x20000a48   Section     1024  startup_gd32f407.o(STACK)
    Stack_Mem                                0x20000a48   Data        1024  startup_gd32f407.o(STACK)
    __initial_sp                             0x20000e48   Data           0  startup_gd32f407.o(STACK)

    Global Symbols

    Symbol Name                              Value     Ov Type        Size  Object(Section)

    BuildAttributes$$THM_ISAv4$E$P$D$K$B$S$7EM$VFPi3$EXTD16$VFPS$VFMA$PE$A:L22UL41UL21$X:L11$S22US41US21$IEEE1$IW$USESV6$~STKCKD$USESV7$~SHL$OSPACE$ROPI$EBA8$UX$STANDARDLIB$REQ8$PRES8$EABIv2 0x00000000   Number         0  anon$$obj.o ABSOLUTE
    __ARM_use_no_argv                        0x00000000   Number         0  main.o ABSOLUTE
    __ARM_exceptions_init                     - Undefined Weak Reference
    __alloca_initialize                       - Undefined Weak Reference
    __arm_preinit_                            - Undefined Weak Reference
    __cpp_initialize__aeabi_                  - Undefined Weak Reference
    __cxa_finalize                            - Undefined Weak Reference
    __rt_locale                               - Undefined Weak Reference
    __sigvec_lookup                           - Undefined Weak Reference
    _atexit_init                              - Undefined Weak Reference
    _call_atexit_fns                          - Undefined Weak Reference
    _clock_init                               - Undefined Weak Reference
    _fp_trap_init                             - Undefined Weak Reference
    _fp_trap_shutdown                         - Undefined Weak Reference
    _get_lc_collate                           - Undefined Weak Reference
    _get_lc_ctype                             - Undefined Weak Reference
    _get_lc_monetary                          - Undefined Weak Reference
    _get_lc_numeric                           - Undefined Weak Reference
    _get_lc_time                              - Undefined Weak Reference
    _getenv_init                              - Undefined Weak Reference
    _handle_redirection                       - Undefined Weak Reference
    _init_alloc                               - Undefined Weak Reference
    _init_user_alloc                          - Undefined Weak Reference
    _initio                                   - Undefined Weak Reference
    _rand_init                                - Undefined Weak Reference
    _signal_finish                            - Undefined Weak Reference
    _signal_init                              - Undefined Weak Reference
    _terminate_alloc                          - Undefined Weak Reference
    _terminate_user_alloc                     - Undefined Weak Reference
    _terminateio                              - Undefined Weak Reference
    __Vectors_Size                           0x00000180   Number         0  startup_gd32f407.o ABSOLUTE
    __Vectors                                0x08000000   Data           4  startup_gd32f407.o(RESET)
    __Vectors_End                            0x08000180   Data           0  startup_gd32f407.o(RESET)
    __main                                   0x08000181   Thumb Code     8  __main.o(!!!main)
    __scatterload                            0x08000189   Thumb Code     0  __scatter.o(!!!scatter)
    __scatterload_rt2                        0x08000189   Thumb Code    44  __scatter.o(!!!scatter)
    __scatterload_rt2_thumb_only             0x08000189   Thumb Code     0  __scatter.o(!!!scatter)
    __scatterload_null                       0x08000197   Thumb Code     0  __scatter.o(!!!scatter)
    __scatterload_copy                       0x080001bd   Thumb Code    26  __scatter_copy.o(!!handler_copy)
    __scatterload_zeroinit                   0x080001d9   Thumb Code    28  __scatter_zi.o(!!handler_zi)
    __rt_lib_init                            0x080001f5   Thumb Code     0  libinit.o(.ARM.Collect$$libinit$$00000000)
    __rt_lib_init_fp_1                       0x080001f7   Thumb Code     0  libinit2.o(.ARM.Collect$$libinit$$00000001)
    __rt_lib_init_alloca_1                   0x080001fb   Thumb Code     0  libinit2.o(.ARM.Collect$$libinit$$0000002E)
    __rt_lib_init_argv_1                     0x080001fb   Thumb Code     0  libinit2.o(.ARM.Collect$$libinit$$0000002C)
    __rt_lib_init_atexit_1                   0x080001fb   Thumb Code     0  libinit2.o(.ARM.Collect$$libinit$$0000001B)
    __rt_lib_init_clock_1                    0x080001fb   Thumb Code     0  libinit2.o(.ARM.Collect$$libinit$$00000021)
    __rt_lib_init_cpp_1                      0x080001fb   Thumb Code     0  libinit2.o(.ARM.Collect$$libinit$$00000032)
    __rt_lib_init_exceptions_1               0x080001fb   Thumb Code     0  libinit2.o(.ARM.Collect$$libinit$$00000030)
    __rt_lib_init_fp_trap_1                  0x080001fb   Thumb Code     0  libinit2.o(.ARM.Collect$$libinit$$0000001F)
    __rt_lib_init_getenv_1                   0x080001fb   Thumb Code     0  libinit2.o(.ARM.Collect$$libinit$$00000023)
    __rt_lib_init_heap_1                     0x080001fb   Thumb Code     0  libinit2.o(.ARM.Collect$$libinit$$0000000A)
    __rt_lib_init_lc_collate_1               0x080001fb   Thumb Code     0  libinit2.o(.ARM.Collect$$libinit$$00000011)
    __rt_lib_init_lc_ctype_1                 0x080001fb   Thumb Code     0  libinit2.o(.ARM.Collect$$libinit$$00000013)
    __rt_lib_init_lc_monetary_1              0x080001fb   Thumb Code     0  libinit2.o(.ARM.Collect$$libinit$$00000015)
    __rt_lib_init_lc_numeric_1               0x080001fb   Thumb Code     0  libinit2.o(.ARM.Collect$$libinit$$00000017)
    __rt_lib_init_lc_time_1                  0x080001fb   Thumb Code     0  libinit2.o(.ARM.Collect$$libinit$$00000019)
    __rt_lib_init_preinit_1                  0x080001fb   Thumb Code     0  libinit2.o(.ARM.Collect$$libinit$$00000004)
    __rt_lib_init_rand_1                     0x080001fb   Thumb Code     0  libinit2.o(.ARM.Collect$$libinit$$0000000E)
    __rt_lib_init_return                     0x080001fb   Thumb Code     0  libinit2.o(.ARM.Collect$$libinit$$00000033)
    __rt_lib_init_signal_1                   0x080001fb   Thumb Code     0  libinit2.o(.ARM.Collect$$libinit$$0000001D)
    __rt_lib_init_stdio_1                    0x080001fb   Thumb Code     0  libinit2.o(.ARM.Collect$$libinit$$00000025)
    __rt_lib_init_user_alloc_1               0x080001fb   Thumb Code     0  libinit2.o(.ARM.Collect$$libinit$$0000000C)
    __rt_lib_shutdown                        0x080001fd   Thumb Code     0  libshutdown.o(.ARM.Collect$$libshutdown$$00000000)
    __rt_lib_shutdown_cpp_1                  0x080001ff   Thumb Code     0  libshutdown2.o(.ARM.Collect$$libshutdown$$00000002)
    __rt_lib_shutdown_fp_trap_1              0x080001ff   Thumb Code     0  libshutdown2.o(.ARM.Collect$$libshutdown$$00000007)
    __rt_lib_shutdown_heap_1                 0x080001ff   Thumb Code     0  libshutdown2.o(.ARM.Collect$$libshutdown$$0000000F)
    __rt_lib_shutdown_return                 0x080001ff   Thumb Code     0  libshutdown2.o(.ARM.Collect$$libshutdown$$00000010)
    __rt_lib_shutdown_signal_1               0x080001ff   Thumb Code     0  libshutdown2.o(.ARM.Collect$$libshutdown$$0000000A)
    __rt_lib_shutdown_stdio_1                0x080001ff   Thumb Code     0  libshutdown2.o(.ARM.Collect$$libshutdown$$00000004)
    __rt_lib_shutdown_user_alloc_1           0x080001ff   Thumb Code     0  libshutdown2.o(.ARM.Collect$$libshutdown$$0000000C)
    __rt_entry                               0x08000201   Thumb Code     0  __rtentry.o(.ARM.Collect$$rtentry$$00000000)
    __rt_entry_presh_1                       0x08000201   Thumb Code     0  __rtentry2.o(.ARM.Collect$$rtentry$$00000002)
    __rt_entry_sh                            0x08000201   Thumb Code     0  __rtentry4.o(.ARM.Collect$$rtentry$$00000004)
    __rt_entry_li                            0x08000207   Thumb Code     0  __rtentry2.o(.ARM.Collect$$rtentry$$0000000A)
    __rt_entry_postsh_1                      0x08000207   Thumb Code     0  __rtentry2.o(.ARM.Collect$$rtentry$$00000009)
    __rt_entry_main                          0x0800020b   Thumb Code     0  __rtentry2.o(.ARM.Collect$$rtentry$$0000000D)
    __rt_entry_postli_1                      0x0800020b   Thumb Code     0  __rtentry2.o(.ARM.Collect$$rtentry$$0000000C)
    __rt_exit                                0x08000213   Thumb Code     0  rtexit.o(.ARM.Collect$$rtexit$$00000000)
    __rt_exit_ls                             0x08000215   Thumb Code     0  rtexit2.o(.ARM.Collect$$rtexit$$00000003)
    __rt_exit_prels_1                        0x08000215   Thumb Code     0  rtexit2.o(.ARM.Collect$$rtexit$$00000002)
    __rt_exit_exit                           0x08000219   Thumb Code     0  rtexit2.o(.ARM.Collect$$rtexit$$00000004)
    Reset_Handler                            0x08000221   Thumb Code     8  startup_gd32f407.o(.text)
    ADC_IRQHandler                           0x0800023b   Thumb Code     0  startup_gd32f407.o(.text)
    CAN0_EWMC_IRQHandler                     0x0800023b   Thumb Code     0  startup_gd32f407.o(.text)
    CAN0_RX0_IRQHandler                      0x0800023b   Thumb Code     0  startup_gd32f407.o(.text)
    CAN0_RX1_IRQHandler                      0x0800023b   Thumb Code     0  startup_gd32f407.o(.text)
    CAN0_TX_IRQHandler                       0x0800023b   Thumb Code     0  startup_gd32f407.o(.text)
    CAN1_EWMC_IRQHandler                     0x0800023b   Thumb Code     0  startup_gd32f407.o(.text)
    CAN1_RX0_IRQHandler                      0x0800023b   Thumb Code     0  startup_gd32f407.o(.text)
    CAN1_RX1_IRQHandler                      0x0800023b   Thumb Code     0  startup_gd32f407.o(.text)
    CAN1_TX_IRQHandler                       0x0800023b   Thumb Code     0  startup_gd32f407.o(.text)
    DCI_IRQHandler                           0x0800023b   Thumb Code     0  startup_gd32f407.o(.text)
    DMA0_Channel0_IRQHandler                 0x0800023b   Thumb Code     0  startup_gd32f407.o(.text)
    DMA0_Channel1_IRQHandler                 0x0800023b   Thumb Code     0  startup_gd32f407.o(.text)
    DMA0_Channel2_IRQHandler                 0x0800023b   Thumb Code     0  startup_gd32f407.o(.text)
    DMA0_Channel3_IRQHandler                 0x0800023b   Thumb Code     0  startup_gd32f407.o(.text)
    DMA0_Channel4_IRQHandler                 0x0800023b   Thumb Code     0  startup_gd32f407.o(.text)
    DMA0_Channel5_IRQHandler                 0x0800023b   Thumb Code     0  startup_gd32f407.o(.text)
    DMA0_Channel6_IRQHandler                 0x0800023b   Thumb Code     0  startup_gd32f407.o(.text)
    DMA0_Channel7_IRQHandler                 0x0800023b   Thumb Code     0  startup_gd32f407.o(.text)
    DMA1_Channel0_IRQHandler                 0x0800023b   Thumb Code     0  startup_gd32f407.o(.text)
    DMA1_Channel1_IRQHandler                 0x0800023b   Thumb Code     0  startup_gd32f407.o(.text)
    DMA1_Channel2_IRQHandler                 0x0800023b   Thumb Code     0  startup_gd32f407.o(.text)
    DMA1_Channel3_IRQHandler                 0x0800023b   Thumb Code     0  startup_gd32f407.o(.text)
    DMA1_Channel4_IRQHandler                 0x0800023b   Thumb Code     0  startup_gd32f407.o(.text)
    DMA1_Channel5_IRQHandler                 0x0800023b   Thumb Code     0  startup_gd32f407.o(.text)
    DMA1_Channel6_IRQHandler                 0x0800023b   Thumb Code     0  startup_gd32f407.o(.text)
    ENET_IRQHandler                          0x0800023b   Thumb Code     0  startup_gd32f407.o(.text)
    ENET_WKUP_IRQHandler                     0x0800023b   Thumb Code     0  startup_gd32f407.o(.text)
    EXMC_IRQHandler                          0x0800023b   Thumb Code     0  startup_gd32f407.o(.text)
    EXTI10_15_IRQHandler                     0x0800023b   Thumb Code     0  startup_gd32f407.o(.text)
    FMC_IRQHandler                           0x0800023b   Thumb Code     0  startup_gd32f407.o(.text)
    I2C0_ER_IRQHandler                       0x0800023b   Thumb Code     0  startup_gd32f407.o(.text)
    I2C0_EV_IRQHandler                       0x0800023b   Thumb Code     0  startup_gd32f407.o(.text)
    I2C2_ER_IRQHandler                       0x0800023b   Thumb Code     0  startup_gd32f407.o(.text)
    I2C2_EV_IRQHandler                       0x0800023b   Thumb Code     0  startup_gd32f407.o(.text)
    LVD_IRQHandler                           0x0800023b   Thumb Code     0  startup_gd32f407.o(.text)
    RCU_IRQHandler                           0x0800023b   Thumb Code     0  startup_gd32f407.o(.text)
    RTC_Alarm_IRQHandler                     0x0800023b   Thumb Code     0  startup_gd32f407.o(.text)
    RTC_WKUP_IRQHandler                      0x0800023b   Thumb Code     0  startup_gd32f407.o(.text)
    SDIO_IRQHandler                          0x0800023b   Thumb Code     0  startup_gd32f407.o(.text)
    SPI0_IRQHandler                          0x0800023b   Thumb Code     0  startup_gd32f407.o(.text)
    SPI1_IRQHandler                          0x0800023b   Thumb Code     0  startup_gd32f407.o(.text)
    SPI2_IRQHandler                          0x0800023b   Thumb Code     0  startup_gd32f407.o(.text)
    TAMPER_STAMP_IRQHandler                  0x0800023b   Thumb Code     0  startup_gd32f407.o(.text)
    TIMER0_BRK_TIMER9_IRQHandler             0x0800023b   Thumb Code     0  startup_gd32f407.o(.text)
    TIMER0_Channel_IRQHandler                0x0800023b   Thumb Code     0  startup_gd32f407.o(.text)
    TIMER0_TRG_CMT_TIMER11_IRQHandler        0x0800023b   Thumb Code     0  startup_gd32f407.o(.text)
    TIMER1_IRQHandler                        0x0800023b   Thumb Code     0  startup_gd32f407.o(.text)
    TIMER2_IRQHandler                        0x0800023b   Thumb Code     0  startup_gd32f407.o(.text)
    TIMER3_IRQHandler                        0x0800023b   Thumb Code     0  startup_gd32f407.o(.text)
    TIMER4_IRQHandler                        0x0800023b   Thumb Code     0  startup_gd32f407.o(.text)
    TIMER7_BRK_TIMER12_IRQHandler            0x0800023b   Thumb Code     0  startup_gd32f407.o(.text)
    TIMER7_Channel_IRQHandler                0x0800023b   Thumb Code     0  startup_gd32f407.o(.text)
    TIMER7_TRG_CMT_TIMER14_IRQHandler        0x0800023b   Thumb Code     0  startup_gd32f407.o(.text)
    TIMER7_UP_TIMER13_IRQHandler             0x0800023b   Thumb Code     0  startup_gd32f407.o(.text)
    TRNG_IRQHandler                          0x0800023b   Thumb Code     0  startup_gd32f407.o(.text)
    UART3_IRQHandler                         0x0800023b   Thumb Code     0  startup_gd32f407.o(.text)
    UART4_IRQHandler                         0x0800023b   Thumb Code     0  startup_gd32f407.o(.text)
    USART2_IRQHandler                        0x0800023b   Thumb Code     0  startup_gd32f407.o(.text)
    USART5_IRQHandler                        0x0800023b   Thumb Code     0  startup_gd32f407.o(.text)
    USBFS_IRQHandler                         0x0800023b   Thumb Code     0  startup_gd32f407.o(.text)
    USBFS_WKUP_IRQHandler                    0x0800023b   Thumb Code     0  startup_gd32f407.o(.text)
    USBHS_EP1_In_IRQHandler                  0x0800023b   Thumb Code     0  startup_gd32f407.o(.text)
    USBHS_EP1_Out_IRQHandler                 0x0800023b   Thumb Code     0  startup_gd32f407.o(.text)
    USBHS_IRQHandler                         0x0800023b   Thumb Code     0  startup_gd32f407.o(.text)
    USBHS_WKUP_IRQHandler                    0x0800023b   Thumb Code     0  startup_gd32f407.o(.text)
    WWDGT_IRQHandler                         0x0800023b   Thumb Code     0  startup_gd32f407.o(.text)
    __user_initial_stackheap                 0x0800023d   Thumb Code     0  startup_gd32f407.o(.text)
    __use_no_semihosting                     0x08000261   Thumb Code     2  use_no_semi_2.o(.text)
    __aeabi_memcpy                           0x08000263   Thumb Code     0  rt_memcpy_v6.o(.text)
    __rt_memcpy                              0x08000263   Thumb Code   138  rt_memcpy_v6.o(.text)
    _memcpy_lastbytes                        0x080002c9   Thumb Code     0  rt_memcpy_v6.o(.text)
    __aeabi_memclr                           0x080002ed   Thumb Code     0  rt_memclr.o(.text)
    __rt_memclr                              0x080002ed   Thumb Code    68  rt_memclr.o(.text)
    _memset                                  0x080002f1   Thumb Code     0  rt_memclr.o(.text)
    __use_two_region_memory                  0x08000331   Thumb Code     2  heapauxi.o(.text)
    __rt_heap_escrow$2region                 0x08000333   Thumb Code     2  heapauxi.o(.text)
    __rt_heap_expand$2region                 0x08000335   Thumb Code     2  heapauxi.o(.text)
    __I$use$semihosting                      0x08000337   Thumb Code     0  use_no_semi.o(.text)
    __use_no_semihosting_swi                 0x08000337   Thumb Code     2  use_no_semi.o(.text)
    __aeabi_memcpy4                          0x08000339   Thumb Code     0  rt_memcpy_w.o(.text)
    __aeabi_memcpy8                          0x08000339   Thumb Code     0  rt_memcpy_w.o(.text)
    __rt_memcpy_w                            0x08000339   Thumb Code   100  rt_memcpy_w.o(.text)
    _memcpy_lastbytes_aligned                0x08000381   Thumb Code     0  rt_memcpy_w.o(.text)
    __aeabi_memclr4                          0x0800039d   Thumb Code     0  rt_memclr_w.o(.text)
    __aeabi_memclr8                          0x0800039d   Thumb Code     0  rt_memclr_w.o(.text)
    __rt_memclr_w                            0x0800039d   Thumb Code    78  rt_memclr_w.o(.text)
    _memset_w                                0x080003a1   Thumb Code     0  rt_memclr_w.o(.text)
    __user_setup_stackheap                   0x080003eb   Thumb Code    74  sys_stackheap_outer.o(.text)
    exit                                     0x08000435   Thumb Code    18  exit.o(.text)
    __user_libspace                          0x08000449   Thumb Code     8  libspace.o(.text)
    __user_perproc_libspace                  0x08000449   Thumb Code     0  libspace.o(.text)
    __user_perthread_libspace                0x08000449   Thumb Code     0  libspace.o(.text)
    BLL_Abort_Mission                        0x08000491   Thumb Code    38  bll_main.o(i.BLL_Abort_Mission)
    BLL_BackZero_ClearFlag                   0x080004c1   Thumb Code     8  bll_backzero.o(i.BLL_BackZero_ClearFlag)
    BLL_BackZero_Execute                     0x080004cd   Thumb Code   138  bll_backzero.o(i.BLL_BackZero_Execute)
    BLL_ClearFailure                         0x0800056d   Thumb Code    24  bll_main.o(i.BLL_ClearFailure)
    BLL_ClearFinishFlag                      0x0800058d   Thumb Code    20  bll_main.o(i.BLL_ClearFinishFlag)
    BLL_EEPROM_ClearFlag                     0x080005a9   Thumb Code     8  bll_eeprom.o(i.BLL_EEPROM_ClearFlag)
    BLL_EEPROM_Execute                       0x080005b5   Thumb Code    84  bll_eeprom.o(i.BLL_EEPROM_Execute)
    BLL_Execute_Mission                      0x0800060d   Thumb Code    74  bll_main.o(i.BLL_Execute_Mission)
    BLL_Init_All                             0x08000661   Thumb Code    78  bll_main.o(i.BLL_Init_All)
    BLL_Moter_AD_BackZero                    0x080006b9   Thumb Code    42  bll_adapter.o(i.BLL_Moter_AD_BackZero)
    BLL_Motor_AD_AbsoluteMove                0x080006e3   Thumb Code    74  bll_adapter.o(i.BLL_Motor_AD_AbsoluteMove)
    BLL_Motor_AD_RelativeMove                0x0800072d   Thumb Code    74  bll_adapter.o(i.BLL_Motor_AD_RelativeMove)
    BLL_Motor_Mission                        0x08000779   Thumb Code   224  bll_main.o(i.BLL_Motor_Mission)
    BLL_Soft_Reset                           0x08000875   Thumb Code    42  bll_main.o(i.BLL_Soft_Reset)
    BLL_Stop_Mission                         0x080008a9   Thumb Code    34  bll_main.o(i.BLL_Stop_Mission)
    BLL_ToCase_ClearFlag                     0x080008d5   Thumb Code     8  bll_tocase.o(i.BLL_ToCase_ClearFlag)
    BLL_ToCase_EXTIHandler                   0x080008e1   Thumb Code    38  bll_tocase.o(i.BLL_ToCase_EXTIHandler)
    BLL_ToCase_Execute                       0x08000915   Thumb Code   758  bll_tocase.o(i.BLL_ToCase_Execute)
    BLL_Update                               0x08000c3d   Thumb Code    34  bll_main.o(i.BLL_Update)
    BusFault_Handler                         0x08000c69   Thumb Code     4  gd32f4xx_it.o(i.BusFault_Handler)
    Calculate_CRC                            0x08000c6d   Thumb Code    58  modbus_master.o(i.Calculate_CRC)
    Check_Status                             0x08000cd9   Thumb Code    34  bll_motor.o(i.Check_Status)
    Clear_Position                           0x08000d45   Thumb Code    12  bll_motor.o(i.Clear_Position)
    DMA1_Channel7_IRQHandler                 0x08000d51   Thumb Code    46  usart.o(i.DMA1_Channel7_IRQHandler)
    DebugMon_Handler                         0x08000d89   Thumb Code     4  gd32f4xx_it.o(i.DebugMon_Handler)
    Delay_Timer_Init                         0x08000d8d   Thumb Code    66  timer.o(i.Delay_Timer_Init)
    Dispatcher_Tim_Init                      0x08000dd5   Thumb Code    90  timer.o(i.Dispatcher_Tim_Init)
    EEPROM_Init                              0x08000e41   Thumb Code    74  bll_eeprom.o(i.EEPROM_Init)
    EXTI0_IRQHandler                         0x08000fe1   Thumb Code    18  exti.o(i.EXTI0_IRQHandler)
    EXTI1_IRQHandler                         0x08000ff3   Thumb Code    18  exti.o(i.EXTI1_IRQHandler)
    EXTI2_IRQHandler                         0x08001005   Thumb Code    22  exti.o(i.EXTI2_IRQHandler)
    EXTI3_IRQHandler                         0x0800101b   Thumb Code    18  exti.o(i.EXTI3_IRQHandler)
    EXTI4_IRQHandler                         0x0800102d   Thumb Code    18  exti.o(i.EXTI4_IRQHandler)
    EXTI5_9_IRQHandler                       0x0800103f   Thumb Code    82  exti.o(i.EXTI5_9_IRQHandler)
    ExecuteCommand_Handler                   0x08001091   Thumb Code   170  bll_main.o(i.ExecuteCommand_Handler)
    FUN_MOTOR_ABORT                          0x08001149   Thumb Code     6  bll_adapter.o(i.FUN_MOTOR_ABORT)
    FUN_MOTOR_STOP                           0x0800114f   Thumb Code     6  bll_adapter.o(i.FUN_MOTOR_STOP)
    GPIO_Config                              0x08001155   Thumb Code   228  gpio.o(i.GPIO_Config)
    HardFault_Handler                        0x08001499   Thumb Code     4  gd32f4xx_it.o(i.HardFault_Handler)
    I2C1_ER_IRQHandler                       0x0800149d   Thumb Code   120  ji2c.o(i.I2C1_ER_IRQHandler)
    I2C1_EV_IRQHandler                       0x0800151d   Thumb Code   470  ji2c.o(i.I2C1_EV_IRQHandler)
    IWDG_Feed                                0x080016fd   Thumb Code     8  iwdg.o(i.IWDG_Feed)
    JI2C_Init                                0x08001785   Thumb Code    22  ji2c.o(i.JI2C_Init)
    JI2C_ReadReg8_Async                      0x080017d9   Thumb Code    58  ji2c.o(i.JI2C_ReadReg8_Async)
    JI2C_WriteReg8_Async                     0x0800181d   Thumb Code    58  ji2c.o(i.JI2C_WriteReg8_Async)
    Master_Set_Timeout                       0x08001861   Thumb Code     8  modbus_master.o(i.Master_Set_Timeout)
    Master_USART_Init                        0x0800186d   Thumb Code   186  usart.o(i.Master_USART_Init)
    MemManage_Handler                        0x08001931   Thumb Code     4  gd32f4xx_it.o(i.MemManage_Handler)
    ModBusRecByte                            0x08001935   Thumb Code    94  modbus_slave.o(i.ModBusRecByte)
    ModBus_Pool                              0x080019a5   Thumb Code   116  modbus_slave.o(i.ModBus_Pool)
    ModBus_SetTimeout                        0x08001a25   Thumb Code     8  modbus_slave.o(i.ModBus_SetTimeout)
    Modbus_Master_Receive                    0x08001a31   Thumb Code    96  modbus_master.o(i.Modbus_Master_Receive)
    Modbus_Master_SendUART                   0x08001aa1   Thumb Code    94  modbus_master.o(i.Modbus_Master_SendUART)
    Modbus_Master_Timer_Init                 0x08001b05   Thumb Code    90  timer.o(i.Modbus_Master_Timer_Init)
    Modbus_ResetToIdle                       0x08001b65   Thumb Code     8  modbus_slave.o(i.Modbus_ResetToIdle)
    Modbus_Slave_Timer_Init                  0x08001b71   Thumb Code    96  timer.o(i.Modbus_Slave_Timer_Init)
    NMI_Handler                              0x08001bd5   Thumb Code     4  gd32f4xx_it.o(i.NMI_Handler)
    NVIC_Config                              0x08001bdd   Thumb Code   260  exti.o(i.NVIC_Config)
    PendSV_Handler                           0x08001ce1   Thumb Code     4  gd32f4xx_it.o(i.PendSV_Handler)
    Read_Switch                              0x08001d41   Thumb Code   124  gpio.o(i.Read_Switch)
    Reverse_Run                              0x08001dc5   Thumb Code    14  bll_motor.o(i.Reverse_Run)
    SVC_Handler                              0x08001dd3   Thumb Code     4  gd32f4xx_it.o(i.SVC_Handler)
    Send_Func03_Data                         0x08001e75   Thumb Code   216  modbus_master.o(i.Send_Func03_Data)
    Send_Func06_Data                         0x08001f61   Thumb Code   162  modbus_master.o(i.Send_Func06_Data)
    Send_Func10_Data                         0x08002015   Thumb Code   188  modbus_master.o(i.Send_Func10_Data)
    Set_Absolute_Position                    0x080020e1   Thumb Code    14  bll_motor.o(i.Set_Absolute_Position)
    Set_Acce_Time                            0x080020ef   Thumb Code    14  bll_motor.o(i.Set_Acce_Time)
    Set_Dece_Time                            0x080020fd   Thumb Code    14  bll_motor.o(i.Set_Dece_Time)
    Set_Relative_Position                    0x0800210b   Thumb Code    14  bll_motor.o(i.Set_Relative_Position)
    Set_Speed                                0x08002119   Thumb Code    14  bll_motor.o(i.Set_Speed)
    Slave_USART_Init                         0x08002129   Thumb Code   202  usart.o(i.Slave_USART_Init)
    Stop                                     0x080021fd   Thumb Code    12  bll_motor.o(i.Stop)
    SysTick_Handler                          0x08002209   Thumb Code     2  gd32f4xx_it.o(i.SysTick_Handler)
    SystemInit                               0x0800220d   Thumb Code   194  system_gd32f4xx.o(i.SystemInit)
    TIMER0_UP_TIMER10_IRQHandler             0x080022e1   Thumb Code    32  timer.o(i.TIMER0_UP_TIMER10_IRQHandler)
    TIMER5_IRQHandler                        0x08002305   Thumb Code    32  timer.o(i.TIMER5_IRQHandler)
    TIMER6_IRQHandler                        0x08002329   Thumb Code    34  timer.o(i.TIMER6_IRQHandler)
    USART0_IRQHandler                        0x08002351   Thumb Code    36  usart.o(i.USART0_IRQHandler)
    USART1_IRQHandler                        0x0800237d   Thumb Code    36  usart.o(i.USART1_IRQHandler)
    USART1_SendWithDMA                       0x080023a9   Thumb Code    60  usart.o(i.USART1_SendWithDMA)
    USART1_Tx_InitDMA                        0x080023f1   Thumb Code   110  usart.o(i.USART1_Tx_InitDMA)
    UpdateRawValue_Handler                   0x0800246d   Thumb Code     2  modbus_slave.o(i.UpdateRawValue_Handler)
    UsageFault_Handler                       0x0800246f   Thumb Code     4  gd32f4xx_it.o(i.UsageFault_Handler)
    ValidateRegRange                         0x08002475   Thumb Code    26  modbus_save_data.o(i.ValidateRegRange)
    _sys_exit                                0x08002495   Thumb Code     4  usart.o(i._sys_exit)
    delay_init                               0x08002499   Thumb Code    66  delay.o(i.delay_init)
    delay_ms                                 0x080024e5   Thumb Code    56  delay.o(i.delay_ms)
    delay_us                                 0x0800251d   Thumb Code    72  delay.o(i.delay_us)
    delay_xms                                0x08002569   Thumb Code    72  delay.o(i.delay_xms)
    dma_channel_disable                      0x080025b5   Thumb Code    32  gd32f4xx_dma.o(i.dma_channel_disable)
    dma_channel_enable                       0x080025d5   Thumb Code    32  gd32f4xx_dma.o(i.dma_channel_enable)
    dma_channel_subperipheral_select         0x080025f5   Thumb Code    38  gd32f4xx_dma.o(i.dma_channel_subperipheral_select)
    dma_deinit                               0x0800261b   Thumb Code   166  gd32f4xx_dma.o(i.dma_deinit)
    dma_flag_clear                           0x080026c1   Thumb Code    62  gd32f4xx_dma.o(i.dma_flag_clear)
    dma_interrupt_enable                     0x080026ff   Thumb Code    62  gd32f4xx_dma.o(i.dma_interrupt_enable)
    dma_interrupt_flag_clear                 0x0800273d   Thumb Code    62  gd32f4xx_dma.o(i.dma_interrupt_flag_clear)
    dma_interrupt_flag_get                   0x0800277b   Thumb Code   516  gd32f4xx_dma.o(i.dma_interrupt_flag_get)
    dma_single_data_mode_init                0x08002981   Thumb Code   340  gd32f4xx_dma.o(i.dma_single_data_mode_init)
    dma_transfer_number_config               0x08002ad9   Thumb Code    16  gd32f4xx_dma.o(i.dma_transfer_number_config)
    exti_init                                0x08002ae9   Thumb Code   184  gd32f4xx_exti.o(i.exti_init)
    exti_interrupt_flag_clear                0x08002ba5   Thumb Code     6  gd32f4xx_exti.o(i.exti_interrupt_flag_clear)
    exti_interrupt_flag_get                  0x08002bb1   Thumb Code    18  gd32f4xx_exti.o(i.exti_interrupt_flag_get)
    fwdgt_counter_reload                     0x08002bc9   Thumb Code    10  gd32f4xx_fwdgt.o(i.fwdgt_counter_reload)
    gpio_af_set                              0x08002bd9   Thumb Code    94  gd32f4xx_gpio.o(i.gpio_af_set)
    gpio_mode_set                            0x08002c37   Thumb Code    78  gd32f4xx_gpio.o(i.gpio_mode_set)
    gpio_output_options_set                  0x08002c85   Thumb Code    66  gd32f4xx_gpio.o(i.gpio_output_options_set)
    i2c_ack_config                           0x08002cc7   Thumb Code    16  gd32f4xx_i2c.o(i.i2c_ack_config)
    i2c_ackpos_config                        0x08002cd7   Thumb Code    16  gd32f4xx_i2c.o(i.i2c_ackpos_config)
    i2c_data_receive                         0x08002ce7   Thumb Code     8  gd32f4xx_i2c.o(i.i2c_data_receive)
    i2c_data_transmit                        0x08002cef   Thumb Code     6  gd32f4xx_i2c.o(i.i2c_data_transmit)
    i2c_deinit                               0x08002cf5   Thumb Code    84  gd32f4xx_i2c.o(i.i2c_deinit)
    i2c_enable                               0x08002d4d   Thumb Code    10  gd32f4xx_i2c.o(i.i2c_enable)
    i2c_flag_clear                           0x08002d57   Thumb Code    40  gd32f4xx_i2c.o(i.i2c_flag_clear)
    i2c_flag_get                             0x08002d7f   Thumb Code    30  gd32f4xx_i2c.o(i.i2c_flag_get)
    i2c_interrupt_disable                    0x08002d9d   Thumb Code    26  gd32f4xx_i2c.o(i.i2c_interrupt_disable)
    i2c_interrupt_enable                     0x08002db7   Thumb Code    26  gd32f4xx_i2c.o(i.i2c_interrupt_enable)
    i2c_master_addressing                    0x08002dd1   Thumb Code    20  gd32f4xx_i2c.o(i.i2c_master_addressing)
    i2c_mode_addr_config                     0x08002de5   Thumb Code    28  gd32f4xx_i2c.o(i.i2c_mode_addr_config)
    i2c_start_on_bus                         0x08002e01   Thumb Code    10  gd32f4xx_i2c.o(i.i2c_start_on_bus)
    i2c_stop_on_bus                          0x08002e0b   Thumb Code    10  gd32f4xx_i2c.o(i.i2c_stop_on_bus)
    main                                     0x08002e15   Thumb Code    32  main.o(i.main)
    mydelay                                  0x08002e39   Thumb Code    56  bll_tocase.o(i.mydelay)
    nvic_irq_enable                          0x08002e71   Thumb Code   186  gd32f4xx_misc.o(i.nvic_irq_enable)
    nvic_priority_group_set                  0x08002f35   Thumb Code    10  gd32f4xx_misc.o(i.nvic_priority_group_set)
    rcu_clock_freq_get                       0x08002f49   Thumb Code   264  gd32f4xx_rcu.o(i.rcu_clock_freq_get)
    rcu_periph_clock_enable                  0x0800306d   Thumb Code    32  gd32f4xx_rcu.o(i.rcu_periph_clock_enable)
    rcu_periph_reset_disable                 0x08003091   Thumb Code    32  gd32f4xx_rcu.o(i.rcu_periph_reset_disable)
    rcu_periph_reset_enable                  0x080030b5   Thumb Code    32  gd32f4xx_rcu.o(i.rcu_periph_reset_enable)
    syscfg_exti_line_config                  0x080030d9   Thumb Code   166  gd32f4xx_syscfg.o(i.syscfg_exti_line_config)
    timer_counter_value_config               0x08003295   Thumb Code     4  gd32f4xx_timer.o(i.timer_counter_value_config)
    timer_deinit                             0x08003299   Thumb Code   374  gd32f4xx_timer.o(i.timer_deinit)
    timer_disable                            0x0800341d   Thumb Code    10  gd32f4xx_timer.o(i.timer_disable)
    timer_enable                             0x08003427   Thumb Code    10  gd32f4xx_timer.o(i.timer_enable)
    timer_init                               0x08003431   Thumb Code   122  gd32f4xx_timer.o(i.timer_init)
    timer_interrupt_enable                   0x080034c9   Thumb Code     8  gd32f4xx_timer.o(i.timer_interrupt_enable)
    timer_interrupt_flag_clear               0x080034d1   Thumb Code     6  gd32f4xx_timer.o(i.timer_interrupt_flag_clear)
    timer_interrupt_flag_get                 0x080034d7   Thumb Code    24  gd32f4xx_timer.o(i.timer_interrupt_flag_get)
    usart_baudrate_set                       0x080034f1   Thumb Code   224  gd32f4xx_usart.o(i.usart_baudrate_set)
    usart_data_receive                       0x080035d9   Thumb Code    10  gd32f4xx_usart.o(i.usart_data_receive)
    usart_data_transmit                      0x080035e3   Thumb Code     8  gd32f4xx_usart.o(i.usart_data_transmit)
    usart_deinit                             0x080035ed   Thumb Code   210  gd32f4xx_usart.o(i.usart_deinit)
    usart_dma_transmit_config                0x080036c9   Thumb Code    20  gd32f4xx_usart.o(i.usart_dma_transmit_config)
    usart_enable                             0x080036dd   Thumb Code    10  gd32f4xx_usart.o(i.usart_enable)
    usart_flag_clear                         0x080036e7   Thumb Code    52  gd32f4xx_usart.o(i.usart_flag_clear)
    usart_flag_get                           0x0800371b   Thumb Code    30  gd32f4xx_usart.o(i.usart_flag_get)
    usart_hardware_flow_cts_config           0x08003739   Thumb Code    20  gd32f4xx_usart.o(i.usart_hardware_flow_cts_config)
    usart_hardware_flow_rts_config           0x0800374d   Thumb Code    20  gd32f4xx_usart.o(i.usart_hardware_flow_rts_config)
    usart_interrupt_enable                   0x08003761   Thumb Code    26  gd32f4xx_usart.o(i.usart_interrupt_enable)
    usart_interrupt_flag_clear               0x0800377b   Thumb Code    26  gd32f4xx_usart.o(i.usart_interrupt_flag_clear)
    usart_interrupt_flag_get                 0x08003795   Thumb Code    56  gd32f4xx_usart.o(i.usart_interrupt_flag_get)
    usart_parity_config                      0x080037cd   Thumb Code    16  gd32f4xx_usart.o(i.usart_parity_config)
    usart_receive_config                     0x080037dd   Thumb Code    16  gd32f4xx_usart.o(i.usart_receive_config)
    usart_stop_bit_set                       0x080037ed   Thumb Code    16  gd32f4xx_usart.o(i.usart_stop_bit_set)
    usart_transmit_config                    0x080037fd   Thumb Code    16  gd32f4xx_usart.o(i.usart_transmit_config)
    usart_word_length_set                    0x0800380d   Thumb Code    16  gd32f4xx_usart.o(i.usart_word_length_set)
    _fp_init                                 0x0800381d   Thumb Code    10  fpinit.o(x$fpl$fpinit)
    __fplib_config_fpu_vfp                   0x08003825   Thumb Code     0  fpinit.o(x$fpl$fpinit)
    __fplib_config_pureend_doubles           0x08003825   Thumb Code     0  fpinit.o(x$fpl$fpinit)
    fastmove_speed                           0x08003a30   Data          76  bll_tocase.o(.constdata)
    Region$$Table$$Base                      0x08003a7c   Number         0  anon$$obj.o(Region$$Table)
    Region$$Table$$Limit                     0x08003a9c   Number         0  anon$$obj.o(Region$$Table)
    MOTOR_ADDRESS                            0x20000000   Data           1  main.o(.data)
    JODELL_MOTOR_ADDRESS                     0x20000001   Data           1  main.o(.data)
    IsJumpIAP                                0x20000002   Data           1  main.o(.data)
    __stdout                                 0x20000008   Data           4  usart.o(.data)
    Master_State                             0x20000012   Data           1  modbus_master.o(.data)
    USART_RX_STA                             0x20000016   Data           2  modbus_master.o(.data)
    Reg_4x_0                                 0x20000018   Data          20  modbus_save_data.o(.data)
    Reg_Regions                              0x2000002c   Data          28  modbus_save_data.o(.data)
    Current_Trigger                          0x20000050   Data           1  bll_main.o(.data)
    jump_to_app                              0x20000054   Data           4  bll_main.o(.data)
    app_addr                                 0x20000058   Data           4  bll_main.o(.data)
    has_zero_flag                            0x20000065   Data           1  bll_tocase.o(.data)
    last_target                              0x20000066   Data           1  bll_tocase.o(.data)
    swtich_count                             0x20000068   Data           1  bll_tocase.o(.data)
    Master_Receive_Buff                      0x200005d0   Data         200  modbus_master.o(.bss)
    Reg_4x_1                                 0x20000698   Data          36  modbus_save_data.o(.bss)
    Reg_4x_2                                 0x200006bc   Data          10  modbus_save_data.o(.bss)
    Reg_4x_3                                 0x200006c6   Data          22  modbus_save_data.o(.bss)
    Reg_4x_4                                 0x200006dc   Data          26  modbus_save_data.o(.bss)
    Reg_4x_5                                 0x200006f6   Data          16  modbus_save_data.o(.bss)
    Reg_4x_6                                 0x20000706   Data         200  modbus_save_data.o(.bss)
    ParamShadow                              0x200007ce   Data          22  bll_main.o(.bss)
    __libspace_start                         0x200007e4   Data          96  libspace.o(.bss)
    __temporary_stack_top$libspace           0x20000844   Data           0  libspace.o(.bss)



==============================================================================

Memory Map of the image

  Image Entry point : 0x08000181

  Load Region LR_IROM1 (Base: 0x08000000, Size: 0x00003b58, Max: 0x00080000, ABSOLUTE)

    Execution Region ER_IROM1 (Exec base: 0x08000000, Load base: 0x08000000, Size: 0x00003a9c, Max: 0x00080000, ABSOLUTE)

    Exec Addr    Load Addr    Size         Type   Attr      Idx    E Section Name        Object

    0x08000000   0x08000000   0x00000180   Data   RO          286    RESET               startup_gd32f407.o
    0x08000180   0x08000180   0x00000008   Code   RO         6927  * !!!main             c_w.l(__main.o)
    0x08000188   0x08000188   0x00000034   Code   RO         7086    !!!scatter          c_w.l(__scatter.o)
    0x080001bc   0x080001bc   0x0000001a   Code   RO         7088    !!handler_copy      c_w.l(__scatter_copy.o)
    0x080001d6   0x080001d6   0x00000002   PAD
    0x080001d8   0x080001d8   0x0000001c   Code   RO         7090    !!handler_zi        c_w.l(__scatter_zi.o)
    0x080001f4   0x080001f4   0x00000002   Code   RO         6960    .ARM.Collect$$libinit$$00000000  c_w.l(libinit.o)
    0x080001f6   0x080001f6   0x00000004   Code   RO         6966    .ARM.Collect$$libinit$$00000001  c_w.l(libinit2.o)
    0x080001fa   0x080001fa   0x00000000   Code   RO         6969    .ARM.Collect$$libinit$$00000004  c_w.l(libinit2.o)
    0x080001fa   0x080001fa   0x00000000   Code   RO         6972    .ARM.Collect$$libinit$$0000000A  c_w.l(libinit2.o)
    0x080001fa   0x080001fa   0x00000000   Code   RO         6974    .ARM.Collect$$libinit$$0000000C  c_w.l(libinit2.o)
    0x080001fa   0x080001fa   0x00000000   Code   RO         6976    .ARM.Collect$$libinit$$0000000E  c_w.l(libinit2.o)
    0x080001fa   0x080001fa   0x00000000   Code   RO         6979    .ARM.Collect$$libinit$$00000011  c_w.l(libinit2.o)
    0x080001fa   0x080001fa   0x00000000   Code   RO         6981    .ARM.Collect$$libinit$$00000013  c_w.l(libinit2.o)
    0x080001fa   0x080001fa   0x00000000   Code   RO         6983    .ARM.Collect$$libinit$$00000015  c_w.l(libinit2.o)
    0x080001fa   0x080001fa   0x00000000   Code   RO         6985    .ARM.Collect$$libinit$$00000017  c_w.l(libinit2.o)
    0x080001fa   0x080001fa   0x00000000   Code   RO         6987    .ARM.Collect$$libinit$$00000019  c_w.l(libinit2.o)
    0x080001fa   0x080001fa   0x00000000   Code   RO         6989    .ARM.Collect$$libinit$$0000001B  c_w.l(libinit2.o)
    0x080001fa   0x080001fa   0x00000000   Code   RO         6991    .ARM.Collect$$libinit$$0000001D  c_w.l(libinit2.o)
    0x080001fa   0x080001fa   0x00000000   Code   RO         6993    .ARM.Collect$$libinit$$0000001F  c_w.l(libinit2.o)
    0x080001fa   0x080001fa   0x00000000   Code   RO         6995    .ARM.Collect$$libinit$$00000021  c_w.l(libinit2.o)
    0x080001fa   0x080001fa   0x00000000   Code   RO         6997    .ARM.Collect$$libinit$$00000023  c_w.l(libinit2.o)
    0x080001fa   0x080001fa   0x00000000   Code   RO         6999    .ARM.Collect$$libinit$$00000025  c_w.l(libinit2.o)
    0x080001fa   0x080001fa   0x00000000   Code   RO         7003    .ARM.Collect$$libinit$$0000002C  c_w.l(libinit2.o)
    0x080001fa   0x080001fa   0x00000000   Code   RO         7005    .ARM.Collect$$libinit$$0000002E  c_w.l(libinit2.o)
    0x080001fa   0x080001fa   0x00000000   Code   RO         7007    .ARM.Collect$$libinit$$00000030  c_w.l(libinit2.o)
    0x080001fa   0x080001fa   0x00000000   Code   RO         7009    .ARM.Collect$$libinit$$00000032  c_w.l(libinit2.o)
    0x080001fa   0x080001fa   0x00000002   Code   RO         7010    .ARM.Collect$$libinit$$00000033  c_w.l(libinit2.o)
    0x080001fc   0x080001fc   0x00000002   Code   RO         7028    .ARM.Collect$$libshutdown$$00000000  c_w.l(libshutdown.o)
    0x080001fe   0x080001fe   0x00000000   Code   RO         7038    .ARM.Collect$$libshutdown$$00000002  c_w.l(libshutdown2.o)
    0x080001fe   0x080001fe   0x00000000   Code   RO         7040    .ARM.Collect$$libshutdown$$00000004  c_w.l(libshutdown2.o)
    0x080001fe   0x080001fe   0x00000000   Code   RO         7043    .ARM.Collect$$libshutdown$$00000007  c_w.l(libshutdown2.o)
    0x080001fe   0x080001fe   0x00000000   Code   RO         7046    .ARM.Collect$$libshutdown$$0000000A  c_w.l(libshutdown2.o)
    0x080001fe   0x080001fe   0x00000000   Code   RO         7048    .ARM.Collect$$libshutdown$$0000000C  c_w.l(libshutdown2.o)
    0x080001fe   0x080001fe   0x00000000   Code   RO         7051    .ARM.Collect$$libshutdown$$0000000F  c_w.l(libshutdown2.o)
    0x080001fe   0x080001fe   0x00000002   Code   RO         7052    .ARM.Collect$$libshutdown$$00000010  c_w.l(libshutdown2.o)
    0x08000200   0x08000200   0x00000000   Code   RO         6931    .ARM.Collect$$rtentry$$00000000  c_w.l(__rtentry.o)
    0x08000200   0x08000200   0x00000000   Code   RO         6937    .ARM.Collect$$rtentry$$00000002  c_w.l(__rtentry2.o)
    0x08000200   0x08000200   0x00000006   Code   RO         6949    .ARM.Collect$$rtentry$$00000004  c_w.l(__rtentry4.o)
    0x08000206   0x08000206   0x00000000   Code   RO         6939    .ARM.Collect$$rtentry$$00000009  c_w.l(__rtentry2.o)
    0x08000206   0x08000206   0x00000004   Code   RO         6940    .ARM.Collect$$rtentry$$0000000A  c_w.l(__rtentry2.o)
    0x0800020a   0x0800020a   0x00000000   Code   RO         6942    .ARM.Collect$$rtentry$$0000000C  c_w.l(__rtentry2.o)
    0x0800020a   0x0800020a   0x00000008   Code   RO         6943    .ARM.Collect$$rtentry$$0000000D  c_w.l(__rtentry2.o)
    0x08000212   0x08000212   0x00000002   Code   RO         6964    .ARM.Collect$$rtexit$$00000000  c_w.l(rtexit.o)
    0x08000214   0x08000214   0x00000000   Code   RO         7012    .ARM.Collect$$rtexit$$00000002  c_w.l(rtexit2.o)
    0x08000214   0x08000214   0x00000004   Code   RO         7013    .ARM.Collect$$rtexit$$00000003  c_w.l(rtexit2.o)
    0x08000218   0x08000218   0x00000006   Code   RO         7014    .ARM.Collect$$rtexit$$00000004  c_w.l(rtexit2.o)
    0x0800021e   0x0800021e   0x00000002   PAD
    0x08000220   0x08000220   0x00000040   Code   RO          287    .text               startup_gd32f407.o
    0x08000260   0x08000260   0x00000002   Code   RO         6919    .text               c_w.l(use_no_semi_2.o)
    0x08000262   0x08000262   0x0000008a   Code   RO         6921    .text               c_w.l(rt_memcpy_v6.o)
    0x080002ec   0x080002ec   0x00000044   Code   RO         6923    .text               c_w.l(rt_memclr.o)
    0x08000330   0x08000330   0x00000006   Code   RO         6925    .text               c_w.l(heapauxi.o)
    0x08000336   0x08000336   0x00000002   Code   RO         6929    .text               c_w.l(use_no_semi.o)
    0x08000338   0x08000338   0x00000064   Code   RO         6932    .text               c_w.l(rt_memcpy_w.o)
    0x0800039c   0x0800039c   0x0000004e   Code   RO         6934    .text               c_w.l(rt_memclr_w.o)
    0x080003ea   0x080003ea   0x0000004a   Code   RO         6951    .text               c_w.l(sys_stackheap_outer.o)
    0x08000434   0x08000434   0x00000012   Code   RO         6953    .text               c_w.l(exit.o)
    0x08000446   0x08000446   0x00000002   PAD
    0x08000448   0x08000448   0x00000008   Code   RO         6961    .text               c_w.l(libspace.o)
    0x08000450   0x08000450   0x00000040   Code   RO         6221    i.Attach_CRC16      modbus_slave.o
    0x08000490   0x08000490   0x00000030   Code   RO         6440    i.BLL_Abort_Mission  bll_main.o
    0x080004c0   0x080004c0   0x0000000c   Code   RO         6617    i.BLL_BackZero_ClearFlag  bll_backzero.o
    0x080004cc   0x080004cc   0x000000a0   Code   RO         6618    i.BLL_BackZero_Execute  bll_backzero.o
    0x0800056c   0x0800056c   0x00000020   Code   RO         6441    i.BLL_ClearFailure  bll_main.o
    0x0800058c   0x0800058c   0x0000001c   Code   RO         6442    i.BLL_ClearFinishFlag  bll_main.o
    0x080005a8   0x080005a8   0x0000000c   Code   RO         6650    i.BLL_EEPROM_ClearFlag  bll_eeprom.o
    0x080005b4   0x080005b4   0x00000058   Code   RO         6651    i.BLL_EEPROM_Execute  bll_eeprom.o
    0x0800060c   0x0800060c   0x00000054   Code   RO         6443    i.BLL_Execute_Mission  bll_main.o
    0x08000660   0x08000660   0x00000058   Code   RO         6444    i.BLL_Init_All      bll_main.o
    0x080006b8   0x080006b8   0x0000002a   Code   RO         6552    i.BLL_Moter_AD_BackZero  bll_adapter.o
    0x080006e2   0x080006e2   0x0000004a   Code   RO         6553    i.BLL_Motor_AD_AbsoluteMove  bll_adapter.o
    0x0800072c   0x0800072c   0x0000004a   Code   RO         6554    i.BLL_Motor_AD_RelativeMove  bll_adapter.o
    0x08000776   0x08000776   0x00000002   PAD
    0x08000778   0x08000778   0x000000fc   Code   RO         6445    i.BLL_Motor_Mission  bll_main.o
    0x08000874   0x08000874   0x00000034   Code   RO         6447    i.BLL_Soft_Reset    bll_main.o
    0x080008a8   0x080008a8   0x0000002c   Code   RO         6448    i.BLL_Stop_Mission  bll_main.o
    0x080008d4   0x080008d4   0x0000000c   Code   RO         6868    i.BLL_ToCase_ClearFlag  bll_tocase.o
    0x080008e0   0x080008e0   0x00000034   Code   RO         6869    i.BLL_ToCase_EXTIHandler  bll_tocase.o
    0x08000914   0x08000914   0x00000328   Code   RO         6870    i.BLL_ToCase_Execute  bll_tocase.o
    0x08000c3c   0x08000c3c   0x0000002c   Code   RO         6449    i.BLL_Update        bll_main.o
    0x08000c68   0x08000c68   0x00000004   Code   RO          173    i.BusFault_Handler  gd32f4xx_it.o
    0x08000c6c   0x08000c6c   0x0000003a   Code   RO         6320    i.Calculate_CRC     modbus_master.o
    0x08000ca6   0x08000ca6   0x00000032   Code   RO         6222    i.Check_CRC16       modbus_slave.o
    0x08000cd8   0x08000cd8   0x00000030   Code   RO         6717    i.Check_Status      bll_motor.o
    0x08000d08   0x08000d08   0x00000020   Code   RO         6718    i.Check_Status_Cb   bll_motor.o
    0x08000d28   0x08000d28   0x0000001c   Code   RO         6871    i.Clear_Manual_Flags  bll_tocase.o
    0x08000d44   0x08000d44   0x0000000c   Code   RO         6719    i.Clear_Position    bll_motor.o
    0x08000d50   0x08000d50   0x00000038   Code   RO         5910    i.DMA1_Channel7_IRQHandler  usart.o
    0x08000d88   0x08000d88   0x00000004   Code   RO          174    i.DebugMon_Handler  gd32f4xx_it.o
    0x08000d8c   0x08000d8c   0x00000048   Code   RO         5848    i.Delay_Timer_Init  timer.o
    0x08000dd4   0x08000dd4   0x00000060   Code   RO         5849    i.Dispatcher_Tim_Init  timer.o
    0x08000e34   0x08000e34   0x0000000c   Code   RO         6652    i.EEPROM_Callback   bll_eeprom.o
    0x08000e40   0x08000e40   0x00000054   Code   RO         6653    i.EEPROM_Init       bll_eeprom.o
    0x08000e94   0x08000e94   0x00000064   Code   RO         6654    i.EEPROM_Read       bll_eeprom.o
    0x08000ef8   0x08000ef8   0x000000e8   Code   RO         6655    i.EEPROM_Write      bll_eeprom.o
    0x08000fe0   0x08000fe0   0x00000012   Code   RO         6043    i.EXTI0_IRQHandler  exti.o
    0x08000ff2   0x08000ff2   0x00000012   Code   RO         6044    i.EXTI1_IRQHandler  exti.o
    0x08001004   0x08001004   0x00000016   Code   RO         6045    i.EXTI2_IRQHandler  exti.o
    0x0800101a   0x0800101a   0x00000012   Code   RO         6046    i.EXTI3_IRQHandler  exti.o
    0x0800102c   0x0800102c   0x00000012   Code   RO         6047    i.EXTI4_IRQHandler  exti.o
    0x0800103e   0x0800103e   0x00000052   Code   RO         6048    i.EXTI5_9_IRQHandler  exti.o
    0x08001090   0x08001090   0x000000b8   Code   RO         6450    i.ExecuteCommand_Handler  bll_main.o
    0x08001148   0x08001148   0x00000006   Code   RO         6557    i.FUN_MOTOR_ABORT   bll_adapter.o
    0x0800114e   0x0800114e   0x00000006   Code   RO         6558    i.FUN_MOTOR_STOP    bll_adapter.o
    0x08001154   0x08001154   0x000000ec   Code   RO         6013    i.GPIO_Config       gpio.o
    0x08001240   0x08001240   0x00000044   Code   RO         6224    i.Get_CRC16         modbus_slave.o
    0x08001284   0x08001284   0x000000b4   Code   RO         6225    i.Handle_0x03       modbus_slave.o
    0x08001338   0x08001338   0x00000090   Code   RO         6226    i.Handle_0x06       modbus_slave.o
    0x080013c8   0x080013c8   0x000000b0   Code   RO         6227    i.Handle_0x10       modbus_slave.o
    0x08001478   0x08001478   0x00000020   Code   RO         6228    i.Handle_0x64       modbus_slave.o
    0x08001498   0x08001498   0x00000004   Code   RO          175    i.HardFault_Handler  gd32f4xx_it.o
    0x0800149c   0x0800149c   0x00000080   Code   RO         6142    i.I2C1_ER_IRQHandler  ji2c.o
    0x0800151c   0x0800151c   0x000001e0   Code   RO         6143    i.I2C1_EV_IRQHandler  ji2c.o
    0x080016fc   0x080016fc   0x00000008   Code   RO         6116    i.IWDG_Feed         iwdg.o
    0x08001704   0x08001704   0x00000044   Code   RO         6145    i.JI2C_IIC_Init     ji2c.o
    0x08001748   0x08001748   0x0000003c   Code   RO         6146    i.JI2C_IO_Init      ji2c.o
    0x08001784   0x08001784   0x00000016   Code   RO         6147    i.JI2C_Init         ji2c.o
    0x0800179a   0x0800179a   0x00000002   PAD
    0x0800179c   0x0800179c   0x0000003c   Code   RO         6148    i.JI2C_Interrupt_Init  ji2c.o
    0x080017d8   0x080017d8   0x00000044   Code   RO         6150    i.JI2C_ReadReg8_Async  ji2c.o
    0x0800181c   0x0800181c   0x00000044   Code   RO         6151    i.JI2C_WriteReg8_Async  ji2c.o
    0x08001860   0x08001860   0x0000000c   Code   RO         6322    i.Master_Set_Timeout  modbus_master.o
    0x0800186c   0x0800186c   0x000000c4   Code   RO         5911    i.Master_USART_Init  usart.o
    0x08001930   0x08001930   0x00000004   Code   RO          176    i.MemManage_Handler  gd32f4xx_it.o
    0x08001934   0x08001934   0x00000070   Code   RO         6229    i.ModBusRecByte     modbus_slave.o
    0x080019a4   0x080019a4   0x00000080   Code   RO         6230    i.ModBus_Pool       modbus_slave.o
    0x08001a24   0x08001a24   0x0000000c   Code   RO         6231    i.ModBus_SetTimeout  modbus_slave.o
    0x08001a30   0x08001a30   0x00000070   Code   RO         6323    i.Modbus_Master_Receive  modbus_master.o
    0x08001aa0   0x08001aa0   0x00000064   Code   RO         6324    i.Modbus_Master_SendUART  modbus_master.o
    0x08001b04   0x08001b04   0x00000060   Code   RO         5850    i.Modbus_Master_Timer_Init  timer.o
    0x08001b64   0x08001b64   0x0000000c   Code   RO         6232    i.Modbus_ResetToIdle  modbus_slave.o
    0x08001b70   0x08001b70   0x00000064   Code   RO         5851    i.Modbus_Slave_Timer_Init  timer.o
    0x08001bd4   0x08001bd4   0x00000004   Code   RO          177    i.NMI_Handler       gd32f4xx_it.o
    0x08001bd8   0x08001bd8   0x00000004   Code   RO         6451    i.NOP               bll_main.o
    0x08001bdc   0x08001bdc   0x00000104   Code   RO         6050    i.NVIC_Config       exti.o
    0x08001ce0   0x08001ce0   0x00000004   Code   RO          178    i.PendSV_Handler    gd32f4xx_it.o
    0x08001ce4   0x08001ce4   0x0000005c   Code   RO         6656    i.Read_Default      bll_eeprom.o
    0x08001d40   0x08001d40   0x00000084   Code   RO         6014    i.Read_Switch       gpio.o
    0x08001dc4   0x08001dc4   0x0000000e   Code   RO         6730    i.Reverse_Run       bll_motor.o
    0x08001dd2   0x08001dd2   0x00000004   Code   RO          179    i.SVC_Handler       gd32f4xx_it.o
    0x08001dd6   0x08001dd6   0x00000002   PAD
    0x08001dd8   0x08001dd8   0x0000003c   Code   RO         6657    i.Save_Data         bll_eeprom.o
    0x08001e14   0x08001e14   0x00000030   Code   RO         6658    i.Save_Default      bll_eeprom.o
    0x08001e44   0x08001e44   0x00000030   Code   RO         6233    i.SendError         modbus_slave.o
    0x08001e74   0x08001e74   0x000000ec   Code   RO         6325    i.Send_Func03_Data  modbus_master.o
    0x08001f60   0x08001f60   0x000000b4   Code   RO         6327    i.Send_Func06_Data  modbus_master.o
    0x08002014   0x08002014   0x000000cc   Code   RO         6328    i.Send_Func10_Data  modbus_master.o
    0x080020e0   0x080020e0   0x0000000e   Code   RO         6731    i.Set_Absolute_Position  bll_motor.o
    0x080020ee   0x080020ee   0x0000000e   Code   RO         6732    i.Set_Acce_Time     bll_motor.o
    0x080020fc   0x080020fc   0x0000000e   Code   RO         6733    i.Set_Dece_Time     bll_motor.o
    0x0800210a   0x0800210a   0x0000000e   Code   RO         6734    i.Set_Relative_Position  bll_motor.o
    0x08002118   0x08002118   0x0000000e   Code   RO         6735    i.Set_Speed         bll_motor.o
    0x08002126   0x08002126   0x00000002   PAD
    0x08002128   0x08002128   0x000000d4   Code   RO         5912    i.Slave_USART_Init  usart.o
    0x080021fc   0x080021fc   0x0000000c   Code   RO         6736    i.Stop              bll_motor.o
    0x08002208   0x08002208   0x00000002   Code   RO          180    i.SysTick_Handler   gd32f4xx_it.o
    0x0800220a   0x0800220a   0x00000002   PAD
    0x0800220c   0x0800220c   0x000000d4   Code   RO          245    i.SystemInit        system_gd32f4xx.o
    0x080022e0   0x080022e0   0x00000024   Code   RO         5852    i.TIMER0_UP_TIMER10_IRQHandler  timer.o
    0x08002304   0x08002304   0x00000024   Code   RO         5853    i.TIMER5_IRQHandler  timer.o
    0x08002328   0x08002328   0x00000028   Code   RO         5854    i.TIMER6_IRQHandler  timer.o
    0x08002350   0x08002350   0x0000002c   Code   RO         5913    i.USART0_IRQHandler  usart.o
    0x0800237c   0x0800237c   0x0000002c   Code   RO         5914    i.USART1_IRQHandler  usart.o
    0x080023a8   0x080023a8   0x00000048   Code   RO         5918    i.USART1_SendWithDMA  usart.o
    0x080023f0   0x080023f0   0x0000007c   Code   RO         5919    i.USART1_Tx_InitDMA  usart.o
    0x0800246c   0x0800246c   0x00000002   Code   RO         6234    i.UpdateRawValue_Handler  modbus_slave.o
    0x0800246e   0x0800246e   0x00000004   Code   RO          181    i.UsageFault_Handler  gd32f4xx_it.o
    0x08002472   0x08002472   0x00000002   PAD
    0x08002474   0x08002474   0x00000020   Code   RO         6413    i.ValidateRegRange  modbus_save_data.o
    0x08002494   0x08002494   0x00000004   Code   RO         5921    i._sys_exit         usart.o
    0x08002498   0x08002498   0x0000004c   Code   RO         5790    i.delay_init        delay.o
    0x080024e4   0x080024e4   0x00000038   Code   RO         5791    i.delay_ms          delay.o
    0x0800251c   0x0800251c   0x0000004c   Code   RO         5792    i.delay_us          delay.o
    0x08002568   0x08002568   0x0000004c   Code   RO         5793    i.delay_xms         delay.o
    0x080025b4   0x080025b4   0x00000020   Code   RO         1356    i.dma_channel_disable  gd32f4xx_dma.o
    0x080025d4   0x080025d4   0x00000020   Code   RO         1357    i.dma_channel_enable  gd32f4xx_dma.o
    0x080025f4   0x080025f4   0x00000026   Code   RO         1358    i.dma_channel_subperipheral_select  gd32f4xx_dma.o
    0x0800261a   0x0800261a   0x000000a6   Code   RO         1361    i.dma_deinit        gd32f4xx_dma.o
    0x080026c0   0x080026c0   0x0000003e   Code   RO         1363    i.dma_flag_clear    gd32f4xx_dma.o
    0x080026fe   0x080026fe   0x0000003e   Code   RO         1367    i.dma_interrupt_enable  gd32f4xx_dma.o
    0x0800273c   0x0800273c   0x0000003e   Code   RO         1368    i.dma_interrupt_flag_clear  gd32f4xx_dma.o
    0x0800277a   0x0800277a   0x00000204   Code   RO         1369    i.dma_interrupt_flag_get  gd32f4xx_dma.o
    0x0800297e   0x0800297e   0x00000002   PAD
    0x08002980   0x08002980   0x00000158   Code   RO         1381    i.dma_single_data_mode_init  gd32f4xx_dma.o
    0x08002ad8   0x08002ad8   0x00000010   Code   RO         1386    i.dma_transfer_number_config  gd32f4xx_dma.o
    0x08002ae8   0x08002ae8   0x000000bc   Code   RO         2384    i.exti_init         gd32f4xx_exti.o
    0x08002ba4   0x08002ba4   0x0000000c   Code   RO         2387    i.exti_interrupt_flag_clear  gd32f4xx_exti.o
    0x08002bb0   0x08002bb0   0x00000018   Code   RO         2388    i.exti_interrupt_flag_get  gd32f4xx_exti.o
    0x08002bc8   0x08002bc8   0x00000010   Code   RO         2702    i.fwdgt_counter_reload  gd32f4xx_fwdgt.o
    0x08002bd8   0x08002bd8   0x0000005e   Code   RO         2763    i.gpio_af_set       gd32f4xx_gpio.o
    0x08002c36   0x08002c36   0x0000004e   Code   RO         2771    i.gpio_mode_set     gd32f4xx_gpio.o
    0x08002c84   0x08002c84   0x00000042   Code   RO         2773    i.gpio_output_options_set  gd32f4xx_gpio.o
    0x08002cc6   0x08002cc6   0x00000010   Code   RO         2867    i.i2c_ack_config    gd32f4xx_i2c.o
    0x08002cd6   0x08002cd6   0x00000010   Code   RO         2868    i.i2c_ackpos_config  gd32f4xx_i2c.o
    0x08002ce6   0x08002ce6   0x00000008   Code   RO         2872    i.i2c_data_receive  gd32f4xx_i2c.o
    0x08002cee   0x08002cee   0x00000006   Code   RO         2873    i.i2c_data_transmit  gd32f4xx_i2c.o
    0x08002cf4   0x08002cf4   0x00000058   Code   RO         2874    i.i2c_deinit        gd32f4xx_i2c.o
    0x08002d4c   0x08002d4c   0x0000000a   Code   RO         2881    i.i2c_enable        gd32f4xx_i2c.o
    0x08002d56   0x08002d56   0x00000028   Code   RO         2882    i.i2c_flag_clear    gd32f4xx_i2c.o
    0x08002d7e   0x08002d7e   0x0000001e   Code   RO         2883    i.i2c_flag_get      gd32f4xx_i2c.o
    0x08002d9c   0x08002d9c   0x0000001a   Code   RO         2884    i.i2c_interrupt_disable  gd32f4xx_i2c.o
    0x08002db6   0x08002db6   0x0000001a   Code   RO         2885    i.i2c_interrupt_enable  gd32f4xx_i2c.o
    0x08002dd0   0x08002dd0   0x00000014   Code   RO         2888    i.i2c_master_addressing  gd32f4xx_i2c.o
    0x08002de4   0x08002de4   0x0000001c   Code   RO         2889    i.i2c_mode_addr_config  gd32f4xx_i2c.o
    0x08002e00   0x08002e00   0x0000000a   Code   RO         2902    i.i2c_start_on_bus  gd32f4xx_i2c.o
    0x08002e0a   0x08002e0a   0x0000000a   Code   RO         2903    i.i2c_stop_on_bus   gd32f4xx_i2c.o
    0x08002e14   0x08002e14   0x00000024   Code   RO            3    i.main              main.o
    0x08002e38   0x08002e38   0x00000038   Code   RO         6872    i.mydelay           bll_tocase.o
    0x08002e70   0x08002e70   0x000000c4   Code   RO         3339    i.nvic_irq_enable   gd32f4xx_misc.o
    0x08002f34   0x08002f34   0x00000014   Code   RO         3340    i.nvic_priority_group_set  gd32f4xx_misc.o
    0x08002f48   0x08002f48   0x00000124   Code   RO         3544    i.rcu_clock_freq_get  gd32f4xx_rcu.o
    0x0800306c   0x0800306c   0x00000024   Code   RO         3563    i.rcu_periph_clock_enable  gd32f4xx_rcu.o
    0x08003090   0x08003090   0x00000024   Code   RO         3566    i.rcu_periph_reset_disable  gd32f4xx_rcu.o
    0x080030b4   0x080030b4   0x00000024   Code   RO         3567    i.rcu_periph_reset_enable  gd32f4xx_rcu.o
    0x080030d8   0x080030d8   0x000000ac   Code   RO         4646    i.syscfg_exti_line_config  gd32f4xx_syscfg.o
    0x08003184   0x08003184   0x00000108   Code   RO          246    i.system_clock_168m_8m_hxtal  system_gd32f4xx.o
    0x0800328c   0x0800328c   0x00000008   Code   RO          247    i.system_clock_config  system_gd32f4xx.o
    0x08003294   0x08003294   0x00000004   Code   RO         4734    i.timer_counter_value_config  gd32f4xx_timer.o
    0x08003298   0x08003298   0x00000184   Code   RO         4735    i.timer_deinit      gd32f4xx_timer.o
    0x0800341c   0x0800341c   0x0000000a   Code   RO         4736    i.timer_disable     gd32f4xx_timer.o
    0x08003426   0x08003426   0x0000000a   Code   RO         4740    i.timer_enable      gd32f4xx_timer.o
    0x08003430   0x08003430   0x00000098   Code   RO         4750    i.timer_init        gd32f4xx_timer.o
    0x080034c8   0x080034c8   0x00000008   Code   RO         4757    i.timer_interrupt_enable  gd32f4xx_timer.o
    0x080034d0   0x080034d0   0x00000006   Code   RO         4758    i.timer_interrupt_flag_clear  gd32f4xx_timer.o
    0x080034d6   0x080034d6   0x00000018   Code   RO         4759    i.timer_interrupt_flag_get  gd32f4xx_timer.o
    0x080034ee   0x080034ee   0x00000002   PAD
    0x080034f0   0x080034f0   0x000000e8   Code   RO         5391    i.usart_baudrate_set  gd32f4xx_usart.o
    0x080035d8   0x080035d8   0x0000000a   Code   RO         5395    i.usart_data_receive  gd32f4xx_usart.o
    0x080035e2   0x080035e2   0x00000008   Code   RO         5396    i.usart_data_transmit  gd32f4xx_usart.o
    0x080035ea   0x080035ea   0x00000002   PAD
    0x080035ec   0x080035ec   0x000000dc   Code   RO         5397    i.usart_deinit      gd32f4xx_usart.o
    0x080036c8   0x080036c8   0x00000014   Code   RO         5400    i.usart_dma_transmit_config  gd32f4xx_usart.o
    0x080036dc   0x080036dc   0x0000000a   Code   RO         5401    i.usart_enable      gd32f4xx_usart.o
    0x080036e6   0x080036e6   0x00000034   Code   RO         5402    i.usart_flag_clear  gd32f4xx_usart.o
    0x0800371a   0x0800371a   0x0000001e   Code   RO         5403    i.usart_flag_get    gd32f4xx_usart.o
    0x08003738   0x08003738   0x00000014   Code   RO         5408    i.usart_hardware_flow_cts_config  gd32f4xx_usart.o
    0x0800374c   0x0800374c   0x00000014   Code   RO         5409    i.usart_hardware_flow_rts_config  gd32f4xx_usart.o
    0x08003760   0x08003760   0x0000001a   Code   RO         5411    i.usart_interrupt_enable  gd32f4xx_usart.o
    0x0800377a   0x0800377a   0x0000001a   Code   RO         5412    i.usart_interrupt_flag_clear  gd32f4xx_usart.o
    0x08003794   0x08003794   0x00000038   Code   RO         5413    i.usart_interrupt_flag_get  gd32f4xx_usart.o
    0x080037cc   0x080037cc   0x00000010   Code   RO         5426    i.usart_parity_config  gd32f4xx_usart.o
    0x080037dc   0x080037dc   0x00000010   Code   RO         5428    i.usart_receive_config  gd32f4xx_usart.o
    0x080037ec   0x080037ec   0x00000010   Code   RO         5439    i.usart_stop_bit_set  gd32f4xx_usart.o
    0x080037fc   0x080037fc   0x00000010   Code   RO         5443    i.usart_transmit_config  gd32f4xx_usart.o
    0x0800380c   0x0800380c   0x00000010   Code   RO         5444    i.usart_word_length_set  gd32f4xx_usart.o
    0x0800381c   0x0800381c   0x0000000a   Code   RO         7020    x$fpl$fpinit        fz_wm.l(fpinit.o)
    0x08003826   0x08003826   0x00000002   PAD
    0x08003828   0x08003828   0x00000205   Data   RO         6236    .constdata          modbus_slave.o
    0x08003a2d   0x08003a2d   0x00000003   PAD
    0x08003a30   0x08003a30   0x0000004c   Data   RO         6873    .constdata          bll_tocase.o
    0x08003a7c   0x08003a7c   0x00000020   Data   RO         7084    Region$$Table       anon$$obj.o


    Execution Region RW_IRAM1 (Exec base: 0x20000000, Load base: 0x08003a9c, Size: 0x00000e48, Max: 0x00020000, ABSOLUTE)

    Exec Addr    Load Addr    Size         Type   Attr      Idx    E Section Name        Object

    0x20000000   0x08003a9c   0x00000003   Data   RW            4    .data               main.o
    0x20000003   0x08003a9f   0x00000001   PAD
    0x20000004   0x08003aa0   0x00000004   Data   RW         5794    .data               delay.o
    0x20000008   0x08003aa4   0x00000005   Data   RW         5924    .data               usart.o
    0x2000000d   0x08003aa9   0x00000001   PAD
    0x2000000e   0x08003aaa   0x00000004   Data   RW         6237    .data               modbus_slave.o
    0x20000012   0x08003aae   0x00000006   Data   RW         6332    .data               modbus_master.o
    0x20000018   0x08003ab4   0x00000037   Data   RW         6415    .data               modbus_save_data.o
    0x2000004f   0x08003aeb   0x00000001   PAD
    0x20000050   0x08003aec   0x0000000c   Data   RW         6453    .data               bll_main.o
    0x2000005c   0x08003af8   0x00000001   Data   RW         6619    .data               bll_backzero.o
    0x2000005d   0x08003af9   0x00000002   Data   RW         6659    .data               bll_eeprom.o
    0x2000005f   0x08003afb   0x00000001   PAD
    0x20000060   0x08003afc   0x00000004   Data   RW         6737    .data               bll_motor.o
    0x20000064   0x08003b00   0x00000058   Data   RW         6874    .data               bll_tocase.o
    0x200000bc        -       0x00000100   Zero   RW         5923    .bss                usart.o
    0x200001bc        -       0x00000014   Zero   RW         6152    .bss                ji2c.o
    0x200001d0        -       0x00000400   Zero   RW         6235    .bss                modbus_slave.o
    0x200005d0        -       0x000000c8   Zero   RW         6331    .bss                modbus_master.o
    0x20000698        -       0x00000136   Zero   RW         6414    .bss                modbus_save_data.o
    0x200007ce        -       0x00000016   Zero   RW         6452    .bss                bll_main.o
    0x200007e4        -       0x00000060   Zero   RW         6962    .bss                c_w.l(libspace.o)
    0x20000844   0x08003b58   0x00000004   PAD
    0x20000848        -       0x00000200   Zero   RW          285    HEAP                startup_gd32f407.o
    0x20000a48        -       0x00000400   Zero   RW          284    STACK               startup_gd32f407.o


==============================================================================

Image component sizes


      Code (inc. data)   RO Data    RW Data    ZI Data      Debug   Object Name

       202          0          0          0          0       3131   bll_adapter.o
       172         26          0          1          0       2377   bll_backzero.o
       728         74          0          2          0       6638   bll_eeprom.o
       860        136          0         12         22      35750   bll_main.o
       188         24          0          4          0       6027   bll_motor.o
       956         80         76         88          0       5507   bll_tocase.o
       284         18          0          4          0       2511   delay.o
       436          8          0          0          0       4642   exti.o
         0          0          0          0          0       4868   gd32f4xx_adc.o
      1330          4          0          0          0       7348   gd32f4xx_dma.o
       224         16          0          0          0       1846   gd32f4xx_exti.o
        16          6          0          0          0        499   gd32f4xx_fwdgt.o
       238          0          0          0          0       2336   gd32f4xx_gpio.o
       334          4          0          0          0       8285   gd32f4xx_i2c.o
        34          0          0          0          0       4082   gd32f4xx_it.o
       216         20          0          0          0       1396   gd32f4xx_misc.o
       400         40          0          0          0       3432   gd32f4xx_rcu.o
       172          6          0          0          0        738   gd32f4xx_syscfg.o
       602         44          0          0          0       5353   gd32f4xx_timer.o
       810         18          0          0          0      11271   gd32f4xx_usart.o
       368         28          0          0          0       1212   gpio.o
         8          0          0          0          0        488   iwdg.o
       954         56          0          0         20       6711   ji2c.o
        36          4          0          3          0      80789   main.o
       902         80          0          6        200       6368   modbus_master.o
        32          6          0         55        310       4796   modbus_save_data.o
      1028         96        517          4       1024       9488   modbus_slave.o
        64         26        384          0       1536        836   startup_gd32f407.o
       484         32          0          0          0       2393   system_gd32f4xx.o
       476         36          0          0          0       4521   timer.o
       752         72          0          5        256       6677   usart.o

    ----------------------------------------------------------------------
     13324        960       1012        188       3368     242316   Object Totals
         0          0         32          0          0          0   (incl. Generated)
        18          0          3          4          0          0   (incl. Padding)

    ----------------------------------------------------------------------

      Code (inc. data)   RO Data    RW Data    ZI Data      Debug   Library Member Name

         8          0          0          0          0         68   __main.o
         0          0          0          0          0          0   __rtentry.o
        12          0          0          0          0          0   __rtentry2.o
         6          0          0          0          0          0   __rtentry4.o
        52          8          0          0          0          0   __scatter.o
        26          0          0          0          0          0   __scatter_copy.o
        28          0          0          0          0          0   __scatter_zi.o
        18          0          0          0          0         80   exit.o
         6          0          0          0          0        152   heapauxi.o
         2          0          0          0          0          0   libinit.o
         6          0          0          0          0          0   libinit2.o
         2          0          0          0          0          0   libshutdown.o
         2          0          0          0          0          0   libshutdown2.o
         8          4          0          0         96         68   libspace.o
        68          0          0          0          0         68   rt_memclr.o
        78          0          0          0          0         80   rt_memclr_w.o
       138          0          0          0          0         68   rt_memcpy_v6.o
       100          0          0          0          0         80   rt_memcpy_w.o
         2          0          0          0          0          0   rtexit.o
        10          0          0          0          0          0   rtexit2.o
        74          0          0          0          0         80   sys_stackheap_outer.o
         2          0          0          0          0         68   use_no_semi.o
         2          0          0          0          0         68   use_no_semi_2.o
        10          0          0          0          0        116   fpinit.o

    ----------------------------------------------------------------------
       668         12          0          0        100        996   Library Totals
         8          0          0          0          4          0   (incl. Padding)

    ----------------------------------------------------------------------

      Code (inc. data)   RO Data    RW Data    ZI Data      Debug   Library Name

       650         12          0          0         96        880   c_w.l
        10          0          0          0          0        116   fz_wm.l

    ----------------------------------------------------------------------
       668         12          0          0        100        996   Library Totals

    ----------------------------------------------------------------------

==============================================================================


      Code (inc. data)   RO Data    RW Data    ZI Data      Debug   

     13992        972       1012        188       3468     225848   Grand Totals
     13992        972       1012        188       3468     225848   ELF Image Totals
     13992        972       1012        188          0          0   ROM Totals

==============================================================================

    Total RO  Size (Code + RO Data)                15004 (  14.65kB)
    Total RW  Size (RW Data + ZI Data)              3656 (   3.57kB)
    Total ROM Size (Code + RO Data + RW Data)      15192 (  14.84kB)

==============================================================================

