*** Using Compiler 'V5.06 update 5 (build 528)', folder: 'D:\MDK_CORE\ARM\ARMCC\Bin'
Rebuild target 'Template'
assembling startup_gd32f407.s...
compiling gd32f4xx_exti.c...
compiling gd32f4xx_misc.c...
compiling main.c...
compiling gd32f4xx_dma.c...
compiling gd32f4xx_syscfg.c...
compiling gd32f4xx_gpio.c...
compiling gd32f4xx_fmc.c...
compiling gd32f4xx_pmu.c...
compiling gd32f4xx_fwdgt.c...
compiling system_gd32f4xx.c...
compiling gd32f4xx_it.c...
compiling gd32f4xx_rcu.c...
compiling gd32f4xx_usart.c...
compiling gd32f4xx_timer.c...
compiling sys.c...
compiling delay.c...
compiling usart.c...
compiling timer.c...
compiling gpio.c...
compiling led.c...
compiling iwdg.c...
compiling exti.c...
..\HARDWARE\EXTI\exti.c(82): warning:  #188-D: enumerated type mixed with another type
          exti_init(exti_lines[line], EXTI_INTERRUPT, EXTI_TRIG_RISING);
..\HARDWARE\EXTI\exti.c(83): warning:  #188-D: enumerated type mixed with another type
          exti_interrupt_flag_clear(exti_lines[line]);
..\HARDWARE\EXTI\exti.c(85): warning:  #188-D: enumerated type mixed with another type
          exti_interrupt_flag_clear(exti_lines[line]);
..\HARDWARE\EXTI\exti.c: 3 warnings, 0 errors
compiling key.c...
compiling motor.c...
compiling modbus_slave.c...
..\MODBUS\modbus_slave.c(186): warning:  #177-D: label "errorsend"  was declared but never referenced
  errorsend:
..\MODBUS\modbus_slave.c: 1 warning, 0 errors
compiling modbus_save_data.c...
..\MODBUS\modbus_save_data.c(4): warning:  #1215-D: #warning directive: packed GNU style
  #warning packed GNU style
..\MODBUS\modbus_save_data.c: 1 warning, 0 errors
compiling modbus_master.c...
compiling bll_main.c...
..\HARDWARE\GPIO\gpio.h(6): warning:  #47-D: incompatible redefinition of macro "XINRAW_EXPAND"  (declared at line 8 of "..\USER\common.h")
  #define XINRAW_EXPAND(p, n) XINRAW(p, n)
..\HARDWARE\GPIO\gpio.h(9): warning:  #47-D: incompatible redefinition of macro "INIT_PORT_IN_FLOAT"  (declared at line 10 of "..\USER\common.h")
  #define INIT_PORT_IN_FLOAT(p, n)                                \
..\HARDWARE\GPIO\gpio.h(15): warning:  #47-D: incompatible redefinition of macro "INIT_PORT_IN_FLOAT_EXPAND"  (declared at line 15 of "..\USER\common.h")
  #define INIT_PORT_IN_FLOAT_EXPAND(p, n) INIT_PORT_IN_FLOAT(p, n)
..\HARDWARE\GPIO\gpio.h(20): warning:  #47-D: incompatible redefinition of macro "XIN"  (declared at line 20 of "..\USER\common.h")
  #define XIN(n) XINRAW_EXPAND(GET_X_PORT(n), GET_X_PIN(n))
..\HARDWARE\GPIO\gpio.h(21): warning:  #47-D: incompatible redefinition of macro "INITX"  (declared at line 21 of "..\USER\common.h")
  #define INITX(n) INIT_PORT_IN_FLOAT_EXPAND(GET_X_PORT(n), GET_X_PIN(n))
..\BLL\bll_main.c: 5 warnings, 0 errors
compiling bll_adapter.c...
compiling bll_eeprom.c...
compiling bll_motor.c...
compiling bll_backzero.c...
compiling bll_tocase.c...
..\HARDWARE\GPIO\gpio.h(6): warning:  #47-D: incompatible redefinition of macro "XINRAW_EXPAND"  (declared at line 8 of "..\USER\common.h")
  #define XINRAW_EXPAND(p, n) XINRAW(p, n)
..\HARDWARE\GPIO\gpio.h(9): warning:  #47-D: incompatible redefinition of macro "INIT_PORT_IN_FLOAT"  (declared at line 10 of "..\USER\common.h")
  #define INIT_PORT_IN_FLOAT(p, n)                                \
..\HARDWARE\GPIO\gpio.h(15): warning:  #47-D: incompatible redefinition of macro "INIT_PORT_IN_FLOAT_EXPAND"  (declared at line 15 of "..\USER\common.h")
  #define INIT_PORT_IN_FLOAT_EXPAND(p, n) INIT_PORT_IN_FLOAT(p, n)
..\HARDWARE\GPIO\gpio.h(20): warning:  #47-D: incompatible redefinition of macro "XIN"  (declared at line 20 of "..\USER\common.h")
  #define XIN(n) XINRAW_EXPAND(GET_X_PORT(n), GET_X_PIN(n))
..\HARDWARE\GPIO\gpio.h(21): warning:  #47-D: incompatible redefinition of macro "INITX"  (declared at line 21 of "..\USER\common.h")
  #define INITX(n) INIT_PORT_IN_FLOAT_EXPAND(GET_X_PORT(n), GET_X_PIN(n))
..\BLL\bll_tocase.c(128): warning:  #111-D: statement is unreachable
  			break;
..\BLL\bll_tocase.c(133): warning:  #111-D: statement is unreachable
  			break;
..\BLL\bll_tocase.c(143): warning:  #111-D: statement is unreachable
  			break;
..\BLL\bll_tocase.c: 8 warnings, 0 errors
compiling bll_claw.c...
..\HARDWARE\GPIO\gpio.h(6): warning:  #47-D: incompatible redefinition of macro "XINRAW_EXPAND"  (declared at line 8 of "..\USER\common.h")
  #define XINRAW_EXPAND(p, n) XINRAW(p, n)
..\HARDWARE\GPIO\gpio.h(9): warning:  #47-D: incompatible redefinition of macro "INIT_PORT_IN_FLOAT"  (declared at line 10 of "..\USER\common.h")
  #define INIT_PORT_IN_FLOAT(p, n)                                \
..\HARDWARE\GPIO\gpio.h(15): warning:  #47-D: incompatible redefinition of macro "INIT_PORT_IN_FLOAT_EXPAND"  (declared at line 15 of "..\USER\common.h")
  #define INIT_PORT_IN_FLOAT_EXPAND(p, n) INIT_PORT_IN_FLOAT(p, n)
..\HARDWARE\GPIO\gpio.h(20): warning:  #47-D: incompatible redefinition of macro "XIN"  (declared at line 20 of "..\USER\common.h")
  #define XIN(n) XINRAW_EXPAND(GET_X_PORT(n), GET_X_PIN(n))
..\HARDWARE\GPIO\gpio.h(21): warning:  #47-D: incompatible redefinition of macro "INITX"  (declared at line 21 of "..\USER\common.h")
  #define INITX(n) INIT_PORT_IN_FLOAT_EXPAND(GET_X_PORT(n), GET_X_PIN(n))
..\BLL\bll_claw.c: 5 warnings, 0 errors
compiling bll_access.c...
..\HARDWARE\GPIO\gpio.h(6): warning:  #47-D: incompatible redefinition of macro "XINRAW_EXPAND"  (declared at line 8 of "..\USER\common.h")
  #define XINRAW_EXPAND(p, n) XINRAW(p, n)
..\HARDWARE\GPIO\gpio.h(9): warning:  #47-D: incompatible redefinition of macro "INIT_PORT_IN_FLOAT"  (declared at line 10 of "..\USER\common.h")
  #define INIT_PORT_IN_FLOAT(p, n)                                \
..\HARDWARE\GPIO\gpio.h(15): warning:  #47-D: incompatible redefinition of macro "INIT_PORT_IN_FLOAT_EXPAND"  (declared at line 15 of "..\USER\common.h")
  #define INIT_PORT_IN_FLOAT_EXPAND(p, n) INIT_PORT_IN_FLOAT(p, n)
..\HARDWARE\GPIO\gpio.h(20): warning:  #47-D: incompatible redefinition of macro "XIN"  (declared at line 20 of "..\USER\common.h")
  #define XIN(n) XINRAW_EXPAND(GET_X_PORT(n), GET_X_PIN(n))
..\HARDWARE\GPIO\gpio.h(21): warning:  #47-D: incompatible redefinition of macro "INITX"  (declared at line 21 of "..\USER\common.h")
  #define INITX(n) INIT_PORT_IN_FLOAT_EXPAND(GET_X_PORT(n), GET_X_PIN(n))
..\BLL\bll_access.c(156): warning:  #1-D: last line of file ends without a newline
  }
..\BLL\bll_access.c: 6 warnings, 0 errors
linking...
Program Size: Code=22248 RO-data=964 RW-data=108 ZI-data=3444  
FromELF: creating hex file...
"..\OBJ\Template.axf" - 0 Error(s), 29 Warning(s).
Build Time Elapsed:  00:00:04
