Component: ARM Compiler 5.06 update 5 (build 528) Tool: armlink [4d35e2]

==============================================================================

Section Cross References

    main.o(.text) refers to system_gd32f4xx.o(.text) for SystemInit
    main.o(.text) refers to delay.o(.text) for delay_init
    main.o(.text) refers to bll_main.o(.text) for BLL_Init_All
    main.o(.text) refers to main.o(.data) for IsJumpIAP
    system_gd32f4xx.o(.text) refers to system_gd32f4xx.o(.data) for SystemCoreClock
    startup_gd32f407.o(STACK) refers (Special) to heapauxi.o(.text) for __use_two_region_memory
    startup_gd32f407.o(HEAP) refers (Special) to heapauxi.o(.text) for __use_two_region_memory
    startup_gd32f407.o(RESET) refers (Special) to heapauxi.o(.text) for __use_two_region_memory
    startup_gd32f407.o(RESET) refers to startup_gd32f407.o(STACK) for __initial_sp
    startup_gd32f407.o(RESET) refers to startup_gd32f407.o(.text) for Reset_Handler
    startup_gd32f407.o(RESET) refers to gd32f4xx_it.o(.text) for NMI_Handler
    startup_gd32f407.o(RESET) refers to exti.o(.text) for EXTI0_IRQHandler
    startup_gd32f407.o(RESET) refers to timer.o(.text) for TIMER0_UP_TIMER10_IRQHandler
    startup_gd32f407.o(RESET) refers to usart.o(.text) for USART0_IRQHandler
    startup_gd32f407.o(.text) refers (Special) to heapauxi.o(.text) for __use_two_region_memory
    startup_gd32f407.o(.text) refers to system_gd32f4xx.o(.text) for SystemInit
    startup_gd32f407.o(.text) refers to __main.o(!!!main) for __main
    startup_gd32f407.o(.text) refers to startup_gd32f407.o(HEAP) for Heap_Mem
    startup_gd32f407.o(.text) refers to startup_gd32f407.o(STACK) for Stack_Mem
    gd32f4xx_gpio.o(.text) refers to gd32f4xx_rcu.o(.text) for rcu_periph_reset_enable
    gd32f4xx_syscfg.o(.text) refers to gd32f4xx_rcu.o(.text) for rcu_periph_reset_enable
    gd32f4xx_timer.o(.text) refers to gd32f4xx_rcu.o(.text) for rcu_periph_reset_enable
    gd32f4xx_usart.o(.text) refers to gd32f4xx_rcu.o(.text) for rcu_periph_reset_enable
    gd32f4xx_pmu.o(.text) refers to gd32f4xx_rcu.o(.text) for rcu_periph_reset_enable
    gd32f4xx_pmu.o(.text) refers to gd32f4xx_pmu.o(.bss) for reg_snap
    delay.o(.text) refers to delay.o(.data) for fac_us
    timer.o(.text) refers to gd32f4xx_rcu.o(.text) for rcu_periph_clock_enable
    timer.o(.text) refers to gd32f4xx_timer.o(.text) for timer_deinit
    timer.o(.text) refers to gd32f4xx_misc.o(.text) for nvic_irq_enable
    timer.o(.text) refers to modbus_slave.o(.text) for ModBus_SetTimeout
    timer.o(.text) refers to modbus_master.o(.text) for Master_Set_Timeout
    timer.o(.text) refers to iwdg.o(.text) for IWDG_Feed
    usart.o(.rev16_text) refers (Special) to use_no_semi_2.o(.text) for __use_no_semihosting
    usart.o(.revsh_text) refers (Special) to use_no_semi_2.o(.text) for __use_no_semihosting
    usart.o(.text) refers (Special) to use_no_semi_2.o(.text) for __use_no_semihosting
    usart.o(.text) refers to gd32f4xx_usart.o(.text) for usart_flag_get
    usart.o(.text) refers to gd32f4xx_rcu.o(.text) for rcu_periph_clock_enable
    usart.o(.text) refers to gd32f4xx_gpio.o(.text) for gpio_af_set
    usart.o(.text) refers to gd32f4xx_misc.o(.text) for nvic_irq_enable
    usart.o(.text) refers to modbus_master.o(.text) for Modbus_Master_Receive
    usart.o(.text) refers to gd32f4xx_dma.o(.text) for dma_deinit
    usart.o(.text) refers to rt_memcpy_v6.o(.text) for __aeabi_memcpy
    usart.o(.text) refers to modbus_slave.o(.text) for ModBusRecByte
    usart.o(.text) refers to gd32f4xx_fmc.o(.text) for fmc_unlock
    usart.o(.text) refers to usart.o(.bss) for DMA_Buffer
    usart.o(.text) refers to usart.o(.data) for DMA_Status
    usart.o(.bss) refers (Special) to use_no_semi_2.o(.text) for __use_no_semihosting
    usart.o(.data) refers (Special) to use_no_semi_2.o(.text) for __use_no_semihosting
    gpio.o(.text) refers to gd32f4xx_rcu.o(.text) for rcu_periph_clock_enable
    gpio.o(.text) refers to gd32f4xx_gpio.o(.text) for gpio_mode_set
    exti.o(.text) refers to gd32f4xx_rcu.o(.text) for rcu_periph_clock_enable
    exti.o(.text) refers to gd32f4xx_syscfg.o(.text) for syscfg_exti_line_config
    exti.o(.text) refers to gd32f4xx_exti.o(.text) for exti_init
    exti.o(.text) refers to gd32f4xx_misc.o(.text) for nvic_irq_enable
    exti.o(.text) refers to exti.o(.constdata) for exti_lines
    iwdg.o(.text) refers to gd32f4xx_fwdgt.o(.text) for fwdgt_write_enable
    led.o(.text) refers to gd32f4xx_rcu.o(.text) for rcu_periph_clock_enable
    led.o(.text) refers to gd32f4xx_gpio.o(.text) for gpio_mode_set
    key.o(.text) refers to gd32f4xx_rcu.o(.text) for rcu_periph_clock_enable
    key.o(.text) refers to gd32f4xx_gpio.o(.text) for gpio_mode_set
    key.o(.text) refers to delay.o(.text) for delay_ms
    key.o(.text) refers to key.o(.data) for key_up
    motor.o(.text) refers to modbus_master.o(.text) for Send_Func06_Data
[...]
    .ARM.Collect$$libinit$$00000021          0x080001fa   Section        0  libinit2.o(.ARM.Collect$$libinit$$00000021)
    .ARM.Collect$$libinit$$00000023          0x080001fa   Section        0  libinit2.o(.ARM.Collect$$libinit$$00000023)
    .ARM.Collect$$libinit$$00000025          0x080001fa   Section        0  libinit2.o(.ARM.Collect$$libinit$$00000025)
    .ARM.Collect$$libinit$$0000002C          0x080001fa   Section        0  libinit2.o(.ARM.Collect$$libinit$$0000002C)
    .ARM.Collect$$libinit$$0000002E          0x080001fa   Section        0  libinit2.o(.ARM.Collect$$libinit$$0000002E)
    .ARM.Collect$$libinit$$00000030          0x080001fa   Section        0  libinit2.o(.ARM.Collect$$libinit$$00000030)
    .ARM.Collect$$libinit$$00000032          0x080001fa   Section        0  libinit2.o(.ARM.Collect$$libinit$$00000032)
    .ARM.Collect$$libinit$$00000033          0x080001fa   Section        2  libinit2.o(.ARM.Collect$$libinit$$00000033)
    .ARM.Collect$$libshutdown$$00000000      0x080001fc   Section        2  libshutdown.o(.ARM.Collect$$libshutdown$$00000000)
    .ARM.Collect$$libshutdown$$00000002      0x080001fe   Section        0  libshutdown2.o(.ARM.Collect$$libshutdown$$00000002)
    .ARM.Collect$$libshutdown$$00000004      0x080001fe   Section        0  libshutdown2.o(.ARM.Collect$$libshutdown$$00000004)
    .ARM.Collect$$libshutdown$$00000007      0x080001fe   Section        0  libshutdown2.o(.ARM.Collect$$libshutdown$$00000007)
    .ARM.Collect$$libshutdown$$0000000A      0x080001fe   Section        0  libshutdown2.o(.ARM.Collect$$libshutdown$$0000000A)
    .ARM.Collect$$libshutdown$$0000000C      0x080001fe   Section        0  libshutdown2.o(.ARM.Collect$$libshutdown$$0000000C)
    .ARM.Collect$$libshutdown$$0000000F      0x080001fe   Section        0  libshutdown2.o(.ARM.Collect$$libshutdown$$0000000F)
    .ARM.Collect$$libshutdown$$00000010      0x080001fe   Section        2  libshutdown2.o(.ARM.Collect$$libshutdown$$00000010)
    .ARM.Collect$$rtentry$$00000000          0x08000200   Section        0  __rtentry.o(.ARM.Collect$$rtentry$$00000000)
    .ARM.Collect$$rtentry$$00000002          0x08000200   Section        0  __rtentry2.o(.ARM.Collect$$rtentry$$00000002)
    .ARM.Collect$$rtentry$$00000004          0x08000200   Section        6  __rtentry4.o(.ARM.Collect$$rtentry$$00000004)
    .ARM.Collect$$rtentry$$00000009          0x08000206   Section        0  __rtentry2.o(.ARM.Collect$$rtentry$$00000009)
    .ARM.Collect$$rtentry$$0000000A          0x08000206   Section        4  __rtentry2.o(.ARM.Collect$$rtentry$$0000000A)
    .ARM.Collect$$rtentry$$0000000C          0x0800020a   Section        0  __rtentry2.o(.ARM.Collect$$rtentry$$0000000C)
    .ARM.Collect$$rtentry$$0000000D          0x0800020a   Section        8  __rtentry2.o(.ARM.Collect$$rtentry$$0000000D)
    .ARM.Collect$$rtexit$$00000000           0x08000212   Section        2  rtexit.o(.ARM.Collect$$rtexit$$00000000)
    .ARM.Collect$$rtexit$$00000002           0x08000214   Section        0  rtexit2.o(.ARM.Collect$$rtexit$$00000002)
    .ARM.Collect$$rtexit$$00000003           0x08000214   Section        4  rtexit2.o(.ARM.Collect$$rtexit$$00000003)
    .ARM.Collect$$rtexit$$00000004           0x08000218   Section        6  rtexit2.o(.ARM.Collect$$rtexit$$00000004)
    .text                                    0x08000220   Section        0  main.o(.text)
    .text                                    0x08000244   Section        0  gd32f4xx_it.o(.text)
    .text                                    0x08000268   Section        0  system_gd32f4xx.o(.text)
    system_clock_168m_8m_hxtal               0x08000269   Thumb Code   250  system_gd32f4xx.o(.text)
    system_clock_config                      0x08000363   Thumb Code     8  system_gd32f4xx.o(.text)
    .text                                    0x08000558   Section       64  startup_gd32f407.o(.text)
    $v0                                      0x08000558   Number         0  startup_gd32f407.o(.text)
    .text                                    0x08000598   Section        0  gd32f4xx_misc.o(.text)
    .text                                    0x080006dc   Section        0  gd32f4xx_dma.o(.text)
    .text                                    0x0800115c   Section        0  gd32f4xx_exti.o(.text)
    .text                                    0x080012c0   Section        0  gd32f4xx_fmc.o(.text)
    .text                                    0x080018f0   Section        0  gd32f4xx_gpio.o(.text)
    .text                                    0x08001b10   Section        0  gd32f4xx_fwdgt.o(.text)
    .text                                    0x08001c18   Section        0  gd32f4xx_rcu.o(.text)
    .text                                    0x080024dc   Section        0  gd32f4xx_syscfg.o(.text)
    .text                                    0x08002618   Section        0  gd32f4xx_timer.o(.text)
    .text                                    0x0800346c   Section        0  gd32f4xx_usart.o(.text)
    .text                                    0x08003a3c   Section        0  delay.o(.text)
    .text                                    0x08003b50   Section        0  timer.o(.text)
    .text                                    0x08003d18   Section        0  usart.o(.text)
    .text                                    0x08004034   Section        0  gpio.o(.text)
    .text                                    0x08004190   Section        0  exti.o(.text)
    .text                                    0x08004374   Section        0  iwdg.o(.text)
    .text                                    0x0800439c   Section        0  modbus_slave.o(.text)
    Get_CRC16                                0x080043ad   Thumb Code    58  modbus_slave.o(.text)
    Attach_CRC16                             0x080043e7   Thumb Code    54  modbus_slave.o(.text)
    Check_CRC16                              0x0800441d   Thumb Code    50  modbus_slave.o(.text)
    SendError                                0x080044ad   Thumb Code    44  modbus_slave.o(.text)
    Handle_0x64                              0x080044d9   Thumb Code    24  modbus_slave.o(.text)
    Handle_0x10                              0x080044f7   Thumb Code   168  modbus_slave.o(.text)
    Handle_0x06                              0x0800459f   Thumb Code   136  modbus_slave.o(.text)
    Handle_0x03                              0x08004629   Thumb Code   170  modbus_slave.o(.text)
    .text                                    0x0800476c   Section        0  modbus_master.o(.text)
    .text                                    0x08004d04   Section        0  modbus_save_data.o(.text)
    .text                                    0x08004d24   Section        0  bll_main.o(.text)
    NOP                                      0x08004eef   Thumb Code     4  bll_main.o(.text)
    .text                                    0x0800504c   Section        0  bll_adapter.o(.text)
    .text                                    0x08005174   Section        0  bll_backzero.o(.text)
    Clear_Manual_Flags                       0x0800517d   Thumb Code     8  bll_backzero.o(.text)
    .text                                    0x080051fc   Section        0  bll_eeprom.o(.text)
    Save_Data                                0x080051fd   Thumb Code     6  bll_eeprom.o(.text)
    Read_Default                             0x08005203   Thumb Code     6  bll_eeprom.o(.text)
    .text                                    0x08005250   Section        0  bll_motor.o(.text)
    Check_Status_Cb                          0x080052fd   Thumb Code    16  bll_motor.o(.text)
    .text                                    0x080053e4   Section        0  bll_tocase.o(.text)
    Clear_Manual_Flags                       0x080053ed   Thumb Code    20  bll_tocase.o(.text)
    .text                                    0x0800566c   Section        2  use_no_semi_2.o(.text)
    .text                                    0x0800566e   Section      138  rt_memcpy_v6.o(.text)
    .text                                    0x080056f8   Section       68  rt_memclr.o(.text)
    .text                                    0x0800573c   Section        0  heapauxi.o(.text)
    .text                                    0x08005742   Section        2  use_no_semi.o(.text)
    .text                                    0x08005744   Section      100  rt_memcpy_w.o(.text)
    .text                                    0x080057a8   Section       78  rt_memclr_w.o(.text)
    .text                                    0x080057f6   Section       74  sys_stackheap_outer.o(.text)
    .text                                    0x08005840   Section        0  exit.o(.text)
    .text                                    0x08005854   Section        8  libspace.o(.text)
    x$fpl$fpinit                             0x0800585c   Section       10  fpinit.o(x$fpl$fpinit)
    $v0                                      0x0800585c   Number         0  fpinit.o(x$fpl$fpinit)
    .constdata                               0x08005868   Section       28  exti.o(.constdata)
    exti_lines                               0x08005868   Data          28  exti.o(.constdata)
    .constdata                               0x08005884   Section      517  modbus_slave.o(.constdata)
    aucCRCHi                                 0x08005884   Data         256  modbus_slave.o(.constdata)
    aucCRCLo                                 0x08005984   Data         256  modbus_slave.o(.constdata)
    .data                                    0x20000000   Section        3  main.o(.data)
    .data                                    0x20000004   Section        4  system_gd32f4xx.o(.data)
    .data                                    0x20000008   Section        4  delay.o(.data)
    fac_us                                   0x20000008   Data           1  delay.o(.data)
    fac_ms                                   0x2000000a   Data           2  delay.o(.data)
    .data                                    0x2000000c   Section        5  usart.o(.data)
    DMA_Status                               0x20000010   Data           1  usart.o(.data)
    .data                                    0x20000012   Section        4  modbus_slave.o(.data)
    MState                                   0x20000012   Data           1  modbus_slave.o(.data)
    RecCount                                 0x20000014   Data           2  modbus_slave.o(.data)
    .data                                    0x20000016   Section        6  modbus_master.o(.data)
    Master_Rec_Count                         0x20000018   Data           2  modbus_master.o(.data)
    .data                                    0x2000001c   Section       55  modbus_save_data.o(.data)
    _RegionSize                              0x2000004c   Data           7  modbus_save_data.o(.data)
    .data                                    0x20000054   Section       12  bll_main.o(.data)
    .data                                    0x20000060   Section        2  bll_backzero.o(.data)
    backzero_flag                            0x20000060   Data           1  bll_backzero.o(.data)
    zero_move_flag                           0x20000061   Data           1  bll_backzero.o(.data)
    .data                                    0x20000062   Section        1  bll_eeprom.o(.data)
    flag                                     0x20000062   Data           1  bll_eeprom.o(.data)
    .data                                    0x20000063   Section        2  bll_motor.o(.data)
    wait_flag                                0x20000063   Data           1  bll_motor.o(.data)
    code                                     0x20000064   Data           1  bll_motor.o(.data)
    .data                                    0x20000065   Section        6  bll_tocase.o(.data)
    roll_flag                                0x20000065   Data           1  bll_tocase.o(.data)
    kind                                     0x20000066   Data           1  bll_tocase.o(.data)
    swtich1_flag                             0x20000067   Data           1  bll_tocase.o(.data)
    swtich2_flag                             0x20000068   Data           1  bll_tocase.o(.data)
    swtich3_flag                             0x20000069   Data           1  bll_tocase.o(.data)
    finish_flag                              0x2000006a   Data           1  bll_tocase.o(.data)
    .bss                                     0x2000006c   Section      256  usart.o(.bss)
    DMA_Buffer                               0x2000006c   Data         256  usart.o(.bss)
    .bss                                     0x2000016c   Section     1024  modbus_slave.o(.bss)
    RecBuff                                  0x2000016c   Data        1024  modbus_slave.o(.bss)
    .bss                                     0x2000056c   Section      200  modbus_master.o(.bss)
    .bss                                     0x20000634   Section      310  modbus_save_data.o(.bss)
    .bss                                     0x2000076a   Section       22  bll_main.o(.bss)
    .bss                                     0x20000780   Section       96  libspace.o(.bss)
    HEAP                                     0x200007e0   Section      512  startup_gd32f407.o(HEAP)
    Heap_Mem                                 0x200007e0   Data         512  startup_gd32f407.o(HEAP)
    STACK                                    0x200009e0   Section     1024  startup_gd32f407.o(STACK)
    Stack_Mem                                0x200009e0   Data        1024  startup_gd32f407.o(STACK)
    __initial_sp                             0x20000de0   Data           0  startup_gd32f407.o(STACK)

    Global Symbols

    Symbol Name                              Value     Ov Type        Size  Object(Section)

    BuildAttributes$$THM_ISAv4$E$P$D$K$B$S$7EM$VFPi3$EXTD16$VFPS$VFMA$PE$A:L22UL41UL21$X:L11$S22US41US21$IEEE1$IW$USESV6$~STKCKD$USESV7$~SHL$OSPACE$ROPI$EBA8$UX$STANDARDLIB$REQ8$PRES8$EABIv2 0x00000000   Number         0  anon$$obj.o ABSOLUTE
    __ARM_use_no_argv                        0x00000000   Number         0  main.o ABSOLUTE
    _printf_flags                            0x00000000   Number         0  printf_stubs.o ABSOLUTE
    _printf_return_value                     0x00000000   Number         0  printf_stubs.o ABSOLUTE
    _printf_sizespec                         0x00000000   Number         0  printf_stubs.o ABSOLUTE
    _printf_widthprec                        0x00000000   Number         0  printf_stubs.o ABSOLUTE
    __ARM_exceptions_init                     - Undefined Weak Reference
    __alloca_initialize                       - Undefined Weak Reference
    __arm_preinit_                            - Undefined Weak Reference
    __cpp_initialize__aeabi_                  - Undefined Weak Reference
    __cxa_finalize                            - Undefined Weak Reference
    __rt_locale                               - Undefined Weak Reference
    __sigvec_lookup                           - Undefined Weak Reference
    _atexit_init                              - Undefined Weak Reference
    _call_atexit_fns                          - Undefined Weak Reference
    _clock_init                               - Undefined Weak Reference
    _fp_trap_init                             - Undefined Weak Reference
    _fp_trap_shutdown                         - Undefined Weak Reference
    _get_lc_collate                           - Undefined Weak Reference
    _get_lc_ctype                             - Undefined Weak Reference
    _get_lc_monetary                          - Undefined Weak Reference
    _get_lc_numeric                           - Undefined Weak Reference
    _get_lc_time                              - Undefined Weak Reference
    _getenv_init                              - Undefined Weak Reference
    _handle_redirection                       - Undefined Weak Reference
    _init_alloc                               - Undefined Weak Reference
    _init_user_alloc                          - Undefined Weak Reference
    _initio                                   - Undefined Weak Reference
    _mutex_acquire                            - Undefined Weak Reference
    _mutex_release                            - Undefined Weak Reference
    _printf_truncate_unsigned                 - Undefined Weak Reference
    _rand_init                                - Undefined Weak Reference
    _signal_finish                            - Undefined Weak Reference
    _signal_init                              - Undefined Weak Reference
    _terminate_alloc                          - Undefined Weak Reference
    _terminate_user_alloc                     - Undefined Weak Reference
    _terminateio                              - Undefined Weak Reference
    __Vectors_Size                           0x00000180   Number         0  startup_gd32f407.o ABSOLUTE
    __Vectors                                0x08000000   Data           4  startup_gd32f407.o(RESET)
    __Vectors_End                            0x08000180   Data           0  startup_gd32f407.o(RESET)
    __main                                   0x08000181   Thumb Code     8  __main.o(!!!main)
    __scatterload                            0x08000189   Thumb Code     0  __scatter.o(!!!scatter)
    __scatterload_rt2                        0x08000189   Thumb Code    44  __scatter.o(!!!scatter)
    __scatterload_rt2_thumb_only             0x08000189   Thumb Code     0  __scatter.o(!!!scatter)
    __scatterload_null                       0x08000197   Thumb Code     0  __scatter.o(!!!scatter)
    __scatterload_copy                       0x080001bd   Thumb Code    26  __scatter_copy.o(!!handler_copy)
    __scatterload_zeroinit                   0x080001d9   Thumb Code    28  __scatter_zi.o(!!handler_zi)
    __rt_lib_init                            0x080001f5   Thumb Code     0  libinit.o(.ARM.Collect$$libinit$$00000000)
    __rt_lib_init_fp_1                       0x080001f7   Thumb Code     0  libinit2.o(.ARM.Collect$$libinit$$00000001)
    __rt_lib_init_alloca_1                   0x080001fb   Thumb Code     0  libinit2.o(.ARM.Collect$$libinit$$0000002E)
    __rt_lib_init_argv_1                     0x080001fb   Thumb Code     0  libinit2.o(.ARM.Collect$$libinit$$0000002C)
    __rt_lib_init_atexit_1                   0x080001fb   Thumb Code     0  libinit2.o(.ARM.Collect$$libinit$$0000001B)
    __rt_lib_init_clock_1                    0x080001fb   Thumb Code     0  libinit2.o(.ARM.Collect$$libinit$$00000021)
    __rt_lib_init_cpp_1                      0x080001fb   Thumb Code     0  libinit2.o(.ARM.Collect$$libinit$$00000032)
    __rt_lib_init_exceptions_1               0x080001fb   Thumb Code     0  libinit2.o(.ARM.Collect$$libinit$$00000030)
    __rt_lib_init_fp_trap_1                  0x080001fb   Thumb Code     0  libinit2.o(.ARM.Collect$$libinit$$0000001F)
    __rt_lib_init_getenv_1                   0x080001fb   Thumb Code     0  libinit2.o(.ARM.Collect$$libinit$$00000023)
    __rt_lib_init_heap_1                     0x080001fb   Thumb Code     0  libinit2.o(.ARM.Collect$$libinit$$0000000A)
    __rt_lib_init_lc_collate_1               0x080001fb   Thumb Code     0  libinit2.o(.ARM.Collect$$libinit$$00000011)
    __rt_lib_init_lc_ctype_1                 0x080001fb   Thumb Code     0  libinit2.o(.ARM.Collect$$libinit$$00000013)
    __rt_lib_init_lc_monetary_1              0x080001fb   Thumb Code     0  libinit2.o(.ARM.Collect$$libinit$$00000015)
    __rt_lib_init_lc_numeric_1               0x080001fb   Thumb Code     0  libinit2.o(.ARM.Collect$$libinit$$00000017)
    __rt_lib_init_lc_time_1                  0x080001fb   Thumb Code     0  libinit2.o(.ARM.Collect$$libinit$$00000019)
    __rt_lib_init_preinit_1                  0x080001fb   Thumb Code     0  libinit2.o(.ARM.Collect$$libinit$$00000004)
    __rt_lib_init_rand_1                     0x080001fb   Thumb Code     0  libinit2.o(.ARM.Collect$$libinit$$0000000E)
    __rt_lib_init_return                     0x080001fb   Thumb Code     0  libinit2.o(.ARM.Collect$$libinit$$00000033)
    __rt_lib_init_signal_1                   0x080001fb   Thumb Code     0  libinit2.o(.ARM.Collect$$libinit$$0000001D)
    __rt_lib_init_stdio_1                    0x080001fb   Thumb Code     0  libinit2.o(.ARM.Collect$$libinit$$00000025)
    __rt_lib_init_user_alloc_1               0x080001fb   Thumb Code     0  libinit2.o(.ARM.Collect$$libinit$$0000000C)
    __rt_lib_shutdown                        0x080001fd   Thumb Code     0  libshutdown.o(.ARM.Collect$$libshutdown$$00000000)
    __rt_lib_shutdown_cpp_1                  0x080001ff   Thumb Code     0  libshutdown2.o(.ARM.Collect$$libshutdown$$00000002)
    __rt_lib_shutdown_fp_trap_1              0x080001ff   Thumb Code     0  libshutdown2.o(.ARM.Collect$$libshutdown$$00000007)
    __rt_lib_shutdown_heap_1                 0x080001ff   Thumb Code     0  libshutdown2.o(.ARM.Collect$$libshutdown$$0000000F)
    __rt_lib_shutdown_return                 0x080001ff   Thumb Code     0  libshutdown2.o(.ARM.Collect$$libshutdown$$00000010)
    __rt_lib_shutdown_signal_1               0x080001ff   Thumb Code     0  libshutdown2.o(.ARM.Collect$$libshutdown$$0000000A)
    __rt_lib_shutdown_stdio_1                0x080001ff   Thumb Code     0  libshutdown2.o(.ARM.Collect$$libshutdown$$00000004)
    __rt_lib_shutdown_user_alloc_1           0x080001ff   Thumb Code     0  libshutdown2.o(.ARM.Collect$$libshutdown$$0000000C)
    __rt_entry                               0x08000201   Thumb Code     0  __rtentry.o(.ARM.Collect$$rtentry$$00000000)
    __rt_entry_presh_1                       0x08000201   Thumb Code     0  __rtentry2.o(.ARM.Collect$$rtentry$$00000002)
    __rt_entry_sh                            0x08000201   Thumb Code     0  __rtentry4.o(.ARM.Collect$$rtentry$$00000004)
    __rt_entry_li                            0x08000207   Thumb Code     0  __rtentry2.o(.ARM.Collect$$rtentry$$0000000A)
    __rt_entry_postsh_1                      0x08000207   Thumb Code     0  __rtentry2.o(.ARM.Collect$$rtentry$$00000009)
    __rt_entry_main                          0x0800020b   Thumb Code     0  __rtentry2.o(.ARM.Collect$$rtentry$$0000000D)
    __rt_entry_postli_1                      0x0800020b   Thumb Code     0  __rtentry2.o(.ARM.Collect$$rtentry$$0000000C)
    __rt_exit                                0x08000213   Thumb Code     0  rtexit.o(.ARM.Collect$$rtexit$$00000000)
    __rt_exit_ls                             0x08000215   Thumb Code     0  rtexit2.o(.ARM.Collect$$rtexit$$00000003)
    __rt_exit_prels_1                        0x08000215   Thumb Code     0  rtexit2.o(.ARM.Collect$$rtexit$$00000002)
    __rt_exit_exit                           0x08000219   Thumb Code     0  rtexit2.o(.ARM.Collect$$rtexit$$00000004)
    main                                     0x08000221   Thumb Code    32  main.o(.text)
    NMI_Handler                              0x08000245   Thumb Code     4  gd32f4xx_it.o(.text)
    HardFault_Handler                        0x08000249   Thumb Code     4  gd32f4xx_it.o(.text)
    MemManage_Handler                        0x0800024d   Thumb Code     4  gd32f4xx_it.o(.text)
    BusFault_Handler                         0x08000251   Thumb Code     4  gd32f4xx_it.o(.text)
    UsageFault_Handler                       0x08000255   Thumb Code     4  gd32f4xx_it.o(.text)
    SVC_Handler                              0x08000259   Thumb Code     4  gd32f4xx_it.o(.text)
    DebugMon_Handler                         0x0800025d   Thumb Code     4  gd32f4xx_it.o(.text)
    PendSV_Handler                           0x08000261   Thumb Code     4  gd32f4xx_it.o(.text)
    SysTick_Handler                          0x08000265   Thumb Code     2  gd32f4xx_it.o(.text)
    SystemInit                               0x0800036b   Thumb Code   194  system_gd32f4xx.o(.text)
    SystemCoreClockUpdate                    0x0800042d   Thumb Code   246  system_gd32f4xx.o(.text)
    Reset_Handler                            0x08000559   Thumb Code     8  startup_gd32f407.o(.text)
    ADC_IRQHandler                           0x08000573   Thumb Code     0  startup_gd32f407.o(.text)
    CAN0_EWMC_IRQHandler                     0x08000573   Thumb Code     0  startup_gd32f407.o(.text)
    CAN0_RX0_IRQHandler                      0x08000573   Thumb Code     0  startup_gd32f407.o(.text)
    CAN0_RX1_IRQHandler                      0x08000573   Thumb Code     0  startup_gd32f407.o(.text)
    CAN0_TX_IRQHandler                       0x08000573   Thumb Code     0  startup_gd32f407.o(.text)
    CAN1_EWMC_IRQHandler                     0x08000573   Thumb Code     0  startup_gd32f407.o(.text)
    CAN1_RX0_IRQHandler                      0x08000573   Thumb Code     0  startup_gd32f407.o(.text)
    CAN1_RX1_IRQHandler                      0x08000573   Thumb Code     0  startup_gd32f407.o(.text)
    CAN1_TX_IRQHandler                       0x08000573   Thumb Code     0  startup_gd32f407.o(.text)
    DCI_IRQHandler                           0x08000573   Thumb Code     0  startup_gd32f407.o(.text)
    DMA0_Channel0_IRQHandler                 0x08000573   Thumb Code     0  startup_gd32f407.o(.text)
    DMA0_Channel1_IRQHandler                 0x08000573   Thumb Code     0  startup_gd32f407.o(.text)
    DMA0_Channel2_IRQHandler                 0x08000573   Thumb Code     0  startup_gd32f407.o(.text)
    DMA0_Channel3_IRQHandler                 0x08000573   Thumb Code     0  startup_gd32f407.o(.text)
    DMA0_Channel4_IRQHandler                 0x08000573   Thumb Code     0  startup_gd32f407.o(.text)
    DMA0_Channel5_IRQHandler                 0x08000573   Thumb Code     0  startup_gd32f407.o(.text)
    DMA0_Channel6_IRQHandler                 0x08000573   Thumb Code     0  startup_gd32f407.o(.text)
    DMA0_Channel7_IRQHandler                 0x08000573   Thumb Code     0  startup_gd32f407.o(.text)
    DMA1_Channel0_IRQHandler                 0x08000573   Thumb Code     0  startup_gd32f407.o(.text)
    DMA1_Channel1_IRQHandler                 0x08000573   Thumb Code     0  startup_gd32f407.o(.text)
    DMA1_Channel2_IRQHandler                 0x08000573   Thumb Code     0  startup_gd32f407.o(.text)
    DMA1_Channel3_IRQHandler                 0x08000573   Thumb Code     0  startup_gd32f407.o(.text)
    DMA1_Channel4_IRQHandler                 0x08000573   Thumb Code     0  startup_gd32f407.o(.text)
    DMA1_Channel5_IRQHandler                 0x08000573   Thumb Code     0  startup_gd32f407.o(.text)
    DMA1_Channel6_IRQHandler                 0x08000573   Thumb Code     0  startup_gd32f407.o(.text)
    ENET_IRQHandler                          0x08000573   Thumb Code     0  startup_gd32f407.o(.text)
    ENET_WKUP_IRQHandler                     0x08000573   Thumb Code     0  startup_gd32f407.o(.text)
    EXMC_IRQHandler                          0x08000573   Thumb Code     0  startup_gd32f407.o(.text)
    EXTI10_15_IRQHandler                     0x08000573   Thumb Code     0  startup_gd32f407.o(.text)
    FMC_IRQHandler                           0x08000573   Thumb Code     0  startup_gd32f407.o(.text)
    I2C0_ER_IRQHandler                       0x08000573   Thumb Code     0  startup_gd32f407.o(.text)
    I2C0_EV_IRQHandler                       0x08000573   Thumb Code     0  startup_gd32f407.o(.text)
    I2C1_ER_IRQHandler                       0x08000573   Thumb Code     0  startup_gd32f407.o(.text)
    I2C1_EV_IRQHandler                       0x08000573   Thumb Code     0  startup_gd32f407.o(.text)
    I2C2_ER_IRQHandler                       0x08000573   Thumb Code     0  startup_gd32f407.o(.text)
    I2C2_EV_IRQHandler                       0x08000573   Thumb Code     0  startup_gd32f407.o(.text)
    LVD_IRQHandler                           0x08000573   Thumb Code     0  startup_gd32f407.o(.text)
    RCU_IRQHandler                           0x08000573   Thumb Code     0  startup_gd32f407.o(.text)
    RTC_Alarm_IRQHandler                     0x08000573   Thumb Code     0  startup_gd32f407.o(.text)
    RTC_WKUP_IRQHandler                      0x08000573   Thumb Code     0  startup_gd32f407.o(.text)
    SDIO_IRQHandler                          0x08000573   Thumb Code     0  startup_gd32f407.o(.text)
    SPI0_IRQHandler                          0x08000573   Thumb Code     0  startup_gd32f407.o(.text)
    SPI1_IRQHandler                          0x08000573   Thumb Code     0  startup_gd32f407.o(.text)
    SPI2_IRQHandler                          0x08000573   Thumb Code     0  startup_gd32f407.o(.text)
    TAMPER_STAMP_IRQHandler                  0x08000573   Thumb Code     0  startup_gd32f407.o(.text)
    TIMER0_BRK_TIMER9_IRQHandler             0x08000573   Thumb Code     0  startup_gd32f407.o(.text)
    TIMER0_Channel_IRQHandler                0x08000573   Thumb Code     0  startup_gd32f407.o(.text)
    TIMER0_TRG_CMT_TIMER11_IRQHandler        0x08000573   Thumb Code     0  startup_gd32f407.o(.text)
    TIMER1_IRQHandler                        0x08000573   Thumb Code     0  startup_gd32f407.o(.text)
    TIMER2_IRQHandler                        0x08000573   Thumb Code     0  startup_gd32f407.o(.text)
    TIMER3_IRQHandler                        0x08000573   Thumb Code     0  startup_gd32f407.o(.text)
    TIMER4_IRQHandler                        0x08000573   Thumb Code     0  startup_gd32f407.o(.text)
    TIMER7_BRK_TIMER12_IRQHandler            0x08000573   Thumb Code     0  startup_gd32f407.o(.text)
    TIMER7_Channel_IRQHandler                0x08000573   Thumb Code     0  startup_gd32f407.o(.text)
    TIMER7_TRG_CMT_TIMER14_IRQHandler        0x08000573   Thumb Code     0  startup_gd32f407.o(.text)
    TIMER7_UP_TIMER13_IRQHandler             0x08000573   Thumb Code     0  startup_gd32f407.o(.text)
    TRNG_IRQHandler                          0x08000573   Thumb Code     0  startup_gd32f407.o(.text)
    UART3_IRQHandler                         0x08000573   Thumb Code     0  startup_gd32f407.o(.text)
    UART4_IRQHandler                         0x08000573   Thumb Code     0  startup_gd32f407.o(.text)
    USART2_IRQHandler                        0x08000573   Thumb Code     0  startup_gd32f407.o(.text)
    USART5_IRQHandler                        0x08000573   Thumb Code     0  startup_gd32f407.o(.text)
    USBFS_IRQHandler                         0x08000573   Thumb Code     0  startup_gd32f407.o(.text)
    USBFS_WKUP_IRQHandler                    0x08000573   Thumb Code     0  startup_gd32f407.o(.text)
    USBHS_EP1_In_IRQHandler                  0x08000573   Thumb Code     0  startup_gd32f407.o(.text)
    USBHS_EP1_Out_IRQHandler                 0x08000573   Thumb Code     0  startup_gd32f407.o(.text)
    USBHS_IRQHandler                         0x08000573   Thumb Code     0  startup_gd32f407.o(.text)
    USBHS_WKUP_IRQHandler                    0x08000573   Thumb Code     0  startup_gd32f407.o(.text)
    WWDGT_IRQHandler                         0x08000573   Thumb Code     0  startup_gd32f407.o(.text)
    __user_initial_stackheap                 0x08000575   Thumb Code     0  startup_gd32f407.o(.text)
    nvic_priority_group_set                  0x08000599   Thumb Code    10  gd32f4xx_misc.o(.text)
    nvic_irq_enable                          0x080005a3   Thumb Code   186  gd32f4xx_misc.o(.text)
    nvic_irq_disable                         0x0800065d   Thumb Code    18  gd32f4xx_misc.o(.text)
    nvic_vector_table_set                    0x0800066f   Thumb Code    18  gd32f4xx_misc.o(.text)
    system_lowpower_set                      0x08000681   Thumb Code    16  gd32f4xx_misc.o(.text)
    system_lowpower_reset                    0x08000691   Thumb Code    16  gd32f4xx_misc.o(.text)
    systick_clksource_set                    0x080006a1   Thumb Code    40  gd32f4xx_misc.o(.text)
    dma_deinit                               0x080006dd   Thumb Code   166  gd32f4xx_dma.o(.text)
    dma_single_data_para_struct_init         0x08000783   Thumb Code    34  gd32f4xx_dma.o(.text)
    dma_multi_data_para_struct_init          0x080007a5   Thumb Code    40  gd32f4xx_dma.o(.text)
    dma_single_data_mode_init                0x080007cd   Thumb Code   340  gd32f4xx_dma.o(.text)
    dma_multi_data_mode_init                 0x08000921   Thumb Code   352  gd32f4xx_dma.o(.text)
    dma_periph_address_config                0x08000a81   Thumb Code    16  gd32f4xx_dma.o(.text)
    dma_memory_address_config                0x08000a91   Thumb Code    32  gd32f4xx_dma.o(.text)
    dma_transfer_number_config               0x08000ab1   Thumb Code    16  gd32f4xx_dma.o(.text)
    dma_transfer_number_get                  0x08000ac1   Thumb Code    16  gd32f4xx_dma.o(.text)
    dma_priority_config                      0x08000ad1   Thumb Code    36  gd32f4xx_dma.o(.text)
    dma_memory_burst_beats_config            0x08000af5   Thumb Code    36  gd32f4xx_dma.o(.text)
    dma_periph_burst_beats_config            0x08000b19   Thumb Code    36  gd32f4xx_dma.o(.text)
    dma_memory_width_config                  0x08000b3d   Thumb Code    36  gd32f4xx_dma.o(.text)
    dma_periph_width_config                  0x08000b61   Thumb Code    36  gd32f4xx_dma.o(.text)
    dma_memory_address_generation_config     0x08000b85   Thumb Code    64  gd32f4xx_dma.o(.text)
    dma_peripheral_address_generation_config 0x08000bc5   Thumb Code   134  gd32f4xx_dma.o(.text)
    dma_circulation_enable                   0x08000c4b   Thumb Code    32  gd32f4xx_dma.o(.text)
    dma_circulation_disable                  0x08000c6b   Thumb Code    32  gd32f4xx_dma.o(.text)
    dma_channel_enable                       0x08000c8b   Thumb Code    32  gd32f4xx_dma.o(.text)
    dma_channel_disable                      0x08000cab   Thumb Code    32  gd32f4xx_dma.o(.text)
    dma_transfer_direction_config            0x08000ccb   Thumb Code    36  gd32f4xx_dma.o(.text)
    dma_switch_buffer_mode_config            0x08000cef   Thumb Code    76  gd32f4xx_dma.o(.text)
    dma_using_memory_get                     0x08000d3b   Thumb Code    28  gd32f4xx_dma.o(.text)
    dma_channel_subperipheral_select         0x08000d57   Thumb Code    38  gd32f4xx_dma.o(.text)
    dma_flow_controller_config               0x08000d7d   Thumb Code    64  gd32f4xx_dma.o(.text)
    dma_switch_buffer_mode_enable            0x08000dbd   Thumb Code    66  gd32f4xx_dma.o(.text)
    dma_fifo_status_get                      0x08000dff   Thumb Code    20  gd32f4xx_dma.o(.text)
    dma_flag_get                             0x08000e13   Thumb Code    76  gd32f4xx_dma.o(.text)
    dma_flag_clear                           0x08000e5f   Thumb Code    62  gd32f4xx_dma.o(.text)
    dma_interrupt_enable                     0x08000e9d   Thumb Code    62  gd32f4xx_dma.o(.text)
    dma_interrupt_disable                    0x08000edb   Thumb Code    62  gd32f4xx_dma.o(.text)
    dma_interrupt_flag_get                   0x08000f19   Thumb Code   516  gd32f4xx_dma.o(.text)
    dma_interrupt_flag_clear                 0x0800111d   Thumb Code    62  gd32f4xx_dma.o(.text)
    exti_deinit                              0x0800115d   Thumb Code    24  gd32f4xx_exti.o(.text)
    exti_init                                0x08001175   Thumb Code   184  gd32f4xx_exti.o(.text)
    exti_interrupt_enable                    0x0800122d   Thumb Code    12  gd32f4xx_exti.o(.text)
    exti_interrupt_disable                   0x08001239   Thumb Code    12  gd32f4xx_exti.o(.text)
    exti_event_enable                        0x08001245   Thumb Code    16  gd32f4xx_exti.o(.text)
    exti_event_disable                       0x08001255   Thumb Code    16  gd32f4xx_exti.o(.text)
    exti_software_interrupt_enable           0x08001265   Thumb Code    16  gd32f4xx_exti.o(.text)
    exti_software_interrupt_disable          0x08001275   Thumb Code    16  gd32f4xx_exti.o(.text)
    exti_flag_get                            0x08001285   Thumb Code    20  gd32f4xx_exti.o(.text)
    exti_flag_clear                          0x08001299   Thumb Code     8  gd32f4xx_exti.o(.text)
    exti_interrupt_flag_get                  0x080012a1   Thumb Code    20  gd32f4xx_exti.o(.text)
    exti_interrupt_flag_clear                0x080012b5   Thumb Code     8  gd32f4xx_exti.o(.text)
    fmc_wscnt_set                            0x080012c1   Thumb Code    18  gd32f4xx_fmc.o(.text)
    fmc_unlock                               0x080012d3   Thumb Code    26  gd32f4xx_fmc.o(.text)
    fmc_lock                                 0x080012ed   Thumb Code    18  gd32f4xx_fmc.o(.text)
    fmc_state_get                            0x080012ff   Thumb Code    72  gd32f4xx_fmc.o(.text)
    fmc_ready_wait                           0x08001347   Thumb Code    32  gd32f4xx_fmc.o(.text)
    fmc_sector_erase                         0x08001367   Thumb Code   100  gd32f4xx_fmc.o(.text)
    fmc_mass_erase                           0x080013cb   Thumb Code    76  gd32f4xx_fmc.o(.text)
    fmc_bank0_erase                          0x08001417   Thumb Code    72  gd32f4xx_fmc.o(.text)
    fmc_bank1_erase                          0x0800145f   Thumb Code    72  gd32f4xx_fmc.o(.text)
    fmc_word_program                         0x080014a7   Thumb Code    88  gd32f4xx_fmc.o(.text)
    fmc_halfword_program                     0x080014ff   Thumb Code    88  gd32f4xx_fmc.o(.text)
    fmc_byte_program                         0x08001557   Thumb Code    84  gd32f4xx_fmc.o(.text)
    ob_unlock                                0x080015ab   Thumb Code    26  gd32f4xx_fmc.o(.text)
    ob_lock                                  0x080015c5   Thumb Code    18  gd32f4xx_fmc.o(.text)
    ob_start                                 0x080015d7   Thumb Code    18  gd32f4xx_fmc.o(.text)
    ob_erase                                 0x080015e9   Thumb Code    72  gd32f4xx_fmc.o(.text)
    ob_write_protection_enable               0x08001631   Thumb Code    70  gd32f4xx_fmc.o(.text)
    ob_write_protection_disable              0x08001677   Thumb Code    94  gd32f4xx_fmc.o(.text)
    ob_drp_enable                            0x080016d5   Thumb Code    74  gd32f4xx_fmc.o(.text)
    ob_drp_disable                           0x0800171f   Thumb Code    90  gd32f4xx_fmc.o(.text)
    ob_security_protection_config            0x08001779   Thumb Code    36  gd32f4xx_fmc.o(.text)
    ob_user_write                            0x0800179d   Thumb Code    46  gd32f4xx_fmc.o(.text)
    ob_user_bor_threshold                    0x080017cb   Thumb Code    18  gd32f4xx_fmc.o(.text)
    ob_boot_mode_config                      0x080017dd   Thumb Code    18  gd32f4xx_fmc.o(.text)
    ob_user_get                              0x080017ef   Thumb Code    10  gd32f4xx_fmc.o(.text)
    ob_write_protection0_get                 0x080017f9   Thumb Code    10  gd32f4xx_fmc.o(.text)
    ob_write_protection1_get                 0x08001803   Thumb Code    12  gd32f4xx_fmc.o(.text)
    ob_drp0_get                              0x0800180f   Thumb Code    26  gd32f4xx_fmc.o(.text)
    ob_drp1_get                              0x08001829   Thumb Code    28  gd32f4xx_fmc.o(.text)
    ob_spc_get                               0x08001845   Thumb Code    22  gd32f4xx_fmc.o(.text)
    ob_user_bor_threshold_get                0x0800185b   Thumb Code    10  gd32f4xx_fmc.o(.text)
    fmc_flag_get                             0x08001865   Thumb Code    20  gd32f4xx_fmc.o(.text)
    fmc_flag_clear                           0x08001879   Thumb Code     8  gd32f4xx_fmc.o(.text)
    fmc_interrupt_enable                     0x08001881   Thumb Code    16  gd32f4xx_fmc.o(.text)
    fmc_interrupt_disable                    0x08001891   Thumb Code    16  gd32f4xx_fmc.o(.text)
    fmc_interrupt_flag_get                   0x080018a1   Thumb Code    62  gd32f4xx_fmc.o(.text)
    fmc_interrupt_flag_clear                 0x080018df   Thumb Code     8  gd32f4xx_fmc.o(.text)
    gpio_deinit                              0x080018f1   Thumb Code   206  gd32f4xx_gpio.o(.text)
    gpio_mode_set                            0x080019bf   Thumb Code    78  gd32f4xx_gpio.o(.text)
    gpio_output_options_set                  0x08001a0d   Thumb Code    66  gd32f4xx_gpio.o(.text)
    gpio_bit_set                             0x08001a4f   Thumb Code     4  gd32f4xx_gpio.o(.text)
    gpio_bit_reset                           0x08001a53   Thumb Code     4  gd32f4xx_gpio.o(.text)
    gpio_bit_write                           0x08001a57   Thumb Code    10  gd32f4xx_gpio.o(.text)
    gpio_port_write                          0x08001a61   Thumb Code     4  gd32f4xx_gpio.o(.text)
    gpio_input_bit_get                       0x08001a65   Thumb Code    16  gd32f4xx_gpio.o(.text)
    gpio_input_port_get                      0x08001a75   Thumb Code     8  gd32f4xx_gpio.o(.text)
    gpio_output_bit_get                      0x08001a7d   Thumb Code    16  gd32f4xx_gpio.o(.text)
    gpio_output_port_get                     0x08001a8d   Thumb Code     8  gd32f4xx_gpio.o(.text)
    gpio_af_set                              0x08001a95   Thumb Code    94  gd32f4xx_gpio.o(.text)
    gpio_pin_lock                            0x08001af3   Thumb Code    18  gd32f4xx_gpio.o(.text)
    gpio_bit_toggle                          0x08001b05   Thumb Code     4  gd32f4xx_gpio.o(.text)
    gpio_port_toggle                         0x08001b09   Thumb Code     8  gd32f4xx_gpio.o(.text)
    fwdgt_write_enable                       0x08001b11   Thumb Code    10  gd32f4xx_fwdgt.o(.text)
    fwdgt_write_disable                      0x08001b1b   Thumb Code     8  gd32f4xx_fwdgt.o(.text)
    fwdgt_enable                             0x08001b23   Thumb Code    10  gd32f4xx_fwdgt.o(.text)
    fwdgt_prescaler_value_config             0x08001b2d   Thumb Code    50  gd32f4xx_fwdgt.o(.text)
    fwdgt_reload_value_config                0x08001b5f   Thumb Code    54  gd32f4xx_fwdgt.o(.text)
    fwdgt_counter_reload                     0x08001b95   Thumb Code    10  gd32f4xx_fwdgt.o(.text)
    fwdgt_config                             0x08001b9f   Thumb Code    94  gd32f4xx_fwdgt.o(.text)
    fwdgt_flag_get                           0x08001bfd   Thumb Code    18  gd32f4xx_fwdgt.o(.text)
    rcu_flag_get                             0x08001c19   Thumb Code    32  gd32f4xx_rcu.o(.text)
    rcu_osci_stab_wait                       0x08001c39   Thumb Code   342  gd32f4xx_rcu.o(.text)
    rcu_deinit                               0x08001d8f   Thumb Code   122  gd32f4xx_rcu.o(.text)
    rcu_periph_clock_enable                  0x08001e09   Thumb Code    32  gd32f4xx_rcu.o(.text)
    rcu_periph_clock_disable                 0x08001e29   Thumb Code    32  gd32f4xx_rcu.o(.text)
    rcu_periph_clock_sleep_enable            0x08001e49   Thumb Code    32  gd32f4xx_rcu.o(.text)
    rcu_periph_clock_sleep_disable           0x08001e69   Thumb Code    32  gd32f4xx_rcu.o(.text)
    rcu_periph_reset_enable                  0x08001e89   Thumb Code    32  gd32f4xx_rcu.o(.text)
    rcu_periph_reset_disable                 0x08001ea9   Thumb Code    32  gd32f4xx_rcu.o(.text)
    rcu_bkp_reset_enable                     0x08001ec9   Thumb Code    18  gd32f4xx_rcu.o(.text)
    rcu_bkp_reset_disable                    0x08001edb   Thumb Code    18  gd32f4xx_rcu.o(.text)
    rcu_system_clock_source_config           0x08001eed   Thumb Code    22  gd32f4xx_rcu.o(.text)
    rcu_system_clock_source_get              0x08001f03   Thumb Code    12  gd32f4xx_rcu.o(.text)
    rcu_ahb_clock_config                     0x08001f0f   Thumb Code    22  gd32f4xx_rcu.o(.text)
    rcu_apb1_clock_config                    0x08001f25   Thumb Code    22  gd32f4xx_rcu.o(.text)
    rcu_apb2_clock_config                    0x08001f3b   Thumb Code    22  gd32f4xx_rcu.o(.text)
    rcu_ckout0_config                        0x08001f51   Thumb Code    26  gd32f4xx_rcu.o(.text)
    rcu_ckout1_config                        0x08001f6b   Thumb Code    26  gd32f4xx_rcu.o(.text)
    rcu_pll_config                           0x08001f85   Thumb Code   156  gd32f4xx_rcu.o(.text)
    rcu_plli2s_config                        0x08002021   Thumb Code    40  gd32f4xx_rcu.o(.text)
    rcu_pllsai_config                        0x08002049   Thumb Code    70  gd32f4xx_rcu.o(.text)
    rcu_rtc_clock_config                     0x0800208f   Thumb Code    22  gd32f4xx_rcu.o(.text)
    rcu_rtc_div_config                       0x080020a5   Thumb Code    22  gd32f4xx_rcu.o(.text)
    rcu_i2s_clock_config                     0x080020bb   Thumb Code    22  gd32f4xx_rcu.o(.text)
    rcu_ck48m_clock_config                   0x080020d1   Thumb Code    22  gd32f4xx_rcu.o(.text)
    rcu_pll48m_clock_config                  0x080020e7   Thumb Code    22  gd32f4xx_rcu.o(.text)
    rcu_timer_clock_prescaler_config         0x080020fd   Thumb Code    40  gd32f4xx_rcu.o(.text)
    rcu_tli_clock_div_config                 0x08002125   Thumb Code    22  gd32f4xx_rcu.o(.text)
    rcu_lxtal_drive_capability_config        0x0800213b   Thumb Code    22  gd32f4xx_rcu.o(.text)
    rcu_osci_on                              0x08002151   Thumb Code    32  gd32f4xx_rcu.o(.text)
    rcu_osci_off                             0x08002171   Thumb Code    32  gd32f4xx_rcu.o(.text)
    rcu_osci_bypass_mode_enable              0x08002191   Thumb Code   116  gd32f4xx_rcu.o(.text)
    rcu_osci_bypass_mode_disable             0x08002205   Thumb Code   116  gd32f4xx_rcu.o(.text)
    rcu_irc16m_adjust_value_set              0x08002279   Thumb Code    26  gd32f4xx_rcu.o(.text)
    rcu_spread_spectrum_config               0x08002293   Thumb Code    30  gd32f4xx_rcu.o(.text)
    rcu_spread_spectrum_enable               0x080022b1   Thumb Code    18  gd32f4xx_rcu.o(.text)
    rcu_spread_spectrum_disable              0x080022c3   Thumb Code    18  gd32f4xx_rcu.o(.text)
    rcu_hxtal_clock_monitor_enable           0x080022d5   Thumb Code    18  gd32f4xx_rcu.o(.text)
    rcu_hxtal_clock_monitor_disable          0x080022e7   Thumb Code    18  gd32f4xx_rcu.o(.text)
    rcu_voltage_key_unlock                   0x080022f9   Thumb Code    10  gd32f4xx_rcu.o(.text)
    rcu_deepsleep_voltage_set                0x08002303   Thumb Code    12  gd32f4xx_rcu.o(.text)
    rcu_clock_freq_get                       0x0800230f   Thumb Code   310  gd32f4xx_rcu.o(.text)
    rcu_all_reset_flag_clear                 0x08002445   Thumb Code    14  gd32f4xx_rcu.o(.text)
    rcu_interrupt_flag_get                   0x08002453   Thumb Code    32  gd32f4xx_rcu.o(.text)
    rcu_interrupt_flag_clear                 0x08002473   Thumb Code    32  gd32f4xx_rcu.o(.text)
    rcu_interrupt_enable                     0x08002493   Thumb Code    32  gd32f4xx_rcu.o(.text)
    rcu_interrupt_disable                    0x080024b3   Thumb Code    32  gd32f4xx_rcu.o(.text)
    syscfg_deinit                            0x080024dd   Thumb Code    20  gd32f4xx_syscfg.o(.text)
    syscfg_bootmode_config                   0x080024f1   Thumb Code    22  gd32f4xx_syscfg.o(.text)
    syscfg_fmc_swap_config                   0x08002507   Thumb Code    18  gd32f4xx_syscfg.o(.text)
    syscfg_exmc_swap_config                  0x08002519   Thumb Code    18  gd32f4xx_syscfg.o(.text)
    syscfg_exti_line_config                  0x0800252b   Thumb Code   170  gd32f4xx_syscfg.o(.text)
    syscfg_enet_phy_interface_config         0x080025d5   Thumb Code    22  gd32f4xx_syscfg.o(.text)
    syscfg_compensation_config               0x080025eb   Thumb Code    22  gd32f4xx_syscfg.o(.text)
    syscfg_flag_get                          0x08002601   Thumb Code    20  gd32f4xx_syscfg.o(.text)
    timer_deinit                             0x08002619   Thumb Code   374  gd32f4xx_timer.o(.text)
    timer_struct_para_init                   0x0800278f   Thumb Code    22  gd32f4xx_timer.o(.text)
    timer_init                               0x080027a5   Thumb Code   124  gd32f4xx_timer.o(.text)
    timer_enable                             0x08002821   Thumb Code    10  gd32f4xx_timer.o(.text)
    timer_disable                            0x0800282b   Thumb Code    10  gd32f4xx_timer.o(.text)
    timer_auto_reload_shadow_enable          0x08002835   Thumb Code    10  gd32f4xx_timer.o(.text)
    timer_auto_reload_shadow_disable         0x0800283f   Thumb Code    10  gd32f4xx_timer.o(.text)
    timer_update_event_enable                0x08002849   Thumb Code    10  gd32f4xx_timer.o(.text)
    timer_update_event_disable               0x08002853   Thumb Code    10  gd32f4xx_timer.o(.text)
    timer_counter_alignment                  0x0800285d   Thumb Code    16  gd32f4xx_timer.o(.text)
    timer_counter_up_direction               0x0800286d   Thumb Code    10  gd32f4xx_timer.o(.text)
    timer_counter_down_direction             0x08002877   Thumb Code    10  gd32f4xx_timer.o(.text)
    timer_prescaler_config                   0x08002881   Thumb Code    14  gd32f4xx_timer.o(.text)
    timer_repetition_value_config            0x0800288f   Thumb Code     4  gd32f4xx_timer.o(.text)
    timer_autoreload_value_config            0x08002893   Thumb Code     4  gd32f4xx_timer.o(.text)
    timer_counter_value_config               0x08002897   Thumb Code     4  gd32f4xx_timer.o(.text)
    timer_counter_read                       0x0800289b   Thumb Code     8  gd32f4xx_timer.o(.text)
    timer_prescaler_read                     0x080028a3   Thumb Code    10  gd32f4xx_timer.o(.text)
    timer_single_pulse_mode_config           0x080028ad   Thumb Code    26  gd32f4xx_timer.o(.text)
    timer_update_source_config               0x080028c7   Thumb Code    26  gd32f4xx_timer.o(.text)
    timer_dma_enable                         0x080028e1   Thumb Code     8  gd32f4xx_timer.o(.text)
    timer_dma_disable                        0x080028e9   Thumb Code     8  gd32f4xx_timer.o(.text)
    timer_channel_dma_request_source_select  0x080028f1   Thumb Code    26  gd32f4xx_timer.o(.text)
    timer_dma_transfer_config                0x0800290b   Thumb Code    24  gd32f4xx_timer.o(.text)
    timer_event_software_generate            0x08002923   Thumb Code     8  gd32f4xx_timer.o(.text)
    timer_break_struct_para_init             0x0800292b   Thumb Code    18  gd32f4xx_timer.o(.text)
    timer_break_config                       0x0800293d   Thumb Code    30  gd32f4xx_timer.o(.text)
    timer_break_enable                       0x0800295b   Thumb Code    10  gd32f4xx_timer.o(.text)
    timer_break_disable                      0x08002965   Thumb Code    10  gd32f4xx_timer.o(.text)
    timer_automatic_output_enable            0x0800296f   Thumb Code    10  gd32f4xx_timer.o(.text)
    timer_automatic_output_disable           0x08002979   Thumb Code    10  gd32f4xx_timer.o(.text)
    timer_primary_output_config              0x08002983   Thumb Code    24  gd32f4xx_timer.o(.text)
    timer_channel_control_shadow_config      0x0800299b   Thumb Code    24  gd32f4xx_timer.o(.text)
    timer_channel_control_shadow_update_config 0x080029b3   Thumb Code    26  gd32f4xx_timer.o(.text)
    timer_channel_output_struct_para_init    0x080029cd   Thumb Code    16  gd32f4xx_timer.o(.text)
    timer_channel_output_config              0x080029dd   Thumb Code   518  gd32f4xx_timer.o(.text)
    timer_channel_output_mode_config         0x08002be3   Thumb Code    90  gd32f4xx_timer.o(.text)
    timer_channel_output_pulse_value_config  0x08002c3d   Thumb Code    38  gd32f4xx_timer.o(.text)
    timer_channel_output_shadow_config       0x08002c63   Thumb Code    90  gd32f4xx_timer.o(.text)
    timer_channel_output_fast_config         0x08002cbd   Thumb Code    90  gd32f4xx_timer.o(.text)
    timer_channel_output_clear_config        0x08002d17   Thumb Code    90  gd32f4xx_timer.o(.text)
    timer_channel_output_polarity_config     0x08002d71   Thumb Code    92  gd32f4xx_timer.o(.text)
    timer_channel_complementary_output_polarity_config 0x08002dcd   Thumb Code    70  gd32f4xx_timer.o(.text)
    timer_channel_output_state_config        0x08002e13   Thumb Code   102  gd32f4xx_timer.o(.text)
    timer_channel_complementary_output_state_config 0x08002e79   Thumb Code    70  gd32f4xx_timer.o(.text)
    timer_channel_input_struct_para_init     0x08002ebf   Thumb Code    16  gd32f4xx_timer.o(.text)
    timer_channel_input_capture_prescaler_config 0x08002ecf   Thumb Code    90  gd32f4xx_timer.o(.text)
    timer_input_capture_config               0x08002f29   Thumb Code   326  gd32f4xx_timer.o(.text)
    timer_channel_capture_value_register_read 0x0800306f   Thumb Code    42  gd32f4xx_timer.o(.text)
    timer_input_pwm_capture_config           0x08003099   Thumb Code   356  gd32f4xx_timer.o(.text)
    timer_hall_mode_config                   0x080031fd   Thumb Code    26  gd32f4xx_timer.o(.text)
    timer_input_trigger_source_select        0x08003217   Thumb Code    16  gd32f4xx_timer.o(.text)
    timer_master_output_trigger_source_select 0x08003227   Thumb Code    16  gd32f4xx_timer.o(.text)
    timer_slave_mode_select                  0x08003237   Thumb Code    16  gd32f4xx_timer.o(.text)
    timer_master_slave_mode_config           0x08003247   Thumb Code    26  gd32f4xx_timer.o(.text)
    timer_external_trigger_config            0x08003261   Thumb Code    30  gd32f4xx_timer.o(.text)
    timer_quadrature_decoder_mode_config     0x0800327f   Thumb Code    64  gd32f4xx_timer.o(.text)
    timer_internal_clock_config              0x080032bf   Thumb Code    10  gd32f4xx_timer.o(.text)
    timer_internal_trigger_as_external_clock_config 0x080032c9   Thumb Code    32  gd32f4xx_timer.o(.text)
    timer_external_trigger_as_external_clock_config 0x080032e9   Thumb Code   166  gd32f4xx_timer.o(.text)
    timer_external_clock_mode0_config        0x0800338f   Thumb Code    40  gd32f4xx_timer.o(.text)
    timer_external_clock_mode1_config        0x080033b7   Thumb Code    32  gd32f4xx_timer.o(.text)
    timer_external_clock_mode1_disable       0x080033d7   Thumb Code    10  gd32f4xx_timer.o(.text)
    timer_channel_remap_config               0x080033e1   Thumb Code     4  gd32f4xx_timer.o(.text)
    timer_write_chxval_register_config       0x080033e5   Thumb Code    34  gd32f4xx_timer.o(.text)
    timer_output_value_selection_config      0x08003407   Thumb Code    34  gd32f4xx_timer.o(.text)
    timer_flag_get                           0x08003429   Thumb Code    16  gd32f4xx_timer.o(.text)
    timer_flag_clear                         0x08003439   Thumb Code     6  gd32f4xx_timer.o(.text)
    timer_interrupt_enable                   0x0800343f   Thumb Code     8  gd32f4xx_timer.o(.text)
    timer_interrupt_disable                  0x08003447   Thumb Code     8  gd32f4xx_timer.o(.text)
    timer_interrupt_flag_get                 0x0800344f   Thumb Code    24  gd32f4xx_timer.o(.text)
    timer_interrupt_flag_clear               0x08003467   Thumb Code     6  gd32f4xx_timer.o(.text)
    usart_deinit                             0x0800346d   Thumb Code   210  gd32f4xx_usart.o(.text)
    usart_baudrate_set                       0x0800353f   Thumb Code   224  gd32f4xx_usart.o(.text)
    usart_parity_config                      0x0800361f   Thumb Code    16  gd32f4xx_usart.o(.text)
    usart_word_length_set                    0x0800362f   Thumb Code    16  gd32f4xx_usart.o(.text)
    usart_stop_bit_set                       0x0800363f   Thumb Code    16  gd32f4xx_usart.o(.text)
    usart_enable                             0x0800364f   Thumb Code    10  gd32f4xx_usart.o(.text)
    usart_disable                            0x08003659   Thumb Code    10  gd32f4xx_usart.o(.text)
    usart_transmit_config                    0x08003663   Thumb Code    16  gd32f4xx_usart.o(.text)
    usart_receive_config                     0x08003673   Thumb Code    16  gd32f4xx_usart.o(.text)
    usart_data_first_config                  0x08003683   Thumb Code    20  gd32f4xx_usart.o(.text)
    usart_invert_config                      0x08003697   Thumb Code   104  gd32f4xx_usart.o(.text)
    usart_oversample_config                  0x080036ff   Thumb Code    16  gd32f4xx_usart.o(.text)
    usart_sample_bit_config                  0x0800370f   Thumb Code    16  gd32f4xx_usart.o(.text)
    usart_receiver_timeout_enable            0x0800371f   Thumb Code    14  gd32f4xx_usart.o(.text)
    usart_receiver_timeout_disable           0x0800372d   Thumb Code    14  gd32f4xx_usart.o(.text)
    usart_receiver_timeout_threshold_config  0x0800373b   Thumb Code    20  gd32f4xx_usart.o(.text)
    usart_data_transmit                      0x0800374f   Thumb Code     8  gd32f4xx_usart.o(.text)
    usart_data_receive                       0x08003757   Thumb Code    10  gd32f4xx_usart.o(.text)
    usart_address_config                     0x08003761   Thumb Code    20  gd32f4xx_usart.o(.text)
    usart_mute_mode_enable                   0x08003775   Thumb Code    10  gd32f4xx_usart.o(.text)
    usart_mute_mode_disable                  0x0800377f   Thumb Code    10  gd32f4xx_usart.o(.text)
    usart_mute_mode_wakeup_config            0x08003789   Thumb Code    16  gd32f4xx_usart.o(.text)
    usart_lin_mode_enable                    0x08003799   Thumb Code    10  gd32f4xx_usart.o(.text)
    usart_lin_mode_disable                   0x080037a3   Thumb Code    10  gd32f4xx_usart.o(.text)
    usart_lin_break_detection_length_config  0x080037ad   Thumb Code    20  gd32f4xx_usart.o(.text)
    usart_send_break                         0x080037c1   Thumb Code    10  gd32f4xx_usart.o(.text)
    usart_halfduplex_enable                  0x080037cb   Thumb Code    10  gd32f4xx_usart.o(.text)
    usart_halfduplex_disable                 0x080037d5   Thumb Code    10  gd32f4xx_usart.o(.text)
    usart_synchronous_clock_enable           0x080037df   Thumb Code    10  gd32f4xx_usart.o(.text)
    usart_synchronous_clock_disable          0x080037e9   Thumb Code    10  gd32f4xx_usart.o(.text)
    usart_synchronous_clock_config           0x080037f3   Thumb Code    34  gd32f4xx_usart.o(.text)
    usart_guard_time_config                  0x08003815   Thumb Code    24  gd32f4xx_usart.o(.text)
    usart_smartcard_mode_enable              0x0800382d   Thumb Code    10  gd32f4xx_usart.o(.text)
    usart_smartcard_mode_disable             0x08003837   Thumb Code    10  gd32f4xx_usart.o(.text)
    usart_smartcard_mode_nack_enable         0x08003841   Thumb Code    10  gd32f4xx_usart.o(.text)
    usart_smartcard_mode_nack_disable        0x0800384b   Thumb Code    18  gd32f4xx_usart.o(.text)
    usart_smartcard_autoretry_config         0x0800385d   Thumb Code    26  gd32f4xx_usart.o(.text)
    usart_block_length_config                0x08003877   Thumb Code    28  gd32f4xx_usart.o(.text)
    usart_irda_mode_enable                   0x08003893   Thumb Code    10  gd32f4xx_usart.o(.text)
    usart_irda_mode_disable                  0x0800389d   Thumb Code    10  gd32f4xx_usart.o(.text)
    usart_prescaler_config                   0x080038a7   Thumb Code    16  gd32f4xx_usart.o(.text)
    usart_irda_lowpower_config               0x080038b7   Thumb Code    20  gd32f4xx_usart.o(.text)
    usart_hardware_flow_rts_config           0x080038cb   Thumb Code    20  gd32f4xx_usart.o(.text)
    usart_hardware_flow_cts_config           0x080038df   Thumb Code    20  gd32f4xx_usart.o(.text)
    usart_break_frame_coherence_config       0x080038f3   Thumb Code    24  gd32f4xx_usart.o(.text)
    usart_parity_check_coherence_config      0x0800390b   Thumb Code    24  gd32f4xx_usart.o(.text)
    usart_hardware_flow_coherence_config     0x08003923   Thumb Code    24  gd32f4xx_usart.o(.text)
    usart_dma_receive_config                 0x0800393b   Thumb Code    20  gd32f4xx_usart.o(.text)
    usart_dma_transmit_config                0x0800394f   Thumb Code    20  gd32f4xx_usart.o(.text)
    usart_flag_get                           0x08003963   Thumb Code    30  gd32f4xx_usart.o(.text)
    usart_flag_clear                         0x08003981   Thumb Code    52  gd32f4xx_usart.o(.text)
    usart_interrupt_enable                   0x080039b5   Thumb Code    26  gd32f4xx_usart.o(.text)
    usart_interrupt_disable                  0x080039cf   Thumb Code    26  gd32f4xx_usart.o(.text)
    usart_interrupt_flag_get                 0x080039e9   Thumb Code    56  gd32f4xx_usart.o(.text)
    usart_interrupt_flag_clear               0x08003a21   Thumb Code    26  gd32f4xx_usart.o(.text)
    delay_init                               0x08003a3d   Thumb Code    66  delay.o(.text)
    delay_us                                 0x08003a7f   Thumb Code    72  delay.o(.text)
    delay_xms                                0x08003ac7   Thumb Code    72  delay.o(.text)
    delay_ms                                 0x08003b0f   Thumb Code    56  delay.o(.text)
    Modbus_Slave_Timer_Init                  0x08003b51   Thumb Code    96  timer.o(.text)
    TIMER5_IRQHandler                        0x08003bb1   Thumb Code    32  timer.o(.text)
    Modbus_Master_Timer_Init                 0x08003bd1   Thumb Code    90  timer.o(.text)
    TIMER6_IRQHandler                        0x08003c2b   Thumb Code    34  timer.o(.text)
    Delay_Timer_Init                         0x08003c4d   Thumb Code    66  timer.o(.text)
    Dispatcher_Tim_Init                      0x08003c8f   Thumb Code    90  timer.o(.text)
    TIMER0_UP_TIMER10_IRQHandler             0x08003ce9   Thumb Code    32  timer.o(.text)
    _sys_exit                                0x08003d19   Thumb Code     4  usart.o(.text)
    fputc                                    0x08003d1d   Thumb Code    32  usart.o(.text)
    Master_USART_Init                        0x08003d3d   Thumb Code   152  usart.o(.text)
    USART1_IRQHandler                        0x08003dd5   Thumb Code    36  usart.o(.text)
    USART0_Tx_InitDMA                        0x08003df9   Thumb Code   110  usart.o(.text)
    Slave_USART_Init                         0x08003e67   Thumb Code   162  usart.o(.text)
    USART0_SendWithDMA                       0x08003f09   Thumb Code    60  usart.o(.text)
    USART0_SendByte                          0x08003f45   Thumb Code    28  usart.o(.text)
    USART0_SendBytes                         0x08003f61   Thumb Code    26  usart.o(.text)
    USART0_SendString                        0x08003f7b   Thumb Code    22  usart.o(.text)
    USART0_IRQHandler                        0x08003f91   Thumb Code    36  usart.o(.text)
    DMA1_Channel7_IRQHandler                 0x08003fb5   Thumb Code    46  usart.o(.text)
    WriteToFlash                             0x08003fe3   Thumb Code    52  usart.o(.text)
    GPIO_Config                              0x08004035   Thumb Code   208  gpio.o(.text)
    Read_Switch                              0x08004105   Thumb Code   124  gpio.o(.text)
    NVIC_Config                              0x08004191   Thumb Code   260  exti.o(.text)
    My_EXTI_Cmd                              0x08004295   Thumb Code    46  exti.o(.text)
    EXTI0_IRQHandler                         0x080042c3   Thumb Code    18  exti.o(.text)
    EXTI1_IRQHandler                         0x080042d5   Thumb Code    18  exti.o(.text)
    EXTI2_IRQHandler                         0x080042e7   Thumb Code    18  exti.o(.text)
    EXTI3_IRQHandler                         0x080042f9   Thumb Code    18  exti.o(.text)
    EXTI4_IRQHandler                         0x0800430b   Thumb Code    18  exti.o(.text)
    EXTI5_9_IRQHandler                       0x0800431d   Thumb Code    82  exti.o(.text)
    IWDG_Init                                0x08004375   Thumb Code    32  iwdg.o(.text)
    IWDG_Feed                                0x08004395   Thumb Code     8  iwdg.o(.text)
    ModBus_SetTimeout                        0x0800439d   Thumb Code     8  modbus_slave.o(.text)
    Modbus_ResetToIdle                       0x080043a5   Thumb Code     8  modbus_slave.o(.text)
    ModBusRecByte                            0x0800444f   Thumb Code    94  modbus_slave.o(.text)
    UpdateRawValue_Handler                   0x08004627   Thumb Code     2  modbus_slave.o(.text)
    ModBus_Pool                              0x080046d3   Thumb Code   116  modbus_slave.o(.text)
    Master_Set_Idle                          0x0800476d   Thumb Code     8  modbus_master.o(.text)
    Master_Set_Timeout                       0x08004775   Thumb Code     8  modbus_master.o(.text)
    Modbus_Master_Receive                    0x0800477d   Thumb Code    96  modbus_master.o(.text)
    Modbus_Master_SendUART                   0x080047dd   Thumb Code    94  modbus_master.o(.text)
    Calculate_CRC                            0x0800483b   Thumb Code    58  modbus_master.o(.text)
    Send_Func03_Data                         0x08004875   Thumb Code   216  modbus_master.o(.text)
    Send_Func06_Data                         0x0800494d   Thumb Code   162  modbus_master.o(.text)
    Send_Func10_Data                         0x080049ef   Thumb Code   188  modbus_master.o(.text)
    Send_Func10_Data_JODELL                  0x08004aab   Thumb Code   210  modbus_master.o(.text)
    Send_Func10_Data_JODELL_3                0x08004b7d   Thumb Code   212  modbus_master.o(.text)
    Send_Func04_Data_JODELL                  0x08004c51   Thumb Code   162  modbus_master.o(.text)
    ValidateRegRange                         0x08004d05   Thumb Code    26  modbus_save_data.o(.text)
    BLL_Init_All                             0x08004d25   Thumb Code    76  bll_main.o(.text)
    ExecuteCommand_Handler                   0x08004d71   Thumb Code   170  bll_main.o(.text)
    BLL_SetFailure                           0x08004e1b   Thumb Code    20  bll_main.o(.text)
    BLL_ClearFailure                         0x08004e2f   Thumb Code    24  bll_main.o(.text)
    BLL_ClearFinishFlag                      0x08004e47   Thumb Code    20  bll_main.o(.text)
    BLL_Stop_Mission                         0x08004e5b   Thumb Code    34  bll_main.o(.text)
    BLL_Abort_Mission                        0x08004e7d   Thumb Code    38  bll_main.o(.text)
    BLL_Soft_Reset                           0x08004ea3   Thumb Code    42  bll_main.o(.text)
    BLL_Update                               0x08004ecd   Thumb Code    34  bll_main.o(.text)
    BLL_Motor_Mission                        0x08004ef3   Thumb Code   224  bll_main.o(.text)
    BLL_Execute_Mission                      0x08004fd3   Thumb Code    74  bll_main.o(.text)
    __Unimplemented                          0x0800504d   Thumb Code     6  bll_adapter.o(.text)
    FUN_MOTOR_STOP                           0x08005053   Thumb Code     6  bll_adapter.o(.text)
    FUN_MOTOR_ABORT                          0x08005059   Thumb Code     6  bll_adapter.o(.text)
    BLL_Moter_AD_BackZero                    0x0800505f   Thumb Code    42  bll_adapter.o(.text)
    BLL_Motor_AD_RelativeMove                0x08005089   Thumb Code    74  bll_adapter.o(.text)
    BLL_Motor_AD_AbsoluteMove                0x080050d3   Thumb Code    74  bll_adapter.o(.text)
    BLL_Motor_AD_SpeedMode                   0x0800511d   Thumb Code    86  bll_adapter.o(.text)
    BLL_BackZero_ClearFlag                   0x08005175   Thumb Code     8  bll_backzero.o(.text)
    BLL_BackZero_Execute                     0x08005185   Thumb Code   106  bll_backzero.o(.text)
    BLL_EEPROM_Execute                       0x08005209   Thumb Code    58  bll_eeprom.o(.text)
    BLL_EEPROM_ClearFlag                     0x08005243   Thumb Code     8  bll_eeprom.o(.text)
    Motor_Enable                             0x08005251   Thumb Code    12  bll_motor.o(.text)
    Motor_Disable                            0x0800525d   Thumb Code    12  bll_motor.o(.text)
    Check_Fault                              0x08005269   Thumb Code    14  bll_motor.o(.text)
    Forward_Run                              0x08005277   Thumb Code    12  bll_motor.o(.text)
    Reverse_Run                              0x08005283   Thumb Code    14  bll_motor.o(.text)
    Stop                                     0x08005291   Thumb Code    12  bll_motor.o(.text)
    Brake                                    0x0800529d   Thumb Code    14  bll_motor.o(.text)
    Set_Acce_Time                            0x080052ab   Thumb Code    14  bll_motor.o(.text)
    Set_Dece_Time                            0x080052b9   Thumb Code    14  bll_motor.o(.text)
    Set_Speed                                0x080052c7   Thumb Code    14  bll_motor.o(.text)
    Set_Relative_Position                    0x080052d5   Thumb Code    14  bll_motor.o(.text)
    Set_Absolute_Position                    0x080052e3   Thumb Code    14  bll_motor.o(.text)
    Clear_Position                           0x080052f1   Thumb Code    12  bll_motor.o(.text)
    Check_Status                             0x0800530d   Thumb Code    34  bll_motor.o(.text)
    JODELL_STATUS                            0x0800532f   Thumb Code    16  bll_motor.o(.text)
    READ_JODELL_STATUS_1                     0x0800533f   Thumb Code    14  bll_motor.o(.text)
    READ_JODELL_STATUS_2                     0x0800534d   Thumb Code    14  bll_motor.o(.text)
    READ_JODELL_STATUS_NUMBER_1              0x0800535b   Thumb Code    12  bll_motor.o(.text)
    READ_JODELL_STATUS_NUMBER_2              0x08005367   Thumb Code    12  bll_motor.o(.text)
    READ_JODELL_STATUS_3                     0x08005373   Thumb Code    14  bll_motor.o(.text)
    Check_JODELL_STATUS_OPEN_CLOSE           0x08005381   Thumb Code    46  bll_motor.o(.text)
    JODELL_OPEN_CLOSE_ACTIVETION             0x080053af   Thumb Code    36  bll_motor.o(.text)
    BLL_Roll_ClearFlag                       0x080053e5   Thumb Code     8  bll_tocase.o(.text)
    delay_s                                  0x08005401   Thumb Code    26  bll_tocase.o(.text)
    WaitRolling                              0x0800541b   Thumb Code   120  bll_tocase.o(.text)
    BLL_Roll_Execute                         0x08005493   Thumb Code   286  bll_tocase.o(.text)
    SWTICH1_INT_HANDLER                      0x080055b1   Thumb Code    40  bll_tocase.o(.text)
    SWTICH2_INT_HANDLER                      0x080055d9   Thumb Code    70  bll_tocase.o(.text)
    SWTICH3_INT_HANDLER                      0x0800561f   Thumb Code    40  bll_tocase.o(.text)
    __use_no_semihosting                     0x0800566d   Thumb Code     2  use_no_semi_2.o(.text)
    __aeabi_memcpy                           0x0800566f   Thumb Code     0  rt_memcpy_v6.o(.text)
    __rt_memcpy                              0x0800566f   Thumb Code   138  rt_memcpy_v6.o(.text)
    _memcpy_lastbytes                        0x080056d5   Thumb Code     0  rt_memcpy_v6.o(.text)
    __aeabi_memclr                           0x080056f9   Thumb Code     0  rt_memclr.o(.text)
    __rt_memclr                              0x080056f9   Thumb Code    68  rt_memclr.o(.text)
    _memset                                  0x080056fd   Thumb Code     0  rt_memclr.o(.text)
    __use_two_region_memory                  0x0800573d   Thumb Code     2  heapauxi.o(.text)
    __rt_heap_escrow$2region                 0x0800573f   Thumb Code     2  heapauxi.o(.text)
    __rt_heap_expand$2region                 0x08005741   Thumb Code     2  heapauxi.o(.text)
    __I$use$semihosting                      0x08005743   Thumb Code     0  use_no_semi.o(.text)
    __use_no_semihosting_swi                 0x08005743   Thumb Code     2  use_no_semi.o(.text)
    __aeabi_memcpy4                          0x08005745   Thumb Code     0  rt_memcpy_w.o(.text)
    __aeabi_memcpy8                          0x08005745   Thumb Code     0  rt_memcpy_w.o(.text)
    __rt_memcpy_w                            0x08005745   Thumb Code   100  rt_memcpy_w.o(.text)
    _memcpy_lastbytes_aligned                0x0800578d   Thumb Code     0  rt_memcpy_w.o(.text)
    __aeabi_memclr4                          0x080057a9   Thumb Code     0  rt_memclr_w.o(.text)
    __aeabi_memclr8                          0x080057a9   Thumb Code     0  rt_memclr_w.o(.text)
    __rt_memclr_w                            0x080057a9   Thumb Code    78  rt_memclr_w.o(.text)
    _memset_w                                0x080057ad   Thumb Code     0  rt_memclr_w.o(.text)
    __user_setup_stackheap                   0x080057f7   Thumb Code    74  sys_stackheap_outer.o(.text)
    exit                                     0x08005841   Thumb Code    18  exit.o(.text)
    __user_libspace                          0x08005855   Thumb Code     8  libspace.o(.text)
    __user_perproc_libspace                  0x08005855   Thumb Code     0  libspace.o(.text)
    __user_perthread_libspace                0x08005855   Thumb Code     0  libspace.o(.text)
    _fp_init                                 0x0800585d   Thumb Code    10  fpinit.o(x$fpl$fpinit)
    __fplib_config_fpu_vfp                   0x08005865   Thumb Code     0  fpinit.o(x$fpl$fpinit)
    __fplib_config_pureend_doubles           0x08005865   Thumb Code     0  fpinit.o(x$fpl$fpinit)
    Region$$Table$$Base                      0x08005a8c   Number         0  anon$$obj.o(Region$$Table)
    Region$$Table$$Limit                     0x08005aac   Number         0  anon$$obj.o(Region$$Table)
    MOTOR_ADDRESS                            0x20000000   Data           1  main.o(.data)
    JODELL_MOTOR_ADDRESS                     0x20000001   Data           1  main.o(.data)
    IsJumpIAP                                0x20000002   Data           1  main.o(.data)
    SystemCoreClock                          0x20000004   Data           4  system_gd32f4xx.o(.data)
    __stdout                                 0x2000000c   Data           4  usart.o(.data)
    Master_State                             0x20000016   Data           1  modbus_master.o(.data)
    USART_RX_STA                             0x2000001a   Data           2  modbus_master.o(.data)
    Reg_4x_0                                 0x2000001c   Data          20  modbus_save_data.o(.data)
    Reg_Regions                              0x20000030   Data          28  modbus_save_data.o(.data)
    Current_Trigger                          0x20000054   Data           1  bll_main.o(.data)
    jump_to_app                              0x20000058   Data           4  bll_main.o(.data)
    app_addr                                 0x2000005c   Data           4  bll_main.o(.data)
    Master_Receive_Buff                      0x2000056c   Data         200  modbus_master.o(.bss)
    Reg_4x_1                                 0x20000634   Data          36  modbus_save_data.o(.bss)
    Reg_4x_2                                 0x20000658   Data          10  modbus_save_data.o(.bss)
    Reg_4x_3                                 0x20000662   Data          22  modbus_save_data.o(.bss)
    Reg_4x_4                                 0x20000678   Data          26  modbus_save_data.o(.bss)
    Reg_4x_5                                 0x20000692   Data          16  modbus_save_data.o(.bss)
    Reg_4x_6                                 0x200006a2   Data         200  modbus_save_data.o(.bss)
    ParamShadow                              0x2000076a   Data          22  bll_main.o(.bss)
    __libspace_start                         0x20000780   Data          96  libspace.o(.bss)
    __temporary_stack_top$libspace           0x200007e0   Data           0  libspace.o(.bss)



==============================================================================

Memory Map of the image

  Image Entry point : 0x08000181

  Load Region LR_IROM1 (Base: 0x08000000, Size: 0x00005b18, Max: 0x00080000, ABSOLUTE)

    Execution Region ER_IROM1 (Exec base: 0x08000000, Load base: 0x08000000, Size: 0x00005aac, Max: 0x00080000, ABSOLUTE)

    Exec Addr    Load Addr    Size         Type   Attr      Idx    E Section Name        Object

    0x08000000   0x08000000   0x00000180   Data   RO          222    RESET               startup_gd32f407.o
    0x08000180   0x08000180   0x00000008   Code   RO         1095  * !!!main             c_w.l(__main.o)
    0x08000188   0x08000188   0x00000034   Code   RO         1267    !!!scatter          c_w.l(__scatter.o)
    0x080001bc   0x080001bc   0x0000001a   Code   RO         1269    !!handler_copy      c_w.l(__scatter_copy.o)
    0x080001d6   0x080001d6   0x00000002   PAD
    0x080001d8   0x080001d8   0x0000001c   Code   RO         1271    !!handler_zi        c_w.l(__scatter_zi.o)
    0x080001f4   0x080001f4   0x00000002   Code   RO         1141    .ARM.Collect$$libinit$$00000000  c_w.l(libinit.o)
    0x080001f6   0x080001f6   0x00000004   Code   RO         1147    .ARM.Collect$$libinit$$00000001  c_w.l(libinit2.o)
    0x080001fa   0x080001fa   0x00000000   Code   RO         1150    .ARM.Collect$$libinit$$00000004  c_w.l(libinit2.o)
    0x080001fa   0x080001fa   0x00000000   Code   RO         1153    .ARM.Collect$$libinit$$0000000A  c_w.l(libinit2.o)
    0x080001fa   0x080001fa   0x00000000   Code   RO         1155    .ARM.Collect$$libinit$$0000000C  c_w.l(libinit2.o)
    0x080001fa   0x080001fa   0x00000000   Code   RO         1157    .ARM.Collect$$libinit$$0000000E  c_w.l(libinit2.o)
    0x080001fa   0x080001fa   0x00000000   Code   RO         1160    .ARM.Collect$$libinit$$00000011  c_w.l(libinit2.o)
    0x080001fa   0x080001fa   0x00000000   Code   RO         1162    .ARM.Collect$$libinit$$00000013  c_w.l(libinit2.o)
    0x080001fa   0x080001fa   0x00000000   Code   RO         1164    .ARM.Collect$$libinit$$00000015  c_w.l(libinit2.o)
    0x080001fa   0x080001fa   0x00000000   Code   RO         1166    .ARM.Collect$$libinit$$00000017  c_w.l(libinit2.o)
    0x080001fa   0x080001fa   0x00000000   Code   RO         1168    .ARM.Collect$$libinit$$00000019  c_w.l(libinit2.o)
    0x080001fa   0x080001fa   0x00000000   Code   RO         1170    .ARM.Collect$$libinit$$0000001B  c_w.l(libinit2.o)
    0x080001fa   0x080001fa   0x00000000   Code   RO         1172    .ARM.Collect$$libinit$$0000001D  c_w.l(libinit2.o)
    0x080001fa   0x080001fa   0x00000000   Code   RO         1174    .ARM.Collect$$libinit$$0000001F  c_w.l(libinit2.o)
    0x080001fa   0x080001fa   0x00000000   Code   RO         1176    .ARM.Collect$$libinit$$00000021  c_w.l(libinit2.o)
    0x080001fa   0x080001fa   0x00000000   Code   RO         1178    .ARM.Collect$$libinit$$00000023  c_w.l(libinit2.o)
    0x080001fa   0x080001fa   0x00000000   Code   RO         1180    .ARM.Collect$$libinit$$00000025  c_w.l(libinit2.o)
    0x080001fa   0x080001fa   0x00000000   Code   RO         1184    .ARM.Collect$$libinit$$0000002C  c_w.l(libinit2.o)
    0x080001fa   0x080001fa   0x00000000   Code   RO         1186    .ARM.Collect$$libinit$$0000002E  c_w.l(libinit2.o)
    0x080001fa   0x080001fa   0x00000000   Code   RO         1188    .ARM.Collect$$libinit$$00000030  c_w.l(libinit2.o)
    0x080001fa   0x080001fa   0x00000000   Code   RO         1190    .ARM.Collect$$libinit$$00000032  c_w.l(libinit2.o)
    0x080001fa   0x080001fa   0x00000002   Code   RO         1191    .ARM.Collect$$libinit$$00000033  c_w.l(libinit2.o)
    0x080001fc   0x080001fc   0x00000002   Code   RO         1209    .ARM.Collect$$libshutdown$$00000000  c_w.l(libshutdown.o)
    0x080001fe   0x080001fe   0x00000000   Code   RO         1219    .ARM.Collect$$libshutdown$$00000002  c_w.l(libshutdown2.o)
    0x080001fe   0x080001fe   0x00000000   Code   RO         1221    .ARM.Collect$$libshutdown$$00000004  c_w.l(libshutdown2.o)
    0x080001fe   0x080001fe   0x00000000   Code   RO         1224    .ARM.Collect$$libshutdown$$00000007  c_w.l(libshutdown2.o)
    0x080001fe   0x080001fe   0x00000000   Code   RO         1227    .ARM.Collect$$libshutdown$$0000000A  c_w.l(libshutdown2.o)
    0x080001fe   0x080001fe   0x00000000   Code   RO         1229    .ARM.Collect$$libshutdown$$0000000C  c_w.l(libshutdown2.o)
    0x080001fe   0x080001fe   0x00000000   Code   RO         1232    .ARM.Collect$$libshutdown$$0000000F  c_w.l(libshutdown2.o)
    0x080001fe   0x080001fe   0x00000002   Code   RO         1233    .ARM.Collect$$libshutdown$$00000010  c_w.l(libshutdown2.o)
    0x08000200   0x08000200   0x00000000   Code   RO         1099    .ARM.Collect$$rtentry$$00000000  c_w.l(__rtentry.o)
    0x08000200   0x08000200   0x00000000   Code   RO         1110    .ARM.Collect$$rtentry$$00000002  c_w.l(__rtentry2.o)
    0x08000200   0x08000200   0x00000006   Code   RO         1122    .ARM.Collect$$rtentry$$00000004  c_w.l(__rtentry4.o)
    0x08000206   0x08000206   0x00000000   Code   RO         1112    .ARM.Collect$$rtentry$$00000009  c_w.l(__rtentry2.o)
    0x08000206   0x08000206   0x00000004   Code   RO         1113    .ARM.Collect$$rtentry$$0000000A  c_w.l(__rtentry2.o)
    0x0800020a   0x0800020a   0x00000000   Code   RO         1115    .ARM.Collect$$rtentry$$0000000C  c_w.l(__rtentry2.o)
    0x0800020a   0x0800020a   0x00000008   Code   RO         1116    .ARM.Collect$$rtentry$$0000000D  c_w.l(__rtentry2.o)
    0x08000212   0x08000212   0x00000002   Code   RO         1145    .ARM.Collect$$rtexit$$00000000  c_w.l(rtexit.o)
    0x08000214   0x08000214   0x00000000   Code   RO         1193    .ARM.Collect$$rtexit$$00000002  c_w.l(rtexit2.o)
    0x08000214   0x08000214   0x00000004   Code   RO         1194    .ARM.Collect$$rtexit$$00000003  c_w.l(rtexit2.o)
    0x08000218   0x08000218   0x00000006   Code   RO         1195    .ARM.Collect$$rtexit$$00000004  c_w.l(rtexit2.o)
    0x0800021e   0x0800021e   0x00000002   PAD
    0x08000220   0x08000220   0x00000024   Code   RO            3    .text               main.o
    0x08000244   0x08000244   0x00000022   Code   RO          173    .text               gd32f4xx_it.o
    0x08000266   0x08000266   0x00000002   PAD
    0x08000268   0x08000268   0x000002f0   Code   RO          196    .text               system_gd32f4xx.o
    0x08000558   0x08000558   0x00000040   Code   RO          223    .text               startup_gd32f407.o
    0x08000598   0x08000598   0x00000144   Code   RO          229    .text               gd32f4xx_misc.o
    0x080006dc   0x080006dc   0x00000a7e   Code   RO          272    .text               gd32f4xx_dma.o
    0x0800115a   0x0800115a   0x00000002   PAD
    0x0800115c   0x0800115c   0x00000164   Code   RO          292    .text               gd32f4xx_exti.o
    0x080012c0   0x080012c0   0x00000630   Code   RO          312    .text               gd32f4xx_fmc.o
    0x080018f0   0x080018f0   0x00000220   Code   RO          332    .text               gd32f4xx_gpio.o
    0x08001b10   0x08001b10   0x00000108   Code   RO          352    .text               gd32f4xx_fwdgt.o
    0x08001c18   0x08001c18   0x000008c4   Code   RO          372    .text               gd32f4xx_rcu.o
    0x080024dc   0x080024dc   0x0000013c   Code   RO          392    .text               gd32f4xx_syscfg.o
    0x08002618   0x08002618   0x00000e54   Code   RO          412    .text               gd32f4xx_timer.o
    0x0800346c   0x0800346c   0x000005ce   Code   RO          432    .text               gd32f4xx_usart.o
    0x08003a3a   0x08003a3a   0x00000002   PAD
    0x08003a3c   0x08003a3c   0x00000114   Code   RO          473    .text               delay.o
    0x08003b50   0x08003b50   0x000001c8   Code   RO          513    .text               timer.o
    0x08003d18   0x08003d18   0x0000031c   Code   RO          539    .text               usart.o
    0x08004034   0x08004034   0x0000015c   Code   RO          570    .text               gpio.o
    0x08004190   0x08004190   0x000001e4   Code   RO          594    .text               exti.o
    0x08004374   0x08004374   0x00000028   Code   RO          619    .text               iwdg.o
    0x0800439c   0x0800439c   0x000003d0   Code   RO          714    .text               modbus_slave.o
    0x0800476c   0x0800476c   0x00000598   Code   RO          743    .text               modbus_master.o
    0x08004d04   0x08004d04   0x00000020   Code   RO          776    .text               modbus_save_data.o
    0x08004d24   0x08004d24   0x00000328   Code   RO          803    .text               bll_main.o
    0x0800504c   0x0800504c   0x00000126   Code   RO          853    .text               bll_adapter.o
    0x08005172   0x08005172   0x00000002   PAD
    0x08005174   0x08005174   0x00000088   Code   RO          880    .text               bll_backzero.o
    0x080051fc   0x080051fc   0x00000054   Code   RO          906    .text               bll_eeprom.o
    0x08005250   0x08005250   0x00000194   Code   RO          928    .text               bll_motor.o
    0x080053e4   0x080053e4   0x00000288   Code   RO          951    .text               bll_tocase.o
    0x0800566c   0x0800566c   0x00000002   Code   RO         1036    .text               c_w.l(use_no_semi_2.o)
    0x0800566e   0x0800566e   0x0000008a   Code   RO         1089    .text               c_w.l(rt_memcpy_v6.o)
    0x080056f8   0x080056f8   0x00000044   Code   RO         1091    .text               c_w.l(rt_memclr.o)
    0x0800573c   0x0800573c   0x00000006   Code   RO         1093    .text               c_w.l(heapauxi.o)
    0x08005742   0x08005742   0x00000002   Code   RO         1097    .text               c_w.l(use_no_semi.o)
    0x08005744   0x08005744   0x00000064   Code   RO         1105    .text               c_w.l(rt_memcpy_w.o)
    0x080057a8   0x080057a8   0x0000004e   Code   RO         1107    .text               c_w.l(rt_memclr_w.o)
    0x080057f6   0x080057f6   0x0000004a   Code   RO         1130    .text               c_w.l(sys_stackheap_outer.o)
    0x08005840   0x08005840   0x00000012   Code   RO         1134    .text               c_w.l(exit.o)
    0x08005852   0x08005852   0x00000002   PAD
    0x08005854   0x08005854   0x00000008   Code   RO         1142    .text               c_w.l(libspace.o)
    0x0800585c   0x0800585c   0x0000000a   Code   RO         1201    x$fpl$fpinit        fz_wm.l(fpinit.o)
    0x08005866   0x08005866   0x00000002   PAD
    0x08005868   0x08005868   0x0000001c   Data   RO          595    .constdata          exti.o
    0x08005884   0x08005884   0x00000205   Data   RO          716    .constdata          modbus_slave.o
    0x08005a89   0x08005a89   0x00000003   PAD
    0x08005a8c   0x08005a8c   0x00000020   Data   RO         1265    Region$$Table       anon$$obj.o


    Execution Region RW_IRAM1 (Exec base: 0x20000000, Load base: 0x08005aac, Size: 0x00000de0, Max: 0x00030000, ABSOLUTE)

    Exec Addr    Load Addr    Size         Type   Attr      Idx    E Section Name        Object

    0x20000000   0x08005aac   0x00000003   Data   RW            4    .data               main.o
    0x20000003   0x08005aaf   0x00000001   PAD
    0x20000004   0x08005ab0   0x00000004   Data   RW          197    .data               system_gd32f4xx.o
    0x20000008   0x08005ab4   0x00000004   Data   RW          474    .data               delay.o
    0x2000000c   0x08005ab8   0x00000005   Data   RW          541    .data               usart.o
    0x20000011   0x08005abd   0x00000001   PAD
    0x20000012   0x08005abe   0x00000004   Data   RW          717    .data               modbus_slave.o
    0x20000016   0x08005ac2   0x00000006   Data   RW          745    .data               modbus_master.o
    0x2000001c   0x08005ac8   0x00000037   Data   RW          778    .data               modbus_save_data.o
    0x20000053   0x08005aff   0x00000001   PAD
    0x20000054   0x08005b00   0x0000000c   Data   RW          805    .data               bll_main.o
    0x20000060   0x08005b0c   0x00000002   Data   RW          881    .data               bll_backzero.o
    0x20000062   0x08005b0e   0x00000001   Data   RW          907    .data               bll_eeprom.o
    0x20000063   0x08005b0f   0x00000002   Data   RW          929    .data               bll_motor.o
    0x20000065   0x08005b11   0x00000006   Data   RW          952    .data               bll_tocase.o
    0x2000006b   0x08005b17   0x00000001   PAD
    0x2000006c        -       0x00000100   Zero   RW          540    .bss                usart.o
    0x2000016c        -       0x00000400   Zero   RW          715    .bss                modbus_slave.o
    0x2000056c        -       0x000000c8   Zero   RW          744    .bss                modbus_master.o
    0x20000634        -       0x00000136   Zero   RW          777    .bss                modbus_save_data.o
    0x2000076a        -       0x00000016   Zero   RW          804    .bss                bll_main.o
    0x20000780        -       0x00000060   Zero   RW         1143    .bss                c_w.l(libspace.o)
    0x200007e0        -       0x00000200   Zero   RW          221    HEAP                startup_gd32f407.o
    0x200009e0        -       0x00000400   Zero   RW          220    STACK               startup_gd32f407.o


==============================================================================

Image component sizes


      Code (inc. data)   RO Data    RW Data    ZI Data      Debug   Object Name

       294          0          0          0          0       2198   bll_adapter.o
       136         14          0          2          0       2090   bll_backzero.o
        84          6          0          1          0       1630   bll_eeprom.o
       808         66          0         12         22      33223   bll_main.o
       404         18          0          2          0       4781   bll_motor.o
       648         38          0          6          0       3610   bll_tocase.o
       276         10          0          4          0       1365   delay.o
       484         14         28          0          0       2494   exti.o
      2686          8          0          0          0      10438   gd32f4xx_dma.o
       356          4          0          0          0       2649   gd32f4xx_exti.o
      1584         34          0          0          0       8472   gd32f4xx_fmc.o
       264         10          0          0          0       2306   gd32f4xx_fwdgt.o
       544         10          0          0          0       4282   gd32f4xx_gpio.o
        34          0          0          0          0       1254   gd32f4xx_it.o
       324         20          0          0          0      15013   gd32f4xx_misc.o
      2244         74          0          0          0      11069   gd32f4xx_rcu.o
       316          4          0          0          0       2262   gd32f4xx_syscfg.o
      3668         42          0          0          0      19018   gd32f4xx_timer.o
      1486         14          0          0          0      12112   gd32f4xx_usart.o
       348         28          0          0          0        930   gpio.o
        40          0          0          0          0        710   iwdg.o
        36          4          0          3          0      82445   main.o
      1432         52          0          6        200       6090   modbus_master.o
        32          6          0         55        310       4788   modbus_save_data.o
       976         38        517          4       1024       5315   modbus_slave.o
        64         26        384          0       1536        844   startup_gd32f407.o
       752         54          0          4          0       2417   system_gd32f4xx.o
       456         16          0          0          0       2221   timer.o
       796         30          0          5        256       5317   usart.o

    ----------------------------------------------------------------------
     21580        640        964        108       3348     251343   Object Totals
         0          0         32          0          0          0   (incl. Generated)
         8          0          3          4          0          0   (incl. Padding)

    ----------------------------------------------------------------------

      Code (inc. data)   RO Data    RW Data    ZI Data      Debug   Library Member Name

         8          0          0          0          0         68   __main.o
         0          0          0          0          0          0   __rtentry.o
        12          0          0          0          0          0   __rtentry2.o
         6          0          0          0          0          0   __rtentry4.o
        52          8          0          0          0          0   __scatter.o
        26          0          0          0          0          0   __scatter_copy.o
        28          0          0          0          0          0   __scatter_zi.o
        18          0          0          0          0         80   exit.o
         6          0          0          0          0        152   heapauxi.o
         2          0          0          0          0          0   libinit.o
         6          0          0          0          0          0   libinit2.o
         2          0          0          0          0          0   libshutdown.o
         2          0          0          0          0          0   libshutdown2.o
         8          4          0          0         96         68   libspace.o
        68          0          0          0          0         68   rt_memclr.o
        78          0          0          0          0         80   rt_memclr_w.o
       138          0          0          0          0         68   rt_memcpy_v6.o
       100          0          0          0          0         80   rt_memcpy_w.o
         2          0          0          0          0          0   rtexit.o
        10          0          0          0          0          0   rtexit2.o
        74          0          0          0          0         80   sys_stackheap_outer.o
         2          0          0          0          0         68   use_no_semi.o
         2          0          0          0          0         68   use_no_semi_2.o
        10          0          0          0          0        116   fpinit.o

    ----------------------------------------------------------------------
       668         12          0          0         96        996   Library Totals
         8          0          0          0          0          0   (incl. Padding)

    ----------------------------------------------------------------------

      Code (inc. data)   RO Data    RW Data    ZI Data      Debug   Library Name

       650         12          0          0         96        880   c_w.l
        10          0          0          0          0        116   fz_wm.l

    ----------------------------------------------------------------------
       668         12          0          0         96        996   Library Totals

    ----------------------------------------------------------------------

==============================================================================


      Code (inc. data)   RO Data    RW Data    ZI Data      Debug   

     22248        652        964        108       3444     246275   Grand Totals
     22248        652        964        108       3444     246275   ELF Image Totals
     22248        652        964        108          0          0   ROM Totals

==============================================================================

    Total RO  Size (Code + RO Data)                23212 (  22.67kB)
    Total RW  Size (RW Data + ZI Data)              3552 (   3.47kB)
    Total ROM Size (Code + RO Data + RW Data)      23320 (  22.77kB)

==============================================================================

